哀江头	ai jiang tou	1
哀弱羽之飘零	ai ruo yu zhi piao ling	1
哀王孙	ai wang sun	1
哀哉王孙慎勿疏	ai zai wang sun shen wu shu	1
唉乃一声山水绿	ai nai yi sheng shan shui lv	1
安禅制毒龙	an chan zhi du long	1
安得至老不更归	an de zhi lao bu geng gui	1
安能摧眉折腰事权贵	an neng cui mei zhe yao shi quan gui	1
安能以此上论列	an neng yi ci shang lun lie	1
安知峰壑今来变	an zhi feng he jin lai bian	1
安置妥帖平不颇	an zhi tuo tie ping bu po	1
黯黯见临洮	an an jian lin tao	1
八月湖水平	ba yue hu shui ping	1
八月蝴蝶来	ba yue hu die lai	1
八月十五夜赠张功曹	ba yue shi wu ye zeng zhang gong cao	1
八月萧关道	ba yue xiao guan dao	1
八阵图	ba zhen tu	1
巴人讼芋田	ba ren song yu tian	1
巴山道中除夜有怀	ba shan dao zhong chu ye you huai	1
芭蕉叶大栀子肥	ba jiao ye da zhi zi fei	1
拔剑四顾心茫然	ba jian si gu xin mang ran	1
把剑觅徐君	ba jian mi xu jun	1
把酒话桑麻	ba jiu hua sang ma	1
罢官昨日今如何	ba guan zuo ri jin ru he	1
罢归无旧业	ba gui wu jiu ye	1
罢如江海凝清光	ba ru jiang hai ning qing guang	1
灞上秋居	ba shang qiu ju	1
灞原风雨定	ba yuan feng yu ding	1
白波九道流雪山	bai bo jiu dao liu xue shan	1
白帝城边古木疏	bai di cheng bian gu mu shu	1
白发悲花落	bai fa bei hua luo	1
白发催年老	bai fa cui nian lao	1
白骨乱蓬蒿	bai gu luan peng hao	1
白居易	bai ju yi	1
白狼河北音书断	bai lang he bei yin shu duan	1
白马嚼啮黄金勒	bai ma jiao nie huang jin le	1
白门寥落意多违	bai men liao luo yi duo wei	1
白日登山望烽火	bai ri deng shan wang feng huo	1
白日放歌须纵酒	bai ri fang ge xu zong jiu	1
白日落梁州	bai ri luo liang zhou	1
白日依山尽	bai ri yi shan jin	1
白首卧松云	bai shou wo song yun	1
白水绕东城	bai shui rao dong cheng	1
白头宫女在	bai tou gong nv zai	1
白头搔更短	bai tou sao geng duan	1
白雪歌送武判官归京	bai xue ge song wu pan guan gui jing	1
白云回望合	bai yun hui wang he	1
白云千载空悠悠	bai yun qian zai kong you you	1
白云无尽时	bai yun wu jin shi	1
白云依静渚	bai yun yi jing zhu	1
百步九折萦岩峦	bai bu jiu zhe ying yan luan	1
百年都是几多时	bai nian dou shi ji duo shi	1
百年多病独登台	bai nian duo bing du deng tai	1
斑骓只系垂杨岸	ban zhui zhi xi chui yang an	1
半壁见海日	ban bi jian hai ri	1
半夜军行戈相拨	ban ye jun xing ge xiang bo	1
傍邻闻者多叹息	bang lin wen zhe duo tan xi	1
褒公鄂公毛发动	bao gong e gong mao fa dong	1
薄宦梗犹泛	bo huan geng you fan	1
薄暮空潭曲	bo mu kong tan qu	1
薄暮渔樵乘水入	bo mu yu qiao cheng shui ru	1
宝扇迎归九华帐	bao shan ying gui jiu hua zhang	1
报答平生未展眉	bao da ping sheng wei zhan mei	1
报到山中去	bao dao shan zhong qu	1
报得三春辉	bao de san chun hui	1
碑高三丈字如斗	bei gao san zhang zi ru dou	1
北斗兼春远	bei dou jian chun yuan	1
北斗阑干南斗斜	bei dou lan gan nan dou xie	1
北斗七星高	bei dou qi xing gao	1
北风江上寒	bei feng jiang shang han	1
北风卷地白草折	bei feng juan di bai cao zhe	1
北极朝庭终不改	bei ji chao ting zhong bu gai	1
北青萝	bei qing luo	1
北阙休上书	bei que xiu shang shu	1
北山白云里	bei shan bai yun li	1
北土非吾愿	bei tu fei wu yuan	1
背后何所见	bei hou he suo jian	1
被驱不异犬与鸡	bei qu bu yi quan yu ji	1
奔凑如朝东	ben cou ru chao dong	1
奔流到海不复回	ben liu dao hai bu fu hui	1
本以高难饱	ben yi gao nan bao	1
本长安倡女	ben chang an chang nv	1
崩年亦在永安宫	beng nian yi zai yong an gong	1
迸泉飒飒飞木末	beng quan sa sa fei mu mo	1
彼何人哉轩与羲	bi he ren zai xuan yu xi	1
碧文圆顶夜深缝	bi wen yuan ding ye shen feng	1
边亭流血成海水	bian ting liu xue cheng hai shui	1
边庭飘摇那可度	bian ting piao yao na ke du	1
变调如闻杨柳春	bian diao ru wen yang liu chun	1
便下襄阳向洛阳	bian xia xiang yang xiang luo yang	1
便至四十西营田	bian zhi si shi xi ying tian	1
遍插茱萸少一人	bian cha zhu yu shao yi ren	1
遍饮坐者	bian yin zuo zhe	1
表曰臣愈昧死上	biao yue chen yu mei si shang	1
别房太尉墓	bie fang tai wei mu	1
别来沧海事	bie lai cang hai shi	1
别离在今晨	bie li zai jin chen	1
别时茫茫江浸月	bie shi mang mang jiang jin yue	1
别意与之谁短长	bie yi yu zhi shui duan chang	1
别有幽愁暗恨生	bie you you chou an hen sheng	1
宾从杂沓实要津	bin cong za ta shi yao jin	1
鬓发各已苍	bin fa ge yi cang	1
鬓丝生几缕	bin si sheng ji lv	1
冰崖转石万壑雷	bing ya zhuan shi wan he lei	1
兵车行	bing che xing	1
兵卫森画戟	bing wei sen hua ji	1
柄任儒术崇丘轲	bing ren ru shu chong qiu ke	1
禀君子	bing jun zi	1
波撼岳阳城	bo han yue yang cheng	1
波澜动远空	bo lan dong yuan kong	1
波澜誓不起	bo lan shi bu qi	1
波上马嘶看棹去	bo shang ma si kan zhao qu	1
伯仲之间见伊吕	bo zhong zhi jian jian yi lv	1
不哀伤而自怨	bu ai shang er zi yuan	1
不把双眉斗画长	bu ba shuang mei dou hua chang	1
不辨仙源何处寻	bu bian xian yuan he chu xun	1
不才明主弃	bu cai ming zhu qi	1
不得到辽西	bu de dao liao xi	1
不得顾采薇	bu de gu cai wei	1
不得收骨肉	bu de shou gu rou	1
不犯此	bu fan ci	1
不敢过临洮	bu gan guo lin tao	1
不敢问来人	bu gan wen lai ren	1
不敢倚先贤	bu gan yi xian xian	1
不敢长语临交衢	bu gan chang yu lin jiao qu	1
不见玉颜空死处	bu jian yu yan kong si chu	1
不见长安见尘雾	bu jian chang an jian chen wu	1
不尽长江滚滚来	bu jin chang jiang gun gun lai	1
不据山河据平地	bu ju shan he ju ping di	1
不觉碧山暮	bu jue bi shan mu	1
不觉已鸣鸦	bu jue yi ming ya	1
不堪人事日萧条	bu kan ren shi ri xiao tiao	1
不堪盈手赠	bu kan ying shou zeng	1
不肯低头在草莽	bu ken di tou zai cao mang	1
不露文章世已惊	bu lu wen zhang shi yi jing	1
不能废人运酒舫	bu neng fei ren yun jiu fang	1
不能听终泪如雨	bu neng ting zhong lei ru yu	1
不寝听金钥	bu qin ting jin yao	1
不是宸游玩物华	bu shi chen you wan wu hua	1
不似颍川空使酒	bu si ying chuan kong shi jiu	1
不惜珊瑚持与人	bu xi shan hu chi yu ren	1
不信妾肠断	bu xin qie chang duan	1
不疑灵境难闻见	bu yi ling jing nan wen jian	1
不以道昏而昧其视	bu yi dao hun er mei qi shi	1
不以俗厚而易其真	bu yi su hou er yi qi zhen	1
不知何处吹芦管	bu zhi he chu chui lu guan	1
不知香积寺	bu zhi xiang ji si	1
不知心恨谁	bu zhi xin hen shui	1
不重生男重生女	bu chong sheng nan chong sheng nv	1
不自著罗衣	bu zi zhu luo yi	1
步出东斋读	bu chu dong zhai du	1
步行夺得胡马骑	bu xing duo de hu ma qi	1
才薄将奈石鼓何	cai bo jiang nai shi gu he	1
才可容颜十五馀	cai ke rong yan shi wu yu	1
裁缝寄远道	cai feng ji yuan dao	1
采柏动盈掬	cai bai dong ying ju	1
采桑绿水边	cai sang lv shui bian	1
采山因买斧	cai shan yin mai fu	1
蔡女昔造胡笳声	cai nv xi zao hu jia sheng	1
参差连曲陌	cen ci lian qu mo	1
残宵犹得梦依稀	can xiao you de meng yi xi	1
残阳西入崦	can yang xi ru yan	1
残萤栖玉露	can ying qi yu lu	1
残月下章台	can yue xia zhang tai	1
残云归太华	can yun gui tai hua	1
残钟广陵树	can zhong guang ling shu	1
蚕丛及鱼凫	can cong ji yu fu	1
蚕饥妾欲去	can ji qie yu qu	1
蚕眠桑叶稀	can mian sang ye xi	1
沧海月明珠有泪	cang hai yue ming zhu you lei	1
沧江好烟月	cang jiang hao yan yue	1
沧江急夜流	cang jiang ji ye liu	1
苍苍横翠微	cang cang heng cui wei	1
苍苍竹林寺	cang cang zhu lin si	1
苍茫古木连穷巷	cang mang gu mu lian qiong xiang	1
苍茫云海间	cang mang yun hai jian	1
苍然满关中	cang ran man guan zhong	1
苍山夹乱流	cang shan jia luan liu	1
嘈嘈切切错杂弹	cao cao qie qie cuo za dan	1
草木有本心	cao mu you ben xin	1
草色新雨中	cao se xin yu zhong	1
侧见双翠鸟	ce jian shuang cui niao	1
侧身西望常咨嗟	ce shen xi wang chang zi jie	1
岑参	cen shen	1
岑夫子	cen fu zi	1
曾貌先帝照夜白	ceng mao xian di zhao ye bai	1
曾驱十万师	ceng qu shi wan shi	1
曾是寂寥金烬暗	ceng shi ji liao jin jin an	1
差池不相见	cha chi bu xiang jian	1
钗擘黄金合分钿	chai bo huang jin he fen dian	1
钗留一股合一扇	chai liu yi gu he yi shan	1
豺狼在邑龙在野	chai lang zai yi long zai ye	1
谗之天子言其私	chan zhi tian zi yan qi si	1
禅房花木深	chan fang hua mu shen	1
蝉鸣空桑林	chan ming kong sang lin	1
蝉休露满枝	chan xiu lu man zhi	1
单于猎火照狼山	chan yu lie huo zhao lang shan	1
单于夜遁逃	chan yu ye dun tao	1
单于已在金山西	chan yu yi zai jin shan xi	1
泊秦淮	bo qin huai	1
