哀江头	1	ai jiang tou
唉乃一声山水绿	1	ai nai yi sheng shan shui lv
哀弱羽之飘零	1	ai ruo yu zhi piao ling
哀王孙	1	ai wang sun
哀哉王孙慎勿疏	1	ai zai wang sun shen wu shu
黯黯见临洮	1	an an jian lin tao
安禅制毒龙	1	an chan zhi du long
安得至老不更归	1	an de zhi lao bu geng gui
安能摧眉折腰事权贵	1	an neng cui mei zhe yao shi quan gui
安能以此上论列	1	an neng yi ci shang lun lie
安知峰壑今来变	1	an zhi feng he jin lai bian
安置妥帖平不颇	1	an zhi tuo tie ping bu po
罢官昨日今如何	1	ba guan zuo ri jin ru he
罢归无旧业	1	ba gui wu jiu ye
把剑觅徐君	1	ba jian mi xu jun
拔剑四顾心茫然	1	ba jian si gu xin mang ran
芭蕉叶大栀子肥	1	ba jiao ye da zhi zi fei
把酒话桑麻	1	ba jiu hua sang ma
巴人讼芋田	1	ba ren song yu tian
罢如江海凝清光	1	ba ru jiang hai ning qing guang
巴山道中除夜有怀	1	ba shan dao zhong chu ye you huai
灞上秋居	1	ba shang qiu ju
灞原风雨定	1	ba yuan feng yu ding
八月蝴蝶来	1	ba yue hu die lai
八月湖水平	1	ba yue hu shui ping
八月十五夜赠张功曹	1	ba yue shi wu ye zeng zhang gong cao
八月萧关道	1	ba yue xiao guan dao
八阵图	1	ba zhen tu
白波九道流雪山	1	bai bo jiu dao liu xue shan
百步九折萦岩峦	1	bai bu jiu zhe ying yan luan
白帝城边古木疏	1	bai di cheng bian gu mu shu
白发悲花落	1	bai fa bei hua luo
白发催年老	1	bai fa cui nian lao
白骨乱蓬蒿	1	bai gu luan peng hao
白居易	1	bai ju yi
白狼河北音书断	1	bai lang he bei yin shu duan
白马嚼啮黄金勒	1	bai ma jiao nie huang jin le
白门寥落意多违	1	bai men liao luo yi duo wei
百年都是几多时	1	bai nian dou shi ji duo shi
百年多病独登台	1	bai nian duo bing du deng tai
白日登山望烽火	1	bai ri deng shan wang feng huo
白日放歌须纵酒	1	bai ri fang ge xu zong jiu
白日落梁州	1	bai ri luo liang zhou
白日依山尽	1	bai ri yi shan jin
白首卧松云	1	bai shou wo song yun
白水绕东城	1	bai shui rao dong cheng
白头宫女在	1	bai tou gong nv zai
白头搔更短	1	bai tou sao geng duan
白雪歌送武判官归京	1	bai xue ge song wu pan guan gui jing
白云回望合	1	bai yun hui wang he
白云千载空悠悠	1	bai yun qian zai kong you you
白云无尽时	1	bai yun wu jin shi
白云依静渚	1	bai yun yi jing zhu
半壁见海日	1	ban bi jian hai ri
半夜军行戈相拨	1	ban ye jun xing ge xiang bo
斑骓只系垂杨岸	1	ban zhui zhi xi chui yang an
傍邻闻者多叹息	1	bang lin wen zhe duo tan xi
报答平生未展眉	1	bao da ping sheng wei zhan mei
报到山中去	1	bao dao shan zhong qu
报得三春辉	1	bao de san chun hui
褒公鄂公毛发动	1	bao gong e gong mao fa dong
宝扇迎归九华帐	1	bao shan ying gui jiu hua zhang
北斗兼春远	1	bei dou jian chun yuan
北斗阑干南斗斜	1	bei dou lan gan nan dou xie
北斗七星高	1	bei dou qi xing gao
北风江上寒	1	bei feng jiang shang han
北风卷地白草折	1	bei feng juan di bai cao zhe
碑高三丈字如斗	1	bei gao san zhang zi ru dou
背后何所见	1	bei hou he suo jian
北极朝庭终不改	1	bei ji chao ting zhong bu gai
北青萝	1	bei qing luo
被驱不异犬与鸡	1	bei qu bu yi quan yu ji
北阙休上书	1	bei que xiu shang shu
北山白云里	1	bei shan bai yun li
北土非吾愿	1	bei tu fei wu yuan
本长安倡女	1	ben chang an chang nv
奔凑如朝东	1	ben cou ru chao dong
奔流到海不复回	1	ben liu dao hai bu fu hui
本以高难饱	1	ben yi gao nan bao
崩年亦在永安宫	1	beng nian yi zai yong an gong
迸泉飒飒飞木末	1	beng quan sa sa fei mu mo
彼何人哉轩与羲	1	bi he ren zai xuan yu xi
碧文圆顶夜深缝	1	bi wen yuan ding ye shen feng
遍插茱萸少一人	1	bian cha zhu yu shao yi ren
变调如闻杨柳春	1	bian diao ru wen yang liu chun
边亭流血成海水	1	bian ting liu xue cheng hai shui
边庭飘摇那可度	1	bian ting piao yao na ke du
便下襄阳向洛阳	1	bian xia xiang yang xiang luo yang
遍饮坐者	1	bian yin zuo zhe
便至四十西营田	1	bian zhi si shi xi ying tian
表曰臣愈昧死上	1	biao yue chen yu mei si shang
别房太尉墓	1	bie fang tai wei mu
别来沧海事	1	bie lai cang hai shi
别离在今晨	1	bie li zai jin chen
别时茫茫江浸月	1	bie shi mang mang jiang jin yue
别意与之谁短长	1	bie yi yu zhi shui duan chang
别有幽愁暗恨生	1	bie you you chou an hen sheng
宾从杂沓实要津	1	bin cong za ta shi yao jin
鬓发各已苍	1	bin fa ge yi cang
鬓丝生几缕	1	bin si sheng ji lv
兵车行	1	bing che xing
禀君子	1	bing jun zi
柄任儒术崇丘轲	1	bing ren ru shu chong qiu ke
兵卫森画戟	1	bing wei sen hua ji
冰崖转石万壑雷	1	bing ya zhuan shi wan he lei
波撼岳阳城	1	bo han yue yang cheng
薄宦梗犹泛	1	bo huan geng you fan
波澜动远空	1	bo lan dong yuan kong
波澜誓不起	1	bo lan shi bu qi
薄暮空潭曲	1	bo mu kong tan qu
薄暮渔樵乘水入	1	bo mu yu qiao cheng shui ru
泊秦淮	1	bo qin huai
波上马嘶看棹去	1	bo shang ma si kan zhao qu
伯仲之间见伊吕	1	bo zhong zhi jian jian yi lv
不哀伤而自怨	1	bu ai shang er zi yuan
不把双眉斗画长	1	bu ba shuang mei dou hua chang
不辨仙源何处寻	1	bu bian xian yuan he chu xun
不才明主弃	1	bu cai ming zhu qi
不重生男重生女	1	bu chong sheng nan chong sheng nv
步出东斋读	1	bu chu dong zhai du
不得到辽西	1	bu de dao liao xi
不得顾采薇	1	bu de gu cai wei
不得收骨肉	1	bu de shou gu rou
不犯此	1	bu fan ci
不敢长语临交衢	1	bu gan chang yu lin jiao qu
不敢过临洮	1	bu gan guo lin tao
不敢问来人	1	bu gan wen lai ren
不敢倚先贤	1	bu gan yi xian xian
不见长安见尘雾	1	bu jian chang an jian chen wu
不见玉颜空死处	1	bu jian yu yan kong si chu
不尽长江滚滚来	1	bu jin chang jiang gun gun lai
不据山河据平地	1	bu ju shan he ju ping di
不觉碧山暮	1	bu jue bi shan mu
不觉已鸣鸦	1	bu jue yi ming ya
不堪人事日萧条	1	bu kan ren shi ri xiao tiao
不堪盈手赠	1	bu kan ying shou zeng
不肯低头在草莽	1	bu ken di tou zai cao mang
不露文章世已惊	1	bu lu wen zhang shi yi jing
不能废人运酒舫	1	bu neng fei ren yun jiu fang
不能听终泪如雨	1	bu neng ting zhong lei ru yu
不寝听金钥	1	bu qin ting jin yao
不是宸游玩物华	1	bu shi chen you wan wu hua
不似颍川空使酒	1	bu si ying chuan kong shi jiu
不惜珊瑚持与人	1	bu xi shan hu chi yu ren
不信妾肠断	1	bu xin qie chang duan
步行夺得胡马骑	1	bu xing duo de hu ma qi
不以道昏而昧其视	1	bu yi dao hun er mei qi shi
不疑灵境难闻见	1	bu yi ling jing nan wen jian
不以俗厚而易其真	1	bu yi su hou er yi qi zhen
不知何处吹芦管	1	bu zhi he chu chui lu guan
不知香积寺	1	bu zhi xiang ji si
不知心恨谁	1	bu zhi xin hen shui
不自著罗衣	1	bu zi zhu luo yi
采柏动盈掬	1	cai bai dong ying ju
才薄将奈石鼓何	1	cai bo jiang nai shi gu he
裁缝寄远道	1	cai feng ji yuan dao
才可容颜十五馀	1	cai ke rong yan shi wu yu
蔡女昔造胡笳声	1	cai nv xi zao hu jia sheng
采桑绿水边	1	cai sang lv shui bian
采山因买斧	1	cai shan yin mai fu
蚕丛及鱼凫	1	can cong ji yu fu
蚕饥妾欲去	1	can ji qie yu qu
蚕眠桑叶稀	1	can mian sang ye xi
残宵犹得梦依稀	1	can xiao you de meng yi xi
残阳西入崦	1	can yang xi ru yan
残萤栖玉露	1	can ying qi yu lu
残月下章台	1	can yue xia zhang tai
残云归太华	1	can yun gui tai hua
残钟广陵树	1	can zhong guang ling shu
苍苍横翠微	1	cang cang heng cui wei
苍苍竹林寺	1	cang cang zhu lin si
沧海月明珠有泪	1	cang hai yue ming zhu you lei
沧江好烟月	1	cang jiang hao yan yue
沧江急夜流	1	cang jiang ji ye liu
苍茫古木连穷巷	1	cang mang gu mu lian qiong xiang
苍茫云海间	1	cang mang yun hai jian
苍然满关中	1	cang ran man guan zhong
苍山夹乱流	1	cang shan jia luan liu
嘈嘈切切错杂弹	1	cao cao qie qie cuo za dan
草木有本心	1	cao mu you ben xin
草色新雨中	1	cao se xin yu zhong
侧见双翠鸟	1	ce jian shuang cui niao
侧身西望常咨嗟	1	ce shen xi wang chang zi jie
参差连曲陌	1	cen ci lian qu mo
岑夫子	1	cen fu zi
岑参	1	cen shen
曾貌先帝照夜白	1	ceng mao xian di zhao ye bai
曾驱十万师	1	ceng qu shi wan shi
曾是寂寥金烬暗	1	ceng shi ji liao jin jin an
差池不相见	1	cha chi bu xiang jian
钗擘黄金合分钿	1	chai bo huang jin he fen dian
豺狼在邑龙在野	1	chai lang zai yi long zai ye
钗留一股合一扇	1	chai liu yi gu he yi shan
禅房花木深	1	chan fang hua mu shen
蝉鸣空桑林	1	chan ming kong sang lin
蝉休露满枝	1	chan xiu lu man zhi
单于猎火照狼山	1	chan yu lie huo zhao lang shan
单于夜遁逃	1	chan yu ye dun tao
单于已在金山西	1	chan yu yi zai jin shan xi
谗之天子言其私	1	chan zhi tian zi yan qi si
