哀江头,ychz,1
唉乃一声山水绿,;gax,1
哀弱羽之飘零,ytbz,1
哀王孙,yagf,1
哀哉王孙慎勿疏,yrag,1
黯黯见临洮,ppjc,1
安禅制毒龙,nyoz,1
安得至老不更归,n.ae,1
安能摧眉折腰事权贵,nxo;,1
安能以此上论列,nxxa,1
安知峰壑今来变,nody,1
安置妥帖平不颇,n/.t,1
罢官昨日今如何,/npk,1
罢归无旧业,/eac,1
把剑觅徐君,oi.t,1
拔剑四顾心茫然,oi/m,1
芭蕉叶大栀子肥,ff;u,1
把酒话桑麻,ocyn,1
巴人讼芋田,tkyp,1
罢如江海凝清光,/wcc,1
巴山道中除夜有怀,tdin,1
灞上秋居,celb,1
灞原风雨定,czsn,1
八月蝴蝶来,ku/a,1
八月湖水平,kuca,1
八月十五夜赠张功曹,kufq,1
八月萧关道,kufi,1
八阵图,ktp.,1
白波九道流雪山,lcld,1
百步九折萦岩峦,aely,1
白帝城边古木疏,lyrg,1
白发悲花落,lxef,1
白发催年老,lxkr,1
白骨乱蓬蒿,lmaf,1
白居易,lbpl,1
白狼河北音书断,l.c,,1
白马嚼啮黄金勒,lg;r,1
白门寥落意多违,lhna,1
百年都是几多时,aorp,1
百年多病独登台,aomx,1
白日登山望烽火,lpb,,1
白日放歌须纵酒,lphc,1
白日落梁州,lpfa,1
白日依山尽,lpkb,1
白首卧松云,liqa,1
白水绕东城,lcxr,1
白头宫女在,lhnz,1
白头搔更短,lhoo,1
白雪歌送武判官归京,lzqy,1
白云回望合,lapi,1
白云千载空悠悠,lalk,1
白云无尽时,laap,1
白云依静渚,lakc,1
半壁见海日,ibjp,1
半夜军行戈相拨,iyjo,1
斑骓只系垂杨岸,ag;d,1
傍邻闻者多叹息,kihl,1
报答平生未展眉,olab,1
报到山中去,oadr,1
报得三春辉,o.ac,1
褒公鄂公毛发动,yk;a,1
宝扇迎归九华帐,ngoj,1
北斗兼春远,ehia,1
北斗阑干南斗斜,ehhi,1
北斗七星高,ehqy,1
北风江上寒,escn,1
北风卷地白草折,esio,1
碑高三丈字如斗,gyah,1
背后何所见,e.kj,1
北极朝庭终不改,evft,1
北青萝,erf/,1
被驱不异犬与鸡,ygzb,1
北阙休上书,ehkg,1
北山白云里,edlp,1
北土非吾愿,erez,1
本长安倡女,vlnw,1
奔凑如朝东,zkwq,1
奔流到海不复回,zcap,1
本以高难饱,vxyj,1
崩年亦在永安宫,doyn,1
迸泉飒飒飞木末,ilyv,1
彼何人哉轩与羲,.kki,1
碧文圆顶夜深缝,aypx,1
遍插茱萸少一人,gofk,1
变调如闻杨柳春,yywz,1
边亭流血成海水,bycc,1
边庭飘摇那可度,bnan,1
便下襄阳向洛阳,kayt,1
遍饮坐者,gjkr,1
便至四十西营田,ka/p,1
表曰臣愈昧死上,rpqe,1
别房太尉墓,;gzf,1
别来沧海事,;acq,1
别离在今晨,;yzp,1
别时茫茫江浸月,;pfu,1
别意与之谁短长,;yal,1
别有幽愁暗恨生,;zdo,1
宾从杂沓实要津,nklc,1
鬓发各已苍,zx.f,1
鬓丝生几缕,zsox,1
兵车行,oq.a,1
禀君子,ytgf,1
柄任儒术崇丘轲,vkkq,1
兵卫森画戟,ojvf,1
冰崖转石万壑雷,kdqz,1
波撼岳阳城,coor,1
薄宦梗犹泛,fnvc,1
波澜动远空,ccan,1
波澜誓不起,ccor,1
薄暮空潭曲,ffnp,1
薄暮渔樵乘水入,ffck,1
泊秦淮,czck,1
波上马嘶看棹去,cegr,1
伯仲之间见伊吕,kkn;,1
不哀伤而自怨,zykm,1
不把双眉斗画长,zobl,1
不辨仙源何处寻,zykt,1
不才明主弃,zfpy,1
不重生男重生女,zoow,1
步出东斋读,edqy,1
不得到辽西,z.aa,1
不得顾采薇,z.zf,1
不得收骨肉,z.sj,1
不犯此,z.eq,1
不敢长语临交衢,zql.,1
不敢过临洮,zqfc,1
不敢问来人,zqhk,1
不敢倚先贤,zqke,1
不见长安见尘雾,zjlz,1
不见玉颜空死处,zja.,1
不尽长江滚滚来,zbla,1
不据山河据平地,zodr,1
不觉碧山暮,znaf,1
不觉已鸣鸦,zntq,1
不堪人事日萧条,zrk.,1
不堪盈手赠,zrgm,1
不肯低头在草莽,zekf,1
不露文章世已惊,zzyn,1
不能废人运酒舫,zxnl,1
不能听终泪如雨,zx;z,1
不寝听金钥,zn;i,1
不是宸游玩物华,zpnk,1
不似颍川空使酒,zkqc,1
不惜珊瑚持与人,znak,1
不信妾肠断,zky,,1
步行夺得胡马骑,e.zg,1
不以道昏而昧其视,zxiy,1
不疑灵境难闻见,zqtj,1
不以俗厚而易其真,zxkf,1
不知何处吹芦管,zokl,1
不知香积寺,zolr,1
不知心恨谁,zony,1
不自著罗衣,zlfy,1
采柏动盈掬,.vao,1
才薄将奈石鼓何,ffdk,1
裁缝寄远道,rxni,1
才可容颜十五馀,fqnj,1
蔡女昔造胡笳声,fwrr,1
采桑绿水边,.bxb,1
采山因买斧,.dpk,1
蚕丛及鱼凫,akll,1
蚕饥妾欲去,ajyr,1
蚕眠桑叶稀,ajbl,1
残宵犹得梦依稀,an.l,1
残阳西入崦,atad,1
残萤栖玉露,afvz,1
残月下章台,auax,1
残云归太华,aaek,1
残钟广陵树,ainv,1
苍苍横翠微,ffv.,1
苍苍竹林寺,fflr,1
沧海月明珠有泪,ccuc,1
沧江好烟月,ccwu,1
沧江急夜流,ccjc,1
苍茫古木连穷巷,fffr,1
苍茫云海间,ffah,1
苍然满关中,fmc;,1
苍山夹乱流,fdac,1
嘈嘈切切错杂弹,;;qt,1
草木有本心,fvzn,1
草色新雨中,fjy;,1
侧见双翠鸟,kjbl,1
侧身西望常咨嗟,k.a;,1
参差连曲陌,xiqt,1
岑夫子,dzgf,1
岑参,dixz,1
曾貌先帝照夜白,k.ol,1
曾驱十万师,kgfe,1
曾是寂寥金烬暗,kpnp,1
差池不相见,iczj,1
钗擘黄金合分钿,ibri,1
豺狼在邑龙在野,..zp,1
钗留一股合一扇,ioag,1
禅房花木深,ygfc,1
蝉鸣空桑林,/;nv,1
蝉休露满枝,/kzv,1
单于猎火照狼山,ka.d,1
单于夜遁逃,kays,1
单于已在金山西,kata,1
谗之天子言其私,ynal,1
长安城连东掖垣,lnrr,1
长安城头头白乌,lnrl,1
长安水边多丽人,lnck,1
长安一片月,lnau,1
长安遇冯著,lnpf,1
长飙风中自来往,lzs.,1
常存抱柱信,czok,1
长簟迎风早,llop,1
肠断未忍扫,u,ao,1
长风吹林雨堕瓦,ls;q,1
长风几万里,lssp,1
长风连日作大浪,lsqc,1
长风破浪会有时,lsgp,1
长风万里送秋雁,lsaz,1
长干行,la.a,1
长干行二首之二,la.a,1
长干行二首之一,la.a,1
长歌楚天碧,lqva,1
长戈利矛日可麾,laln,1
长歌吟松风,lq;s,1
长河浪头连天黑,lccp,1
长恨歌,lnqd,1
常建,cjtf,1
长江独至今,lc.i,1
长江一帆远,lcaa,1
长乐钟声花外尽,loib,1
怅然吟式微,nm;.,1
长沙过贾谊宅,lcfn,1
长沙谪去古今怜,lcyn,1
长绳百尺拽碑倒,lxak,1
长使英雄泪满襟,lkfy,1
长亭酒一瓢,lyca,1
怅望千秋一洒泪,nylc,1
怅卧新春白袷衣,nqyy,1
长相思,lvpn,1
长相思二首之二,lvpa,1
长相思二首之一,lvpa,1
尝学琵琶於穆曹二善才,cnaf,1
长愿向南流,lzlc,1
朝罢须裁五色诏,f/.y,1
朝避猛虎,fb.e,1
朝别黄鹤楼,f;rv,1
潮落夜江斜月里,cfyp,1
潮平两岸阔,caah,1
朝闻游子唱骊歌,fhcq,1
巢在三珠树,wzav,1
车辚辚,qqqf,1
车马去闲闲,qgrh,1
车师西门伫献捷,qeao,1
车走雷声语未通,qrzb,1
尘埃不见咸阳桥,crzv,1
陈侯立身何坦荡,tkyf,1
陈王昔时宴平乐,taro,1
尘心未尽思乡县,cnau,1
晨摇玉佩趋金殿,poab,1
晨诣超师院读禅经,pyrx,1
陈子昂,tgpo,1
澄澄变今古,ccyf,1
澄澄映葭苇,ccpf,1
城春草木深,rzfc,1
承恩不在貌,gpz.,1
承恩数上南熏殿,gp,b,1
承欢侍宴无闲暇,gbkp,1
称名忆旧容,lmnn,1
城阙辅三秦,rhqz,1
城阙夜千重,rhyo,1
城上高楼接大荒,reyf,1
城下没全师,race,1
丞相祠堂何处寻,gvyt,1
城小贼不屠,rcmb,1
诚知此恨人人有,yoez,1
城中相识尽繁华,r;vk,1
城中增暮寒,r;rn,1
赤壁,rcb;,1
迟迟钟鼓初长夜,bbiy,1
持此谢高鸟,oeyl,1
池潢不敢顾,cczz,1
赤鸡白狗赌梨栗,rbla,1
耻令越甲鸣吾君,airt,1
魑魅喜人过,oorf,1
持谢邻家子,oyig,1
池月渐东上,cuce,1
重上君子堂,oetc,1
虫声新透绿窗纱,/ryx,1
筹笔驿,llga,1
惆怅南朝事,nnfq,1
酬程延秋夜即事见赠,allm,1
抽刀断水水更流,oj,c,1
酬郭给事,ayxq,1
愁因薄暮起,lpfr,1
愁云黪淡万里凝,lapk,1
酬张少府,atcn,1
触波涛,jccz,1
处处伴愁颜,..kn,1
处处黄芦草,..rf,1
处处闻啼鸟,..hl,1
初弹渌水后楚妃,ytcw,1
出洞无论隔山水,dcac,1
初发扬子寄元大校书,yxog,1
楚江怀古,vcnf,1
楚江微雨里,vc.p,1
出郊旷清曙,dypp,1
楚客相思益渺然,vnvm,1
出门搔白首,dhoi,1
初日郢门山,yp;d,1
初日照高林,yppv,1
出入高下穷烟霏,dkyz,1
出塞复入塞,dnon,1
楚塞三湘接,vnao,1
出山泉水浊,ddlc,1
出师未捷身先死,deaa,1
初为霓裳后六么,yhzl,1
初闻涕泪满衣裳,yhcc,1
出行复悠悠,d.ok,1
初因避地去人间,ypbh,1
滁州西涧,caac,1
川为静其波,dhrc,1
传闻至此回,khap,1
传之七十有二代,knqk,1
摐金伐鼓下榆关,oiki,1
床前明月光,nipc,1
垂钓将已矣,oidx,1
吹度玉门关,;nai,1
春蚕到死丝方尽,zaab,1
春草闭闲门,zfhh,1
春草明年绿,zfpx,1
春潮带雨晚来急,zcfj,1
春城无处不飞花,zraf,1
春城紫禁晓阴阴,zret,1
春愁黯黯独成眠,zlpj,1
春窗曙灭九微火,znp,,1
春词,zpyg,1
春从春游夜专夜,zkzy,1
春泛若耶溪,zcfc,1
春风不相识,zszy,1
春风吹又生,zs;o,1
春风对青冢,zsbj,1
春风桃李花开日,zsvp,1
春歌,zpqd,1
春宫曲,znpe,1
春宫怨,znmg,1
春归在客先,zezo,1
春寒赐浴华清池,znmc,1
春江花朝秋月夜,zcfy,1
春鸠鸣何处,zl;.,1
春来遍是桃花水,zagc,1
春来发几枝,zaxv,1
春眠不觉晓,zjzp,1
春日凝妆上翠楼,zpkv,1
春日潜行曲江曲,zpcp,1
春思,zppn,1
春宿左省,znzc,1
春望,zpys,1
春晓,zppa,1
春宵苦短日高起,znfr,1
春心莫共花争发,znfx,1
春雨,zpz,1
春与青溪长,zarl,1
春怨,zpmg,1
次北固山下,aepa,1
此道昔归顺,eird,1
此地空余黄鹤楼,ernv,1
此地一为别,era;,1
辞根散作九秋蓬,avrf,1
此恨绵绵无绝期,enxr,1
辞家终拟长游衍,anx.,1
此皆骑战一敌万,eqga,1
此乐本自龟兹出,eovd,1
赐名大国虢与秦,mmzz,1
此木岂无阴,evdt,1
慈母手中线,isox,1
此情可待成追忆,enqn,1
此去随所偶,ertk,1
此曲有意无人传,epzk,1
此日登临曙色开,epba,1
此事不系于职司,eqzg,1
此时无声胜有声,epar,1
此物最相思,eopp,1
辞严义密读难晓,aa.p,1
词中有誓两心知,y;zo,1
此州独见全,ea.i,1
从臣才艺咸第一,kqfa,1
从此君王不早朝,ketf,1
从今四海为家日,ki/p,1
从今又几年,kibo,1
从来幽并客,kadn,1
蹙金孔雀银麒麟,zigy,1
粗沙大石相磨治,,czc,1
窜逐蛮荒幸不死,naya,1
崔颢,dkpy,1
翠花拂天来向东,bfoq,1
翠华想像空山里,bkvp,1
翠华摇摇行复止,bkoe,1
崔九堂前几度闻,dlch,1
翠翘金雀玉搔头,baih,1
崔曙,dkp/,1
崔涂,dkci,1
翠微盍叶垂鬓唇,b.rz,1
崔嵬枝干郊原古,ddvf,1
摧心肝,onua,1
翠影红霞映朝日,bpxp,1
大道如青天,ziwa,1
大荒沈沈飞雪白,zfcl,1
大江茫茫去不黄,zcfr,1
大江溯轻舟,zccl,1
大开明堂受朝贺,zapb,1
大历二年十月十九日夔府别驾元持宅见临颍李十二娘舞剑器,zza;,1
大漠穷秋塞草衰,zcny,1
大漠无兵阻,zcat,1
打起黄莺儿,orrs,1
达人之高行,zkn.,1
大厦如倾要梁栋,zzwv,1
大厦深檐与盖覆,zzca,1
大弦嘈嘈如急雨,zt;z,1
大雪满弓刀,zzcj,1
大珠小珠落玉盘,zacl,1
待到重阳日,.aop,1
黛色参天二千尺,kjxb,1
戴叔伦,rekk,1
待晓堂前拜舅姑,.pcw,1
玳筵急管曲复终,aljx,1
岱宗夫如何,knzk,1
但道困苦乞为奴,kipw,1
丹凤城南秋夜长,jsrl,1
但恨无过王右军,knaj,1
但见悲鸟号古木,kjev,1
但见泪痕湿,kjcc,1
但见群鸥日日来,kjta,1
但见新人笑,kjyl,1
但教心似金钿坚,krne,1
但看古来盛名下,klfa,1
丹青不知老将至,jrza,1
丹青引赠曹霸将军,jrtj,1
丹丘生,joor,1
但去莫复闻,krfh,1
澹然空水对斜晖,cmnp,1
澹然离言说,cmyy,1
淡扫蛾眉朝至尊,co/i,1
但闻人语响,khk;,1
但愿长醉不愿醒,kzla,1
丹灶初开火,j,y,,1
当君怀归日,ctnp,1
当流赤足蹋涧石,ccrg,1
当路谁相假,csyk,1
当仁自古有不让,ckly,1
当时浣纱伴,cpck,1
当时只记入山深,cp;c,1
荡胸生层云,fuoa,1
当轩下马入锦茵,cqaf,1
当与梦时同,cavj,1
到此踌躇不能去,aesr,1
道寄人知,inko,1
道旁过者问行人,iyfk,1
道人庭宇静,iknr,1
道由白云尽,iplb,1
得无金丸惧,.ain,1
得相能开国,.vxp,1
德以象贤,.xje,1
磴道盘虚空,giln,1
登高,bqy;,1
登高壮观天地间,bydh,1
登鹳雀楼,bfcv,1
登乐游原,bocz,1
登临出世界,bedp,1
登柳州城楼寄漳汀封连四州刺史,bva;,1
登楼,bqv,,1
灯下白头人,,alk,1
邓攸无子寻知命,bkai,1
登幽州台歌,bdaq,1
登岳阳楼,botv,1
登舟望秋月,blyu,1
地崩山摧壮士死,rdda,1
帝得圣相相曰度,y.bn,1
低空有断云,knza,1
低眉信手续续弹,kbkt,1
低头思故乡,khps,1
低头向暗壁,khlb,1
涤瑕荡垢清朝班,cafa,1
地下若逢陈后主,rafy,1
帝乡明日到,yspa,1
弟兄羁旅各西东,k;/q,1
地犹鄹氏邑,r.a;,1
帝曰汝度功第一,ypca,1
弟子韩干早入室,kgfn,1
弟走从军阿姨死,krka,1
点窜尧典舜典字,enan,1
钿合金钗寄将去,iiir,1
钿头银篦击节碎,ihig,1
调角断清秋,yj,l,1
吊影分为千里雁,;pkz,1
东船西舫悄无言,qlay,1
洞房昨夜停红烛,cgp,,1
东风不与周郎便,qszk,1
东风无力百花残,qsaa,1
董夫子,fzgf,1
冬歌,.hqd,1
洞壑当门前,ceci,1
东郊,qcyk,1
东来橐驼满旧都,qaqr,1
东林怀我师,qvne,1
洞门高阁霭馀辉,chyc,1
东门酤酒饮我曹,qhaq,1
动如参与商,awxy,1
洞天石扇,cagg,1
洞庭连天九嶷高,cnqy,1
洞庭秋水远连天,cnla,1
东望都门信马归,qyre,1
洞在清溪何处边,czcb,1
斗酒十千恣欢谑,hcfy,1
读罢泪沾襟,y/cy,1
独出冠时,.djp,1
独怆然而涕下,.nma,1
独钓寒江雪,.inz,1
杜甫,vrqh,1
渡汉江,cccq,1
都护铁衣冷犹著,roif,1
渡荆门送别,cfh;,1
杜鹃啼血猿哀鸣,v;;;,1
独立三边静,.yar,1
独立扬新令,.yoi,1
独怜幽草涧边生,.ndo,1
独留青冢向黄昏,.oro,1
杜牧,vrof,1
独敲初夜磬,.yyr,1
杜审言,vny,1
赌胜马蹄下,muga,1
独戍临江夜泊船,.zel,1
独宿江城蜡炬残,.nca,1
渡头馀落日,chjp,1
杜荀鹤,vfjk,1
独夜忆秦关,.yni,1
独有凤凰池上客,.zsn,1
独有宦游人,.znk,1
渡远荆门外,cafm,1
独在异乡为异客,.ztn,1
独酌无相亲,.aay,1
独坐幽篁里,.kdp,1
端居耻圣明,ybap,1
断绝胡儿恋母声,,xfr,1
断无消息石榴红,,acx,1
断雁警愁眠,,zfj,1
对此结中肠,bexu,1
对此可以酣高楼,beqv,1
对此如何不泪垂,bewo,1
对此涕泪双滂沱,becc,1
对此欲倒东南倾,bekk,1
对棋陪谢傅,bvtk,1
对影成三人,bpzk,1
多病故人疏,mhfg,1
多难识君迟,mbyb,1
多歧路,mes.,1
峨嵋山下少人行,ddd.,1
尔辈苦无恃,jefn,1
尔来四万八千岁,ja/d,1
二陵风雨自东来,atsa,1
儿女共沾巾,swrj,1
儿女忽成行,swl.,1
而听,al;o,1
儿童相见不相识,syvy,1
而往来者,a.ar,1
二雅褊迫无委蛇,aqy/,1
二月黄鹂飞上林,aurv,1
发声幽息,xrdl,1
泛泛入烟雾,cckz,1
蕃汉断消息,fc,l,1
返景入深林,.pkv,1
烦君最相警,,tpf,1
烦疴近消散,,hor,1
凡六百一十六言,syay,1
蕃情似此水,fnkc,1
翻身向天仰射云,l.la,1
反是生女好,.pow,1
繁星宿故关,opni,1
翻疑梦里逢,lqv.,1
芳草萋萋鹦鹉洲,fffc,1
芳草已云暮,fftf,1
方今太平日无事,hizq,1
访旧半为鬼,ydio,1
芳心向春尽,fnlb,1
方知大蕃地,hozr,1
翡翠衾寒谁与共,ebir,1
飞鸟没何处,slc.,1
飞入寻常百姓家,sktn,1
飞沈理自隔,scat,1
飞湍瀑流争喧豗,scca,1
非谓文墨,eyyp,1
分曹射覆蜡灯红,kq.x,1
分曹限紫微,kqt.,1
纷纷暮雪下辕门,xxfh,1
分明怨恨曲中论,kpmy,1
纷墙丹柱动光彩,xrj.,1
焚烧杀掠,v,.o,1
分野中峰变,kp;y,1
风波不信菱枝弱,sczt,1
风掣红旗冻不翻,soxl,1
风尘何处期,sckr,1
风尘澒洞昏王室,sccn,1
风尘荏苒音书绝,scfx,1
风吹柳花满店香,s;vl,1
风吹仙袂飘飘举,s;kn,1
风多响易沉,sm;c,1
凤歌笑孔丘,sqlo,1
奉和圣制从蓬莱向兴庆阁道中留春雨中春望之作应制,zlbo,1
奉和中书舍人贾至早朝大明宫,zl;n,1
凤凰池对青琐门,ssch,1
烽火连三月,,,qu,1
风急天高猿啸哀,sjay,1
奉济驿重送严公四韵,zcgy,1
封狼生貙貙生罴,r.o/,1
风流儒雅亦吾师,scke,1
风流天下闻,scah,1
风鸣两岸叶,s;a;,1
风暖鸟声碎,splg,1
枫桥夜泊,vvyc,1
风泉满清听,slc;,1
逢入京使,.kyk,1
风送宫嫔笑语和,sinl,1
风头如刀面如割,shwn,1
凤尾香罗薄几重,sblo,1
风物凄凄宿雨收,soks,1
风烟望五津,s,yc,1
枫叶荻花秋瑟瑟,v;fa,1
枫叶落纷纷,v;fx,1
风雨,s.z,1
风云常为护储胥,sacg,1
风正一帆悬,saau,1
风枝惊暗鹊,svnr,1
扶持自是神明力,oolb,1
赋得古原草送别,m.f;,1
赋得暮雨送李胄,m.fp,1
富贵于我如浮云,n;aa,1
复令识者久叹嗟,oiy;,1
抚念益慈柔,oiib,1
芙蓉旌旗烟雾落,ffhf,1
芙蓉楼送辛渐,ffvc,1
芙蓉如面柳如眉,ffwb,1
芙蓉塘外有轻雷,ffrz,1
芙蓉帐暖度春宵,ffjn,1
抚事慷慨,oqnn,1
浮天沧海远,caca,1
俯听闻惊风,k;hs,1
夫婿轻薄儿,zwqs,1
负以灵鳌蟠以螭,jxt/,1
俯饮一杯酒,kjac,1
浮云一别后,caa.,1
浮云游子意,cacy,1
浮云终日行,cax.,1
复照青苔上,opre,1
复值接舆醉,okoa,1
腹中贮书一万卷,u;mi,1
夫子何为者,zgkr,1
盖蒙其伤怜而已,ifrt,1
感此怀故人,zenk,1
感此伤妾心,zekn,1
感而缀诗,zaxy,1
敢告云山从此始,qoaw,1
敢将十指夸针巧,qdfq,1
感时抚事增惋伤,zpok,1
感时花溅泪,zpfc,1
感斯人言,zrky,1
干惟画肉不画骨,anam,1
感我此言良久立,zley,1
感遇四首之二,zp/a,1
感遇四首之三,zp/a,1
感遇四首之四,zp//,1
感遇四首之一,zp/a,1
感征戍之事,z.zq,1
感子故意长,zgfl,1
高才脱略名与利,yful,1
高帝子孙尽隆准,yygk,1
高风汉阳渡,yscc,1
杲杲寒日生于东,ppnq,1
高阁客竟去,yhnr,1
告归常局促,oeck,1
高楼当此夜,yvcy,1
高明逼神恶,ypqa,1
高山安可仰,ydnk,1
高适,y;af,1
高树晓还密,yvpn,1
缟素漠漠开风沙,xrcc,1
高堂明镜悲白发,ycpx,1
高卧南斋时,yqfp,1
阁道回看上苑花,hipf,1
隔江犹唱后庭花,tc.f,1
隔篱呼取尽馀杯,tl;v,1
隔山望南斗,tdyh,1
哥舒歌,qiqd,1
哥舒夜带刀,qiyj,1
隔水问樵夫,tchz,1
阁夜,hjyk,1
隔叶黄鹂空好音,t;ry,1
歌以赠之,qxmn,1
各在一处,.za.,1
隔座送钩春酒暖,tnip,1
更隔蓬山一万重,atfo,1
耿耿星河欲曙天,aapa,1
更教明月照流黄,arpr,1
更堪江上鼓鼙声,arcr,1
更上一层楼,aeav,1
更深月色半人家,acun,1
更有明朝恨,azpn,1
功成不退皆殒身,qzz.,1
宫词,n;yg,1
共此灯烛光,re,c,1
公从何处得纸本,kkkv,1
功盖三分国,qiap,1
宫馆何玲珑,njka,1
宫花寂寞红,nfnx,1
共看明月应垂泪,rlpc,1
共来百越文身地,raar,1
共怜时世俭梳妆,rnpd,1
公孙剑器初第一,kgia,1
公孙一人而已,kgat,1
公退斋戒坐小阁,ktyh,1
功无与让恩不訾,qaae,1
公之斯文不示后,knr.,1
公之斯文若元气,knro,1
公主琵琶幽怨多,kyam,1
共醉重阳节,raof,1
古柏行,fv.a,1
孤壁野僧邻,gbpi,1
故别,f;;b,1
孤城背岭寒吹角,grej,1
孤城当落晖,grcp,1
孤城落日斗兵稀,grfl,1
古祠高树两茫然,fyym,1
古从军行,fkj.,1
孤灯不明思欲绝,g,zx,1
孤灯寒照雨,g,nz,1
孤灯挑尽未成眠,g,oj,1
孤灯闻楚角,g,hj,1
古调虽自爱,fy;.,1
古鼎跃水龙腾梭,fjsv,1
孤独异乡春,g.tz,1
孤帆天际看,gjal,1
孤帆远影碧空尽,gjab,1
孤飞自可疑,gslq,1
孤高耸天宫,gykn,1
故关衰草遍,fiyg,1
故国三千里,fpap,1
孤鸿海上来,gcca,1
故洁其身也,fcrg,1
估客昼眠知浪静,knbr,1
谷口书斋寄杨补阙,k;gh,1
顾况,zgk;,1
古来白骨无人收,fals,1
古来材大难为用,favj,1
古来青史谁不见,farj,1
古来圣贤皆寂寞,fabn,1
古来万事东流水,faac,1
古来征战几人回,fa.p,1
故垒萧萧芦荻秋,fxfl,1
古庙杉松巢水鹤,fnvj,1
古木无人径,fva.,1
孤蓬万里征,gfa.,1
孤琴候萝径,gak.,1
故人从军在右辅,fkkq,1
故人江海别,fkc;,1
故人具鸡黍,fkul,1
故人入我梦,fkkv,1
故人殊未来,fkaa,1
故人西辞黄鹤楼,fkav,1
骨肉不待同驰驱,mjzg,1
骨肉流离道路中,mjc;,1
顾视清高气深稳,zycl,1
古戍苍苍烽火寒,fzfn,1
姑苏城外寒山寺,wfrr,1
古台摇落后,fxo.,1
顾我无衣搜荩箧,zlal,1
孤雁,gfzk,1
古意,f;yp,1
古意呈补阙乔知之,fy;n,1
顾影无如白发何,zpak,1
故园东望路漫漫,fpqc,1
故园芜已平,fpfa,1
孤云将野鹤,gadj,1
古者世称大手笔,frrl,1
孤舟蓑笠翁,glfk,1
故作诗一篇以,fkyx,1
关城树色催寒近,irvo,1
冠盖满京华,jick,1
官高何足论,nyky,1
观公孙大娘弟子舞剑器行并序,bkgn,1
观经鸿都尚填咽,bxc;,1
关门令尹谁能识,ihiy,1
关内阻饥,ijtj,1
关塞萧条行陆难,infb,1
关山月,idu,1
惯弹琵琶解歌舞,ntao,1
官应老病休,nnrk,1
关月冷相随,iukt,1
管乐有才原不忝,loza,1
关张无命欲何如,itaw,1
观者如山色沮丧,brwf,1
关中昔丧乱,i;ra,1
光价岂止百倍过,ckdf,1
广泽生明月,ncou,1
桂华秋皎洁,vklc,1
归来池苑皆依旧,eacd,1
贵来方悟稀,;ahl,1
归来看取明镜前,eali,1
归来每日斜,eaoi,1
归来且闭关,eaui,1
归来视幼女,eayw,1
归来头白还戍边,eahb,1
归来煮白石,earg,1
归老江湖边,ercb,1
归马识残旗,egyh,1
癸卯岁,bodm,1
贵戚权门得笔迹,;zvy,1
归去来,era,,1
归去越王家,errn,1
归山深浅去,edcr,1
归思欲沾巾,epkj,1
归嵩山作,eddk,1
归卧南山陲,eqft,1
鬼物守护烦撝呵,oon;,1
鬼物图画填青红,oopx,1
归雁洛阳边,ezcb,1
闺怨,hjmg,1
归棹洛阳人,evck,1
闺中少妇不知愁,h;cl,1
闺中只独看,h;;l,1
国初以来画鞍马,pyxg,1
过故人庄,ffkn,1
虢国夫人承主恩,.pzp,1
国家成败吾岂敢,pnzq,1
国破山河在,pgdz,1
过香积寺,fllr,1
过雨看松色,fzlj,1
还从物外起田园,zkop,1
还将两行泪,zdac,1
海客谈瀛洲,cnyc,1
还来就菊花,zayf,1
海门深不见,chcj,1
海内存知己,cjzt,1
海内风尘诸弟隔,cjst,1
海鸥何事更相疑,cqkq,1
海畔云山拥蓟城,cpar,1
海气湿蛰熏腥臊,cocu,1
还寝梦佳期,znvr,1
海日生残夜,cpoy,1
海上风雨至,cesa,1
海上生明月,ceou,1
海天愁思正茫茫,calf,1
还掩故园扉,zofg,1
海燕双栖玳瑁梁,crbc,1
还作江南会,zkci,1
韩碑,fpgl,1
汉兵奋迅如霹雳,cozz,1
汉兵屯在轮台北,coae,1
汉朝公卿忌贾生,cfko,1
菡萏发荷花,ffxf,1
寒灯独夜人,n,.k,1
寒灯思旧事,n,pq,1
含光混世贵无名,iccm,1
瀚海阑干百丈冰,cchk,1
韩翃,fpzx,1
汉皇重色思倾国,clop,1
汉家大将西出师,cnze,1
汉家山东二百州,cnda,1
汉家烟尘在东北,cn,e,1
汉将辞家破残贼,cdam,1
汉江临眺,ccej,1
汉口夕阳斜渡鸟,c;ml,1
寒林空见日斜时,nvnp,1
寒梅著花未,nvfa,1
汉女输幢布,cwqz,1
寒禽与衰草,niaf,1
寒磬满空林,nrcv,1
含情凝睇谢君王,inka,1
含情欲说宫中事,inkq,1
寒山转苍翠,ndqb,1
寒声一夜传刁斗,nrah,1
寒食,nrit,1
寒食东风御柳斜,niqi,1
汉使断肠对归客,ck,n,1
寒塘欲下迟,nrkb,1
汉文皇帝有高台,cylx,1
汉文有道恩犹薄,cyzf,1
汉下白登道,cali,1
涵虚混太清,cecc,1
韩愈,fpiu,1
寒雨连江夜入吴,nzq;,1
寒云路几层,nasb,1
行当浮桂棹,.ccv,1
豪荡感激,yfzc,1
毫发尽备无差讹,yxby,1
浩浩风起波,ccsc,1
浩然离故关,cmyi,1
好为庐山谣,whny,1
何必待之子,kn.g,1
何处还相遇,k.zp,1
何处西南任好风,k.as,1
何处寻行迹,k.ty,1
何当重相见,kcoj,1
何当载酒来,kcra,1
荷风送香气,fsio,1
合昏尚知时,iocp,1
和贾舍人早朝大明宫之作,laik,1
和晋陵路丞早春游望,laty,1
贺兰山下阵如云,bida,1
荷笠带斜阳,flft,1
何满子,kcgf,1
何年致此身,koa.,1
何求美人折,kfio,1
何日复归来,kpoa,1
何日平胡虏,kpae,1
河山北枕秦关险,cdet,1
河上仙翁去不回,cekp,1
禾生陇亩无东西,lota,1
河声入海遥,crk.,1
何时返旆勒燕然,kp.m,1
何事入罗帏,kqkj,1
何时倚虚幌,kpkj,1
何所慰吾诚,kgby,1
何惜醉流霞,knaz,1
何须身后千载名,k..m,1
何以有羽翼,kxzb,1
何因北归去,kper,1
何用别寻方外去,kj;r,1
何用孤高比云月,kjgu,1
曷与三五相攀追,paal,1
贺知章,boyp,1
恨别鸟惊心,n;ln,1
恨无知音赏,naoc,1
衡阳归雁几封书,.teg,1
红豆生南国,xqop,1
鸿飞冥冥日月白,csjl,1
红楼隔雨相望冷,xvtk,1
红泥小火炉,xcc,,1
訇然中开,lm;a,1
红树花迎晓露开,xvfa,1
红桃绿柳垂檐向,xvxl,1
鸿雁不堪愁里听,czz;,1
鸿雁几时到,czsa,1
红颜弃轩冕,xnyp,1
红颜未老恩先断,xna,,1
红叶晚萧萧,x;pf,1
红妆白日鲜,xdlu,1
后不见来者,.zjr,1
后宫词,.nyg,1
后宫佳丽三千人,.nkk,1
后来鞍马何逡巡,.arw,1
候时而来,kpaa,1
侯王将相望久绝,kadx,1
后有韦讽前支盾,.za.,1
忽到庞公栖隐处,lan.,1
呼儿将出换美酒,;sdc,1
胡儿眼泪双双落,fsjf,1
忽逢青鸟使,l.rk,1
忽复乘舟梦日边,lolb,1
虎鼓瑟兮鸾回车,eraq,1
忽魂悸以魄动,lana,1
忽见陌头杨柳色,ljtj,1
胡窥青海湾,fnrc,1
忽念山中客,lidn,1
胡骑凭陵杂风雨,fgkz,1
胡琴琵琶与羌笛,faal,1
狐裘不暖锦衾薄,.fzf,1
忽然更作渔阳掺,lmao,1
忽然遭时变,lmqy,1
胡人落泪沾边草,fkff,1
忽如一夜春风来,lwaa,1
胡天八月即飞雪,fakz,1
胡为乎来哉,fhlr,1
忽闻歌古调,lhqy,1
忽闻海上有仙山,lhcd,1
忽闻水上琵琶声,lhcr,1
胡雁哀鸣夜夜飞,fzys,1
湖月照我影,cupp,1
花钿委地无人收,fils,1
画阁朱楼尽相望,ahoy,1
画工如山貌不同,aqwj,1
花冠不整下堂来,fjza,1
花间一壶酒,fhac,1
花近高楼伤客心,foyn,1
花径不曾缘客扫,f.zo,1
画楼西畔桂堂东,avaq,1
花路入溪口,fsk;,1
花落知多少,ffoc,1
画眉深浅入时无,abca,1
花门剺面请雪耻,fhaa,1
华亭鹤唳讵可闻,kyjh,1
画图省识春风面,apca,1
化为狼与豺,kh..,1
花隐掖垣暮,ftof,1
花迎剑佩星初落,foif,1
怀君属秋夜,ntby,1
淮南木落楚山多,cfvm,1
淮南一叶下,cfaa,1
淮上对秋山,cebd,1
淮上喜会梁川故人,cerk,1
淮西有贼五十载,cazr,1
淮阴市井笑韩信,ctyk,1
缓歌慢舞凝丝竹,xqnl,1
环佩空归月下魂,akna,1
欢笑情如旧,blnd,1
欢言得所憩,by.a,1
欢醉中,ba;d,1
黄埃散漫风萧索,rrrf,1
黄尘足今古,rc;f,1
荒城临古渡,frec,1
皇甫冉,lqjr,1
黄鹤楼,rjv,,1
黄河入海流,rckc,1
黄鹤一去不复返,rja.,1
黄鹤之飞尚不得,rjn.,1
黄河之水天上来,rcna,1
黄昏到寺蝙蝠飞,roas,1
黄昏胡骑尘满城,rofr,1
黄昏饮马傍交河,rojc,1
黄金燃桂尽,ri,b,1
恍惊起而长嗟,nnr;,1
荒居旧业贫,fbdk,1
黄芦苦竹绕宅生,rffo,1
黄门飞鞚动尘,rhsc,1
黄山旧绕汉宫斜,rddi,1
荒戍落黄叶,fzf;,1
黄叶仍风雨,r;kz,1
黄云陇底白雪飞,rats,1
黄云万里动风色,raaj,1
黄云萧条白日暗,rafp,1
会当凌绝顶,icka,1
悔教夫婿觅封侯,nrzk,1
回看天际下中流,plac,1
回看血泪相和流,pllc,1
回乐峰前沙似雪,podz,1
回眸一笑百媚生,pjao,1
回日楼台非甲帐,ppvj,1
挥手泪沾巾,oocj,1
挥手自兹去,oolr,1
回头下望人寰处,pha.,1
回乡偶书,pskg,1
会须一饮三百杯,i.av,1
回崖沓障凌苍苍,pdcf,1
回舟不待月,plzu,1
魂返关塞黑,a.ip,1
魂来枫林青,aavr,1
魂魄不曾来入梦,alzv,1
浑脱,cjuk,1
浑欲不胜簪,ckzl,1
或从十五北防河,qkfc,1
或恐是同乡,qqps,1
或骑麒麟翳凤凰,qgys,1
霍如羿射九日落,zwbf,1
火维地荒足妖怪,,xrn,1
既辨,bqyf,1
羁泊欲穷年,/cko,1
即此羡闲逸,beij,1
即从巴峡穿巫峡,bktd,1
几度隔山川,sntd,1
即公孙可知矣,bkgx,1
寄韩谏议,nfyy,1
几行归塞尽,s.eb,1
寂寂花时闭院门,nnfh,1
寂寂江山摇落处,nnc.,1
寂寂竟何待,nny.,1
几尽而去,sbar,1
即今漂泊干戈际,bict,1
汲井漱寒齿,cfce,1
寄李儋元锡,nvki,1
肌理细腻骨肉匀,uaxl,1
集灵台二首之二,ktxa,1
集灵台二首之一,ktxa,1
羁旅长堪醉,/hla,1
鸡鸣紫陌曙光寒,b;en,1
寂寞空庭春欲晚,nnnp,1
寂寞身后事,nn.q,1
寂寞养残生,nnio,1
寄全椒山中道士,nivr,1
几日到临洮,spac,1
寄上浮梁大兄,nec;,1
寄身且喜沧洲近,n.uo,1
几时杯重把,spvo,1
寄书长不达,nglz,1
洎外供奉,cmkz,1
羁危万里身,/ja.,1
寄卧郊扉久,nqyj,1
积雪浮云端,lzcy,1
寄扬州韩绰判官,noan,1
际夜转西壑,tyqe,1
积雨空林烟火迟,lznb,1
积雨辋川庄作,lzqk,1
记于郾城观公孙氏舞剑器,yaq;,1
既至金门远,baia,1
掎摭星宿遗羲娥,oopw,1
机中锦字论长恨,v;in,1
继周八代争战罢,xjk/,1
即周召伯之甘棠,bjjc,1
及兹契幽绝,lifx,1
寄左省杜拾遗,nzc;,1
嘉宾复满堂,rnoc,1
贾岛,a/ld,1
嫁得瞿塘贾,w.ja,1
家临九江水,nelc,1
佳人,krk,1
贾氏窥帘韩掾少,aonc,1
家书到隔年,ngao,1
家书抵万金,ngoi,1
家童扫萝径,nyo.,1
贾谊上书忧汉室,ayen,1
嫁与弄潮儿,waas,1
家在虾蟆陵下住,nz/k,1
家住层城邻汉苑,nkbf,1
饯别王十一南游,j;ac,1
建德非吾土,t.er,1
涧底束荆薪,cnvf,1
见尔当何秋,jjcl,1
剑阁峥嵘而崔嵬,ihdd,1
间关莺语花底滑,hifc,1
剑河风急雪片阔,icsh,1
艰难苦恨繁霜鬓,bbfz,1
贱日岂殊众,mpdk,1
兼示符离及下邽弟妹,ialw,1
见螳螂之抱影,j//p,1
剑外忽传收蓟北,imle,1
拣选撰刻留山阿,ooot,1
建业暮钟时,tcfp,1
渐与骨肉远,cama,1
荐诸太庙比郜鼎,fyzj,1
将虫响悲於前听,d/;;,1
江春入旧年,czko,1
绛唇珠袖两寂寞,xzan,1
将村独归处,dv..,1
将登太行雪满山,dbzd,1
江枫渔火对愁眠,cvcj,1
将赴吴兴登乐游原,dr;z,1
江汉曾为客,cckn,1
江湖多风波,ccmc,1
江湖秋水多,cclm,1
江淮度寒食,ccni,1
将家就鱼麦,dnyr,1
江静潮初落,crcf,1
将军得名三十载,dj.r,1
将军画善盖有神,djay,1
将军角弓不得控,djjo,1
将军金甲夜不脱,djiu,1
将军魏武之子孙,djlg,1
将军下笔开生面,djaa,1
将军夜引弓,djyt,1
将老身反累,dr.p,1
江柳共风烟,cvr,,1
江流曲似九回肠,ccpu,1
江流石不转,ccgq,1
江流天地外,ccam,1
江南逢李龟年,cf.o,1
江南曲,cfpe,1
江南有丹橘,cfzv,1
江南瘴疠地,cfhr,1
江畔洲如月,cpcu,1
江清月近人,ccuk,1
江入大荒流,ckzc,1
江山故宅空文藻,cdff,1
江山留胜迹,cdoy,1
江上几人在,cesz,1
江上月明胡雁过,ceuf,1
江水江花岂终极,cccv,1
江头宫殿锁千门,chnh,1
将往复旋如有情,d.on,1
江乡故人偶集客舍,csfi,1
江雪,cqzt,1
将因卧病解朝衣,dpqy,1
绛帻鸡人送晓筹,xjbl,1
江州司马青衫湿,cagc,1
江州重别薛六柳八二员外,caom,1
椒房阿监青娥老,vgtr,1
矫矫珍木巅,ooad,1
蛟龙出没猩鼯号,/zd;,1
教妾若为容,ryfn,1
矫如群帝骖龙翔,owti,1
脚著谢公屐,ufyb,1
嗟尔远道之人,;jak,1
节候看应晚,fklp,1
嗟乎,;ili,1
羯胡事主终无赖,ifqv,1
嗟君此别意何如,;tew,1
节使三河募年少,fkac,1
借问苦心爱者谁,khfy,1
借问路傍名利客,khsn,1
皆向沙场老,qlcr,1
婕妤传诏才人索,wwkf,1
皆与此图筋骨同,qaej,1
嗟予好古生苦晚,;bwp,1
嗟余听鼓应官去,;i;r,1
嗟哉吾党二三子,;rag,1
今安在,inzd,1
金鞭断折九马死,ir,a,1
金蟾啮锁烧香入,i/;k,1
金昌绪,ipxr,1
今成流泪泉,izcl,1
锦城虽云乐,ir;o,1
近得归京邑,o.e;,1
锦帆应是到天涯,ijnc,1
锦官城外柏森森,inrv,1
今见功名胜古人,ijqk,1
锦江春色来天地,iczr,1
今看两楹奠,ilai,1
津口停舟渡不得,c;k.,1
矜夸紫骝好,bzew,1
今来典斯郡,iajt,1
近泪无干土,ocar,1
禁里疏钟官舍晚,vpgp,1
金陵津渡小山楼,itcv,1
金陵酒肆留别,itc;,1
金陵王气黯然收,itas,1
金陵子弟来相送,itgi,1
禁门宫树月痕过,vhnf,1
今年欢笑复明年,iobo,1
今漂沦憔悴,iccn,1
金阙前开二峰长,ihil,1
金阙西厢叩玉扃,ihag,1
金阙晓钟开万户,ihpg,1
今人多不弹,ikmt,1
今日垂杨生左肘,ipou,1
今日俸钱过十万,ipka,1
今日花开又一年,ipfo,1
尽日君王看不足,bpt;,1
今日龙钟人共老,ipzr,1
今日之日多烦忧,ipnn,1
近入千家散花竹,okll,1
锦瑟,ilar,1
锦瑟无端五十弦,iaat,1
金山西见烟尘飞,idas,1
今上岳阳楼,ieov,1
金绳铁索锁钮壮,ixid,1
近时郭家狮子花,opyf,1
金石刻画臣能为,igyh,1
近试上张水部,oyey,1
金粟堆前木已拱,iaro,1
金粟堆前松柏里,iarp,1
今为羌笛出塞声,ihir,1
今我不乐思岳阳,ilzt,1
今我游冥冥,ilcj,1
今无其器存其辞,iara,1
金屋无人见泪痕,ibah,1
今夕复何夕,imom,1
近乡情更怯,osnn,1
金星妆成娇侍夜,ipdy,1
今夜鄜州月,iyyu,1
今夜偏知春气暖,iykp,1
今夜闻君琵琶语,iyhy,1
今朝都到眼前来,ifra,1
今朝郡斋冷,iftk,1
今朝为此别,ifh;,1
今朝蟢子飞,if/s,1
今之新图有二马,inyg,1
近种篱边菊,ollf,1
今兹弟子亦匪盛颜,iikn,1
金樽清酒斗十千,ivcl,1
经冬复立春,x.oz,1
经冬犹绿林,x..v,1
惊风乱飐芙蓉水,nsac,1
惊呼热中肠,n;ou,1
镜湖三百里,icap,1
经历久远期无佗,xzjk,1
净理了可悟,kagn,1
京洛缝春衣,ycxy,1
荆门九派通,fhlb,1
旌旆逶迤碣石间,hhlh,1
惊破霓裳羽衣曲,ngzp,1
旌旗无光日色薄,hhaf,1
井税有常期,flzr,1
静听松风寒,r;vn,1
惊闻俗客争来集,nhkk,1
竟夕起相思,ymrp,1
竟夕自悲秋,ymll,1
径须沽取对君酌,..ca,1
静夜四无邻,ry/i,1
经邹鲁祭孔子而叹之,xjun,1
迥立阊阖生长风,jyhs,1
迥若寒空杂烟雪,jfnz,1
九重城阙烟尘生,loro,1
九雏鸣凤乱啾啾,lj;;,1
酒舫泛泛然,clcm,1
旧国见青山,dpjd,1
旧好隔良缘,dwtx,1
九华帐里梦魂惊,lkjn,1
啾啾栖鸟过,;;vf,1
鹫翎金仆姑,yiiw,1
九日登望仙台呈刘明府,lpbn,1
旧时王谢堂前燕,dpar,1
九天阊阖开宫殿,lahb,1
酒徒历历坐洲鸟,c.zl,1
九微片片飞花琐,l.da,1
久为簪组累,jhlp,1
旧业已随征战尽,dctb,1
九月寒砧催木叶,lun;,1
九月九日忆山东兄弟,lulk,1
就中云幕椒房亲,y;ay,1
举杯销愁愁更愁,nvil,1
举杯邀明月,nvlu,1
据湖岸,ocdz,1
俱怀逸兴壮思飞,knjs,1
举酒欲饮无管弦,nckt,1
讵肯感激徒媕婀,yezw,1
句奇语重喻者少,lzyc,1
居人共住武陵源,bkrc,1
居人未改秦衣服,bkau,1
举头望明月,nhyu,1
居闲始自遣,bhw;,1
剧辛乐毅感恩分,byok,1
镌功勒成告万世,iqrr,1
卷帷望月空长叹,ijy;,1
绝代有佳人,xkzk,1
觉道资无穷,nikn,1
绝顶一茅茨,xaaf,1
绝域苍茫更何有,xrfz,1
决眦入归鸟,kjkl,1
君不见,tzjs,1
君不见沙场征战苦,tzjf,1
君不见走马川行雪海边,tzjb,1
君不闻,tzhj,1
君臣相顾尽沾衣,tqvy,1
君臣已与时际会,tqti,1
君宠益娇态,tniz,1
君歌且休听我歌,tquq,1
君歌声酸辞且苦,tqrf,1
君家何处住,tnkk,1
君今在罗网,tizj,1
君怜无是非,tnae,1
君莫停,tfky,1
君王掩面救不得,tao.,1
君问穷通理,thna,1
君言不得意,tyzy,1
郡邑浮前浦,t;cc,1
郡斋雨中与诸文士燕集,tyzk,1
君自故乡来,tlfa,1
君子意如何,tgyk,1
开国何茫然,apkm,1
开帷月初吐,aju;,1
开轩览物华,aqek,1
开轩面场圃,aqap,1
开轩卧闲敞,aqqc,1
开元二十六年,aaao,1
开元三载,aaar,1
开元之中常引见,aanj,1
坎轲只得移荆蛮,rq;y,1
客从东方来,nkqa,1
可怜光彩生门户,qncg,1
可怜闺里月,qnhu,1
可怜九马争神骏,qnlg,1
可怜王孙泣路隅,qnat,1
客路青山外,nsrm,1
客去波平槛,nrcv,1
柯如青铜根如石,vwrg,1
客心洗流水,nncc,1
可以横绝峨眉巅,qxvd,1
可以荐嘉客,qxfn,1
客有从御史大夫张公出塞而还者,nzkr,1
客至,n.ax,1
肯数邺下黄须儿,e,cs,1
肯与邻翁相对饮,eaij,1
空城澹月华,nrck,1
恐非平生魂,qeaa,1
空见葡萄入汉家,njfn,1
空令岁月易蹉跎,nids,1
孔明庙前有老柏,gpnv,1
空山百鸟散还合,ndai,1
空山不见人,ndzk,1
空山松子落,ndvf,1
空山新雨后,ndy.,1
恐是汉代韩张良,qpch,1
空向秋波哭逝川,nlld,1
空忆谢将军,nnyj,1
空有羡鱼情,nzin,1
空园白露滴,nplc,1
空知返旧林,no.v,1
空中闻天鸡,n;hb,1
孔子西行不到秦,ggaz,1
扣关无僮仆,oiak,1
口角流沫右手胝,;jcu,1
扣门无犬吠,oha;,1
苦道来不易,fiap,1
苦恨年年压金线,fnox,1
枯桑老柏寒飕飗,vbrs,1
哭声直上干云霄,;rfz,1
枯松倒挂倚绝壁,vvkb,1
苦心岂免容蝼蚁,fnd/,1
跨马出郊时极目,sgdj,1
快剑砍断生蛟鼍,nig;,1
狂夫富贵在青春,.znz,1
况复秦兵耐苦战,koze,1
狂歌五柳前,.qai,1
况乃未休兵,kgao,1
况是蔡家亲,kpfy,1
况余白首,kili,1
愧君相访频,ntve,1
愧君犹遣慎风波,nt.c,1
窥室惟案几,nnns,1
蜡炬成灰泪始干,/,za,1
蜡照半笼金翡翠,/pib,1
来从楚国游,akvc,1
来对白头吟,abl;,1
来去九江侧,arlk,1
来日绮窗前,apxi,1
来如雷霆收震怒,awzw,1
来是空言去绝踪,apns,1
来途若梦行,aif.,1
来往不逢人,a.zk,1
来舞魏宫前,aoli,1
赖兹托令门,vioh,1
蓝田日暖玉生烟,fpp,,1
兰叶春葳蕤,i;zf,1
揽衣推枕起徘徊,oyo.,1
郎骑竹马来,hgla,1
老病有孤舟,rhzl,1
老大嫁作商人妇,rzww,1
老夫不知其所往,rzz.,1
老将行,rd.a,1
老去恋明时,rryp,1
老至居人下,raba,1
乐极哀来月东出,ovyd,1
乐幽心屡止,odne,1
乐游原上望昭陵,oczt,1
雷鼓动山川,zrad,1
泪湿罗巾梦不成,cc/z,1
李白,vglp,1
离杯惜共传,yvnk,1
离别正堪悲,y;ae,1
李端,vgyd,1
李端公,vykx,1
骊宫高处入青云,gnya,1
李广无功缘数奇,vnaz,1
梨花满地不开门,lfch,1
梨花一枝春带雨,lfaz,1
理会是非遣,aip;,1
力尽关山未解围,bbip,1
离离原上草,yyzf,1
李频,vgec,1
李颀,vgoa,1
丽人行,ak.a,1
李商隐,vytj,1
吏舍局终年,qibo,1
栗深林兮惊层巅,acvd,1
李斯税驾苦不早,vrlp,1
李益,vgik,1
梨园子弟白发新,lpgy,1
梨园子弟散如烟,lpg,,1
利洲南渡,lcfc,1
联步趋丹陛,aert,1
莲动下渔舟,faal,1
连峰去天不盈尺,qdrb,1
怜君何事到天涯,ntkc,1
连山接海隅,qdot,1
连山若波涛,qdfc,1
帘外春寒赐锦袍,nmzy,1
两岸桃花夹古津,advc,1
两岸猿声啼不住,ad.k,1
两别泣不休,a;ck,1
两朝开济老臣心,afan,1
两处茫茫皆不见,a.fj,1
凉风起天末,ksrv,1
梁父吟成恨有馀,ck;j,1
良人罢远征,hk/.,1
良人玉勒乘骢马,hkag,1
良人昨夜情,hkpn,1
两三星火是瓜州,aapa,1
凉思,kypn,1
良相头上进贤冠,hvhj,1
两小无嫌猜,aca.,1
凉州词,kayg,1
凉州胡人为我吹,kaf;,1
聊持宝剑动星文,aony,1
潦倒新停浊酒杯,ckyv,1
辽东小妇年十五,gqca,1
寥落古行宫,nffn,1
寥落寒山对虚牖,nfnd,1
聊书所怀,aggn,1
聊为剑器行,ahi.,1
料知短兵不敢接,,ooo,1
列郡讴歌惜,atyn,1
烈女操,awo;,1
裂缺霹雳,aozz,1
林暗草惊风,vpfs,1
林表明霁色,vrpj,1
临别殷勤重寄词,e;.y,1
临风听暮蝉,es;/,1
临感忽难收,ezls,1
林昏瘴不开,voha,1
临邛道士鸿都客,eqin,1
林卧愁春尽,vqlb,1
临行密密缝,e.nx,1
临颍美人在白帝,eqiy,1
林月低向后,vuk.,1
令彼征敛者,i..r,1
零泪缘缨流,zcxc,1
泠泠七弦上,ccqe,1
玲珑望秋月,aayu,1
零落依草木,zfkv,1
岭树重遮千里目,dvoj,1
岭外音书绝,dmyx,1
凌烟功臣少颜色,k,qj,1
岭猿同旦暮,d.jf,1
柳边人歇待船归,vbke,1
留别王侍御维,o;ax,1
刘常卿,hcod,1
刘长卿,hlod,1
流传汉地曲转奇,ckcz,1
刘方平,hhai,1
柳拂旌旗露未干,voha,1
六宫粉黛无颜色,yn,j,1
刘脊虚,h,ec,1
六军不发无奈何,yjzk,1
刘郎已恨蓬山远,hhta,1
浏漓顿挫,ccao,1
流落征南将,cf.d,1
六年西顾空吟哦,yoa;,1
流水如有意,ccwy,1
流水十年间,ccfh,1
刘禹锡,hlip,1
柳中庸,v;nt,1
柳宗元,vnaa,1
留醉与山翁,oaak,1
龙池柳色雨中深,zcvc,1
龙池十日飞霹雳,zcfz,1
龙媒去尽鸟呼风,zwrs,1
陇上羊归塞草烟,tei,,1
龙吟虎啸一时发,z;ex,1
龙种自与常人殊,zlla,1
楼阁玲珑五云起,vhar,1
陋儒编诗不收入,tkxk,1
楼上花枝笑独眠,vefj,1
露草覆寒虫,zfa/,1
路出寒云外,sdnm,1
露从今夜白,zkil,1
陆机雄才岂自保,tvzk,1
卢家少妇郁金香,encl,1
卢纶,ebxk,1
鹿门月照开烟树,yhuv,1
路旁时卖故侯瓜,syp.,1
虏骑崩腾畏蒺藜,egdf,1
露气寒光集,zonk,1
虏骑闻之应胆慑,eghn,1
虏塞兵气连云屯,enoa,1
庐山秀出南斗傍,ndlk,1
庐山谣寄卢侍御虚舟,ndyl,1
渌水荡漾清猿啼,ccf;,1
路远不可测,sazc,1
露重飞难进,zosf,1
鸾刀缕切空纷纶,yjxx,1
乱山残雪夜,aday,1
乱我心者,alnr,1
鸾翔凤翥众仙下,yisa,1
銮舆迥出千门柳,yojv,1
论功还欲请长缨,yqzx,1
轮台城北旄头落,qxrf,1
轮台城头夜吹角,qxrj,1
轮台东门送君去,qxqr,1
轮台歌奉送封大夫出师西征,qxq.,1
轮台九月风夜吼,qxl;,1
骆宾王,gnar,1
落帆逗淮镇,fjqi,1
落花,fcfk,1
落花时节又逢君,ffpt,1
落落盘踞虽得地,fflr,1
落日故人情,fpfn,1
落日满秋山,fpcd,1
落日五湖春,fpaz,1
逻娑沙尘哀怨生,/cco,1
络纬秋啼金井阑,xxlh,1
罗帷送上七香车,/jiq,1
洛阳行子空叹息,ct.l,1
洛阳女儿对门居,ctwb,1
洛阳女儿行,ctw.,1
洛阳亲友如相问,ctyh,1
落叶满阶红不扫,f;co,1
落叶满空山,f;cd,1
落叶秋风早,f;lp,1
落叶人何在,f;kz,1
落叶他乡树,f;kv,1
落叶添薪仰古槐,f;cv,1
罗衣欲换更添香,/ykl,1
落月满屋梁,fucc,1
旅馆无良伴,hjak,1
屡貌寻常行路人,b.tk,1
绿树村边合,xvvi,1
旅宿,honk,1
旅夜书怀,hygn,1
绿蚁新醅酒,x/yc,1
绿竹入幽径,xlk.,1
马戴,garp,1
马官厮养森成列,gnza,1
马毛带雪汗气蒸,glff,1
马上相逢无纸笔,gevl,1
马嵬坡下泥土中,gdr;,1
马萧萧,gfft,1
马邑龙堆路几千,g;zl,1
漫卷诗书喜欲狂,ciy.,1
漫叟以公田米酿酒,coxc,1
满座重闻皆掩泣,cnoc,1
茫茫江汉上,ffce,1
茂陵不见封侯印,ftzo,1
茅亭宿花影,fynp,1
茅屋访孤僧,fbyk,1
没蕃故人,cffk,1
每逢佳节倍思亲,o.ky,1
美服患人指,iu;o,1
美酒聊共挥,icao,1
美酒一杯声一曲,icap,1
梅柳渡江春,vvcz,1
美人胡为隔秋水,ikfc,1
美人娟娟隔秋水,ikwc,1
美人卷珠帘,ikin,1
美人清江畔,ikcp,1
美人如花隔云端,ikwy,1
美人相并立琼轩,ikvq,1
美人帐下犹歌舞,ikjo,1
莓苔见履痕,ffjh,1
媚眼惟看宿鹭窠,wjnn,1
没在石棱中,czg;,1
每至夕照低阴,oamt,1
每逐青溪水,oarc,1
门前迟行迹,hiby,1
门前冷落车马稀,hikl,1
门前学种先生柳,hinv,1
扪参历井仰胁息,oxzl,1
门系钓鱼船,hlil,1
孟浩然,gcmz,1
梦魂不到关山难,vazb,1
猛将腰间大羽箭,.dul,1
孟郊,gfyk,1
梦李白二首之二,vvla,1
梦李白二首之一,vvla,1
梦啼妆泪红阑干,v;da,1
梦为远别啼难唤,vha;,1
梦游天姥吟留别,vca;,1
宓妃留枕魏王才,nwof,1
迷花不事君,,fzt,1
迷花倚石忽已暝,,fkp,1
迷津欲有问,,ckh,1
密雨斜侵薜荔墙,nzir,1
庙内老人识神意,njry,1
妙舞此曲神扬扬,woeo,1
灭烛怜光满,a,nc,1
黾勉空仰止,;jne,1
悯馀,nhjs,1
明朝挂帆席,pfon,1
明朝望乡处,pfy.,1
明朝有封事,pfzq,1
名成八阵图,mzkp,1
冥冥孤高多烈风,jjgs,1
冥冥花正开,jjfa,1
冥冥鸟去迟,jjlb,1
冥冥日沈夕,jjpm,1
明眸皓齿今何在,pjlz,1
明年,puoq,1
明年秋,polv,1
名岂文章著,mdyf,1
明日巴陵道,ppti,1
明日隔山岳,ppto,1
明日岁华新,ppdy,1
名属教坊第一部,mbry,1
明我长相忆,plln,1
明月出天山,pudd,1
明月来相照,puap,1
命曰琵琶行,ipa.,1
明月松间照,puvp,1
明朝散发弄扁舟,pfrl,1
明朝驿使发,pfgx,1
鸣筝金粟柱,;liv,1
莫辞更坐弹一曲,faap,1
莫得同车归,f.je,1
莫见长安行乐处,fjl.,1
莫教枝上啼,frv;,1
莫买沃洲山,fgcd,1
漠漠帆来重,ccjo,1
漠漠水田飞白鹭,cccs,1
莫是藁砧归,fpfe,1
莫使金樽空对月,fkiu,1
莫嫌旧日云中守,fwdn,1
莫学武陵人,fnak,1
莫学游侠儿,fncs,1
磨牙吮血,nq;l,1
暮从碧山下,fkaa,1
木落雁南渡,vfzc,1
暮年诗赋动江关,foyi,1
暮去朝来颜色故,frff,1
暮惹御香归,ff.e,1
慕陶真可庶,ftfn,1
牧童敲火牛砺角,oyyj,1
暮雨相呼失,fzvo,1
幕中草檄砚水凝,f;fk,1
暮作吴宫妃,fk;w,1
那堪把剪刀,groj,1
那堪玄鬓影,gryp,1
那堪正飘泊,grac,1
那闻旧人哭,ghd;,1
奈何阻重深,zktc,1
乃作歌以长之,gkqn,1
男儿本自重横行,psv.,1
男儿事长征,psq.,1
南冠客思侵,fjnk,1
南极老人应寿昌,fvrp,1
南陵寓使迟,ftnb,1
南浦清江万里桥,fccv,1
南山归敝庐,fden,1
南山截竹为筚篥,fdrl,1
内府殷红玛瑙盘,jn.l,1
能以精诚致魂魄,xx,l,1
能饮一杯无,xjaa,1
泥他沽酒拔金钗,ckci,1
拟托良媒益自伤,oohk,1
霓为衣兮风为马,zhyg,1
年年越溪女,oorw,1
年年战骨埋荒外,ooem,1
辇前才人带弓箭,zifl,1
年深岂免有缺画,ocda,1
念天地之悠悠,iark,1
年长色衰,oljy,1
鸟飞不到吴天长,lszl,1
鸟亦罢其鸣,ly/;,1
凝绝不通声渐歇,kxzp,1
凝情自悄然,knlm,1
牛渚西江夜,ocay,1
女乐馀姿映寒日,wojp,1
女子今有行,wgi.,1
偶逢佳士亦写真,k.kf,1
偶然值林叟,kmko,1
偶似山林客,kkdn,1
呕哑嘲哳难为听,;;;;,1
排空驭气奔如电,ongp,1
盘赐将军拜舞归,lmde,1
判司卑官不堪说,igly,1
盘飧市远无兼味,lmy;,1
潘岳悼亡犹费词,cony,1
袍裤宫人扫御床,yynn,1
裴迪,eepf,1
佩声归向凤池头,kreh,1
喷云泄雾藏半腹,;acu,1
蓬莱此去无多路,ffes,1
蓬莱宫中日月长,ffnl,1
蓬莱文章建安骨,ffym,1
蓬门今始为君开,fhia,1
蓬门未识绮罗香,fhal,1
烹羊宰牛且为乐,yino,1
琵琶声停欲语迟,aarb,1
琵琶行并序,aa.n,1
披衣觉露滋,oync,1
偏惊物候新,knoy,1
片影独何之,dp.n,1
漂泊西南天地间,ccah,1
飘飘何所似,aakk,1
贫俭诚所尚,kkyc,1
贫贱夫妻百事哀,kmzy,1
贫贱江头自浣纱,kmcx,1
频年不解兵,eozo,1
贫女,kjw,1
屏风九叠云锦张,bslt,1
平海夕漫漫,acmc,1
凭君传语报平安,ktkn,1
平明吹笛大军行,ap;.,1
平明闾巷扫花开,apha,1
平明骑马入宫门,apgh,1
平明送客楚山孤,apig,1
平明寻白羽,aptb,1
平沙莽莽黄入天,acfa,1
平沙日未没,acpc,1
平生自有分,aolk,1
凭轩涕泗流,kqcc,1
平阳歌舞新承宠,atqn,1
颇得清净理,t.ca,1
破邵,gtj;,1
迫之如火煎,lnwi,1
铺床拂席置羹饭,inoj,1
仆失路艰虞,kose,1
浦树远含滋,cvac,1
葡萄美酒夜光杯,ffiv,1
岂必局束为人鞿,dnbr,1
岂不如贼焉,dzwa,1
七层摩苍穹,qbnn,1
岂非正直能感通,deab,1
其间旦暮闻何物,rhpo,1
岂力能制敌欤,dbxa,1
凄凉宝剑篇,kknl,1
凄凉蜀故妓,kk/w,1
齐鲁青未了,yurg,1
其年始改称元和,rowl,1
凄凄不似向前声,kkzr,1
萋萋满别情,ffcn,1
凄凄去亲爱,kkr.,1
岂人,dtk,1
岂上望夫台,deyx,1
其所师,rgea,1
岐王宅里寻常见,danj,1
弃我去者,ylrr,1
綦毋潜,rscz,1
岂无山歌与村笛,dadl,1
其险也如此,rtge,1
岂向人间住,dlkk,1
七言古诗,qyfy,1
七言绝句,qyxl,1
岂伊地气暖,dkrp,1
岂宜重问后庭花,dnof,1
其由来,rpa,,1
其余七匹亦殊绝,riqx,1
岂曰财赋强,dpmt,1
七月七日长生殿,quqb,1
气蒸云梦泽,ofac,1
其中绰约多仙子,r;xg,1
遣悲怀三首之二,;ena,1
遣悲怀三首之三,;ena,1
遣悲怀三首之一,;ena,1
前不见古人,izjk,1
千村万落生荆杞,lvav,1
千呼万唤始出来,l;aa,1
铅华不可弃,ikzy,1
千唤不一回,l;zp,1
千金裘,lif,,1
千金散尽还复来,lira,1
乾坤日夜浮,frpc,1
千里其如何,lprk,1
牵萝补茅屋,zfyb,1
前年伐月支,iokf,1
钱起,iarc,1
千秋尚凛然,llcm,1
千秋万岁名,llam,1
千山鸟飞绝,ldlx,1
千山响杜鹃,ld;;,1
千乘万骑西南行,lla.,1
千树万树梨花开,lvaa,1
潜心默祷若有应,cnpn,1
千寻铁锁沈江底,ltin,1
千岩万壑路不定,ldan,1
牵衣顿足拦道哭,zya;,1
千营共一呼,lfr;,1
乾元初从左拾遗移华州掾,fayo,1
前月浮梁买茶去,iucr,1
千载琵琶作胡语,lray,1
将进酒,dfca,1
羌戎贺劳旋,iabh,1
强移栖息一枝安,tlvn,1
强欲从君无那老,tkkr,1
樵客初传汉姓名,vnym,1
樵人归欲尽,vkeb,1
妾发初覆额,yxyn,1
且放白鹿青崖间,uhlh,1
且乐生前一杯酒,uooc,1
且如今年冬,uwi.,1
且为王孙立斯须,uha.,1
窃闻天子已传位,nhak,1
妾心井中水,ynfc,1
且欲竟寻彭泽宰,ukyn,1
妾住在横塘,ykzr,1
秦地罗敷女,zr/w,1
琴歌,arqd,1
亲朋无一字,yuan,1
秦桑低绿枝,zbkv,1
秦韬玉,zaar,1
琴心三叠道初成,anaz,1
秦中感秋寄远上人,z;zk,1
青霭入看无,rzka,1
清晨入古寺,cpkr,1
清晨再拜铺丹墀,cpar,1
清川带长薄,cdff,1
清川澹如此,cdce,1
晴川历历汉阳树,pdzv,1
晴翠接荒城,pbor,1
清风吹空月舒波,cs;c,1
青枫江上秋帆远,rvca,1
青枫叶赤天雨霜,rv;z,1
清光犹为君,cc.t,1
晴光转绿苹,pcqf,1
青海头,rchz,1
清淮奉使千馀里,cczp,1
青槐夹驰道,rvai,1
清辉淡水木,cccv,1
清辉玉臂寒,ccan,1
清辉照衣裳,ccpc,1
请君试问东流水,ytyc,1
请君为我侧耳听,yth;,1
请留盘石上,yole,1
轻拢慢捻抹复挑,qono,1
青楼自管弦,rvlt,1
青萝拂行衣,rfoy,1
青冥浩荡不见底,rjcn,1
清明日宴梅道士房,cppg,1
青泥何盘盘,rckl,1
青鸟飞去衔红巾,rlsj,1
青鸟殷勤为探看,rl.l,1
情亲见君意,nyjy,1
清秋幕府井梧寒,clfn,1
清泉石上流,clgc,1
情人怨遥夜,nkmy,1
清瑟怨遥夜,camy,1
青山澹吾虑,rdce,1
青山独归远,rd.a,1
青山郭外斜,rdyi,1
青山横北郭,rdvy,1
青山空复情,rdnn,1
青山空向人,rdnk,1
青山朝别暮还见,rdfj,1
轻生一剑知,qoao,1
清时有味是无能,cpzx,1
青松如膏沐,rvwc,1
青天无片云,raaa,1
蜻蜓飞上玉搔头,//sh,1
轻纨细绮相追飞,qxxs,1
清渭东流剑阁深,ccqc,1
清畏人知,cpko,1
青溪,ruc.,1
青溪几曲到云林,rcsv,1
清溪深不测,cccc,1
清心拂尘服,cnou,1
轻烟散入五侯家,q,rn,1
青阳逼岁除,rtqt,1
清月出岭光入扉,cudg,1
青云羡鸟飞,rais,1
轻舟已过万重山,qltd,1
请奏鸣琴广陵客,yz;n,1
穷边有客游,nbzc,1
穷巷牛羊归,nroe,1
秋边一雁声,lbar,1
秋草独寻人去后,lf..,1
秋蝉疏引,l/gt,1
秋登兰山寄张五,lbia,1
秋风吹不尽,ls;b,1
秋风忽忆江东行,lsl.,1
秋歌,lvqd,1
秋花落更迟,lffb,1
秋来未著花,laaf,1
丘峦崩摧,oydo,1
秋日登吴公台上寺远眺,lpbj,1
秋日赴阙题潼关驿楼,lprv,1
秋日望乡心,lpyn,1
秋色从西来,ljka,1
秋山又几重,ldbo,1
秋水日潺湲,lcpc,1
邱为,oahb,1
虬须虎眉仍大颡,/.eb,1
秋雁又南回,lzbp,1
秋夜寄邱员外,lynm,1
秋雨梧桐叶落时,lzvp,1
秋月春风等闲度,luzn,1
秋云暗几重,lapo,1
曲罢曾教善才服,p/ku,1
曲罢悯然,p/nm,1
驱车登古原,gqbz,1
取代幽忧云尔,akdj,1
曲岛苍茫接翠微,plf.,1
驱儿罗酒浆,gs/d,1
曲尽河星稀,pbcl,1
曲径通幽处,p.b.,1
去来江口守空船,racl,1
去年花里逢君别,rof;,1
去世法舟轻,rrcq,1
去时冠剑是丁年,rpjo,1
去时里正与裹头,rpph,1
去时雪满天山路,rpzs,1
瞿塘石城草萧瑟,jrga,1
瞿塘滟预堆,jrcr,1
趣途无百里,riap,1
屈原终投湘水滨,bzxc,1
曲终收拨当心画,pxsa,1
去住彼此无消息,rk.l,1
权德舆,v.oq,1
泉壑带茅茨,leff,1
泉声咽危石,lr;g,1
劝我识作石鼓歌,blyq,1
泉源在庭户,lczg,1
却顾所来径,rzg.,1
却看妻子愁何在,rlaz,1
阙题,hjpa,1
却下水晶帘,racn,1
却嫌脂粉污颜色,rwuj,1
却坐促弦弦转急,rkkj,1
群壑倏已暝,tekp,1
群山万壑赴荆门,tdah,1
群彦今汪洋,tnic,1
然后天梯石栈方钩连,m.aq,1
苒苒几盈虚,ffse,1
绕船月明江水寒,xlun,1
绕床弄青梅,xnav,1
绕弦风雨哀,xtsy,1
人归暮雪时,kefp,1
人归山郭暗,kedp,1
人间亦自有丹丘,khyo,1
人间又见真乘黄,khbr,1
人看隘若耶,klta,1
人贫伤可怜,kkkn,1
人生不相见,kozj,1
人生得意须尽欢,ko.b,1
人生如此自可乐,kowo,1
人生由命非由他,kopk,1
人生有情泪沾臆,kozu,1
人生在世不称意,kozy,1
忍使骅骝气凋丧,jkgf,1
人世几回伤往事,krsq,1
人事音书漫寂寥,kqyn,1
人事有代谢,kqzy,1
人谁感至精,kyz,,1
人随沙路向江村,ktcv,1
仁恤庶无尤,knnz,1
人在木兰舟,kzvl,1
仍怜故乡水,knfc,1
日出雾露馀,pdzj,1
日出云中鸡犬喧,pda;,1
日高花影重,pyfo,1
日光斜照集灵台,pcix,1
日暮复何之,pfon,1
日暮汉宫传蜡烛,pfc,,1
日暮客愁新,pfny,1
日暮聊为梁父吟,pfa;,1
日暮乡关何处是,pfsp,1
日暮掩柴扉,pfog,1
日暮倚修竹,pfkl,1
日色才临仙掌动,pjfa,1
日色冷青松,pjkv,1
日色已尽花含烟,pjt,,1
日夕怀空意,pmny,1
日夕凉风至,pmka,1
日夕望君抱琴至,pmya,1
日销月铄就埋没,piuc,1
日晏犹得眠,pp.j,1
日夜经过赵李家,pyxn,1
日月照耀金银台,pupx,1
戎马关山北,agie,1
容止顺其猷,nedi,1
入蔡缚贼献太庙,kfxn,1
如此至宝存岂多,weam,1
汝从事愈宜为辞,ckqa,1
濡染大笔何淋漓,cczc,1
如听万壑松,w;av,1
如听仙乐耳暂明,w;kp,1
若非巾柴车,fejq,1
若负平生志,fjar,1
飒飒东风细雨来,yyqa,1
塞上曲,nepe,1
塞下曲,nape,1
塞下曲四首之二,napa,1
塞下曲四首之三,napa,1
塞下曲四首之四,nap/,1
塞下曲四首之一,napa,1
三边曙色动危旌,abph,1
散步咏凉天,re;a,1
三春白雪归青冢,azlj,1
散发乘夜凉,rxlk,1
三分割据纡筹策,aknl,1
三顾频烦天下计,azey,1
三晋云山皆北向,aaal,1
三径苦无资,a.fk,1
三军大呼阴山动,ajza,1
三年谪宦此栖迟,aoyb,1
三千宠爱在一身,aln.,1
三日入厨下,apka,1
散入珠帘湿罗幕,rkaf,1
三峡楼台淹日月,advu,1
三峡星河影动摇,adpo,1
三湘愁鬓逢秋色,aclj,1
三夜频梦君,ayet,1
三月三日天气新,auay,1
三朝出入荣,afdf,1
色静深松里,jrcp,1
色难腥腐餐枫香,jbul,1
森然魄动下马拜,vmll,1
僧皎然,klmz,1
僧言古壁佛画好,kyfw,1
沙场烽火侵胡月,cr,u,1
纱窗日落渐黄昏,xnpo,1
沙口石冻马蹄脱,c;gu,1
沙平水息声影绝,cacx,1
杀气三时作阵云,.oaa,1
杀人莫敢前,.kfi,1
杀人如麻,.kwn,1
沙行渡头歇,c.cp,1
山爱夕阳时,d.mp,1
扇裁月魄羞难掩,gruo,1
山川萧条极边土,ddfr,1
山光忽西落,dclf,1
山光悦鸟性,dcnn,1
山红涧碧纷烂漫,dxcc,1
珊瑚碧树交枝柯,aaav,1
山回路转不见君,dpst,1
山居秋暝,dblp,1
山开旷望旋平陆,dapt,1
山口潜行始隈隩,d;ct,1
山林二十年,dvao,1
山暝听猿愁,dp;l,1
山色遥连秦树晚,dj.p,1
山色有无中,djz;,1
山石,dg,1
山石荦确行径微,dgf.,1
山寺钟鸣昼已昏,drio,1
山随平野尽,dtab,1
山为樽,dhvi,1
缮性何由熟,xnky,1
山形依旧枕寒流,dakc,1
山夷又纷然,dzbm,1
山月随人归,dute,1
山月照弹琴,dupa,1
山在虚无缥缈间,dzeh,1
山中习静观朝槿,d;bv,1
山中相送罢,d;v/,1
山中一夜雨,d;az,1
上蔡苍鹰何足道,effi,1
上国随缘住,eptk,1
上将拥旄西出征,edo.,1
上林繁花照眼新,evoy,1
伤麟怨道穷,kymn,1
商女不知亡国恨,ywzn,1
上穷碧落下黄泉,enal,1
商人重利轻别离,ykoy,1
尚想旧情怜婢仆,cvdk,1
尚衣方进翠云裘,cyhf,1
上有黄鹂深树鸣,ezr;,1
上有六龙回日之高标,ezyv,1
上有青冥之长天,ezra,1
少妇城南欲断肠,cwru,1
少妇今春意,cwiy,1
少孤为客早,cghp,1
少陵无人谪仙死,ctaa,1
少陵野老吞生哭,ctp;,1
少年十五二十时,cofp,1
少小离家老大回,ccyp,1
少小虽非投笔吏,cc;q,1
少小幽燕客,ccdn,1
少壮能几时,cdxp,1
舍南舍北皆春水,ific,1
射杀山中白额虎,..de,1
舍生亦如此,ioye,1
赦书一日行万里,rgap,1
麝熏微度绣芙蓉,yo.f,1
谁人更扫黄金台,ykax,1
审藏用之机,nfjv,1
身当恩遇常轻敌,.cpa,1
身登青云梯,.brv,1
身多疾病思田里,.mhp,1
深宫二十年,cnao,1
神欢体自轻,ybkq,1
深林人不知,cvko,1
深柳读书堂,cvyc,1
神妙独数江都王,yw.a,1
慎莫近前丞相嗔,nfo;,1
神女生涯原是梦,ywov,1
沈全期,cira,1
深山何处钟,cdki,1
深山窃听来妖精,cdn,,1
身上无有完肌肤,.eau,1
深锁春光一院愁,cizl,1
身为贾人妇,.haw,1
身无彩凤双飞翼,.a.b,1
慎勿出口他人狙,nld.,1
沈吟放拨插弦中,c;h;,1
身欲奋飞病在床,.kzn,1
深竹暗浮烟,clp,,1
神纵欲福难为功,yxkq,1
深坐蹙蛾眉,ckzb,1
生别常恻恻,o;cn,1
圣朝无阙事,bfaq,1
圣代即今多雨露,bkbz,1
圣代无隐者,bkar,1
圣德北服南单于,b.ea,1
圣恩若许留太学,bpfn,1
生儿不象贤,osze,1
升阶伛偻荐脯酒,ltkc,1
生男埋没随百草,oprf,1
生女犹得嫁比邻,ow.i,1
胜事空自知,uqno,1
生事且弥漫,oquc,1
升堂坐阶新雨足,lck;,1
升天入地求之遍,lakg,1
圣文神武皇帝初,byyy,1
生小不相识,oczy,1
声喧乱石中,r;a;,1
生涯岂料承优诏,ocdy,1
声以动容,rxan,1
胜因夙所宗,upsn,1
生长明妃尚有村,olpv,1
声之寂寞,rnnn,1
省中啼鸟吏人稀,c;;l,1
圣主朝朝暮暮情,byfn,1
势拔五岳掩赤城,ooar,1
侍婢卖珠回,kwfp,1
使臣将王命,kqdi,1
侍儿扶起娇无力,ksob,1
十二楼中尽晓妆,favd,1
是法厅事也,pczg,1
使舫载之,klrn,1
势分三足鼎,okaj,1
试拂铁衣如雪色,yoij,1
石鼓歌,grqd,1
事姑贻我忧,qwmn,1
石鼓之歌止于此,grne,1
十鼓只载数骆驼,fr;g,1
示官吏,anq.,1
石矶西畔问渔船,ggal,1
时见归村人,pjek,1
时见松枥皆十围,pjvp,1
世间行乐亦如此,rh.e,1
誓将报主静边尘,odoc,1
誓将挂冠去,odor,1
誓将上雪列圣耻,odea,1
世界微尘里,rp.p,1
始觉屏障生光辉,wnbc,1
始觉有迁谪意,wnzy,1
使快弹数曲,kntp,1
石廪腾掷堆祝融,gnuq,1
誓令疏勒出飞泉,oigl,1
十六君远行,fyt.,1
世乱同南去,rajr,1
时难年荒世业空,pbon,1
十年离乱后,foy.,1
十年征戍忆辽阳,fo.t,1
侍女金盘脍鲤鱼,kwiu,1
是妾断肠时,py,p,1
时清独北还,pc.z,1
世情恶衰歇,rnap,1
时取一醉,paaa,1
世人解听不解赏,rkjc,1
使人听此凋朱颜,kk;n,1
时人已知处,pkt.,1
是日牵来赤墀下,ppza,1
十三学得琵琶成,fanz,1
世上未有如公贫,reak,1
十觞亦不醉,fjya,1
十生九死到官所,folg,1
世事波上舟,rqcl,1
世事蹉跎成白首,rqsi,1
世事空知学醉歌,rqnq,1
世事两茫茫,rqaf,1
世事茫茫难自料,rqf,,1
时时误拂弦,ppyt,1
始是新承恩泽时,wpyp,1
十四万众犹虎貔,f/a.,1
十四为君妇,f/hw,1
使我不得开心颜,klzn,1
使我三军泪如雨,klaz,1
十五始展眉,fawb,1
是夕,pam,1
失向来之烟霞,olaz,1
是夜越吟苦,pyrf,1
是以陷邻境,pxtr,1
时有落花至,pzfa,1
石鱼湖,gucf,1
石鱼湖上醉歌并序,gucn,1
始与秦塞通人烟,waz,,1
世中遥望空云山,r;.d,1
手把芙蓉朝玉京,oofy,1
手持杯珓导我掷,oovo,1
手持绿玉杖,ooxv,1
受降城外月如霜,.trz,1
书被催成墨未浓,gykc,1
书边事,gbqt,1
数尝於,,chk,1
数丛沙草群鸥散,,kcr,1
蜀道难,/ibk,1
蜀道之难难于上青天,/ina,1
输肝剖胆效英才,quyf,1
戍鼓断人行,zr,.,1
蔬果幸见尝,fprc,1
蜀江水碧蜀山青,/ccr,1
戍客望边色,znyj,1
数里入云峰,,pkd,1
疏粝亦足饱我饥,g,yj,1
戍楼西望烟尘黑,zvap,1
树杪百重泉,vval,1
树木犹为人爱惜,vv.n,1
淑气催黄鸟,cokl,1
蜀琴欲奏鸳鸯弦,/akt,1
庶情沿物应,nncn,1
树色随山迥,vjtj,1
蜀僧抱绿绮,/kox,1
疏松影落空坛静,gvpr,1
数岁亲戎旃,,dyh,1
数问夜如何,,hyk,1
蜀先主庙,/oyn,1
蜀相,/lvj,1
疏雨过中条,gzf.,1
孰云网恢恢,yajn,1
孰云吾道非,yaae,1
数纸尚可博白鹅,,xcl,1
树之微风,vn.s,1
蜀主征吴幸三峡,/y.d,1
双飞西园草,bsaf,1
双泪落君前,bcfi,1
双皮溜雨四十围,btcp,1
霜凄万树风入衣,zkay,1
霜蹄蹴踏长楸间,zssh,1
双袖龙钟泪不干,byza,1
双照泪痕干,bpca,1
谁爱风流高格调,y.sy,1
水澹澹兮生烟,ccc,,1
水滴铜龙昼漏长,ccil,1
谁复著手为摩挲,yofc,1
水寒风似刀,cnsj,1
谁见汀洲上,yjce,1
谁解乘舟寻范蠡,yjlw,1
水晶帘卷近秋河,cpnc,1
水精之盘行素鳞,c,nu,1
谁怜越女颜如玉,ynra,1
水落鱼梁浅,cfuc,1
谁能将旗鼓,yxdr,1
谁能绝人命,yxxi,1
水泉冷涩弦凝绝,clkx,1
水深波浪阔,ccch,1
水声激激风吹衣,crcy,1
谁为表予心,yhrn,1
谁为含愁独不见,yhij,1
水为沼,chcj,1
谁言寸草心,yyfn,1
水月通禅寂,cubn,1
谁知林栖者,yovr,1
顺阴阳之数,dtt,,1
朔方健儿好身手,ihko,1
说尽心中无限事,ybnq,1
愬武古通作牙爪,iaf.,1
四边伐鼓雪海涌,/bkc,1
死别已吞声,a;tr,1
似洞庭,kcna,1
四方环镇嵩当中,/ha;,1
思归多苦颜,pemn,1
嗣皇继圣登夔皋,;lxl,1
四角碍白日,/jgp,1
四郊秋叶惊摵摵,/ylo,1
死节从来岂顾勋,afk;,1
司空曙,gnp/,1
嘶马出门思故乡,;gds,1
斯人不可闻,rkzh,1
斯人独憔悴,rk.n,1
死生长别离,aoly,1
似诉平生不得志,kyar,1
嘶酸雏雁失群夜,;ajy,1
似闻昨者赤松子,khpg,1
四弦一声如裂帛,/tal,1
斯须九重真龙出,r.ld,1
思欲委符节,pklf,1
四月南风大麦黄,/ufr,1
四座无言星欲稀,/nal,1
松柏一迳趋灵宫,vvan,1
送别,iz;b,1
送陈章甫,ityq,1
送崔九,idls,1
送杜少府之任蜀州,ivca,1
松风吹解带,vs;f,1
松际露微月,vtzu,1
送客湓浦口,inc;,1
送李少府贬峡中王少府贬长沙,ivcc,1
送李中丞归汉阳别业,iv;c,1
送灵澈,itcy,1
送孟浩然之广陵,igct,1
送人东游,ikqc,1
送僧归日本,ikev,1
送上人,iek,1
松声晚窗里,vrpp,1
讼斯在,yrzd,1
送魏万之京,ilay,1
送我至剡溪,ilac,1
松下清斋折露葵,vacf,1
松下问童子,vahg,1
送杨氏女,ivow,1
送友人,izk,1
松月生夜凉,vuok,1
松月夜窗墟,vuyr,1
宋之问,nnhj,1
送梓州李使君,ivat,1
搜于岐阳骋雄俊,oadk,1
宿府,nknk,1
宿建德江,nt.c,1
素手抽针冷,rook,1
素手青条上,rore,1
素手玉房前,roai,1
宿桐庐江寄广陵旧游,nvnc,1
宿王昌龄隐居,napb,1
苏武魂销汉使前,faai,1
苏武庙,fanp,1
宿业师山房待丁大不至,ncea,1
随风满地石乱走,tscr,1
隋宫,tzn;,1
遂教方士殷勤觅,irh.,1
遂令东山客,iiqn,1
遂令天下父母心,iian,1
遂命酒,iica,1
岁暮归南山,dfed,1
岁暮阴阳催短景,dftp,1
随山到水源,tdac,1
随山将万转,tddq,1
虽生意可知,;oyo,1
岁时伏腊走村翁,dpkk,1
岁岁金河复玉关,ddii,1
虽无宾主意,;any,1
睢盱侦伺能鞠躬,jjk.,1
岁夜高堂列明烛,dyy,,1
随意春芳歇,tyzp,1
虽有绝顶谁能穷,;zxn,1
所得是沾衣,g.py,1
所守或匪亲,gnqy,1
锁衔金兽连环冷,i.ik,1
他年锦里经祠庙,koin,1
榻上庭前屹相向,venl,1
他生缘会更难期,koxr,1
塔势如涌出,rowd,1
他乡复行役,kso.,1
他乡生白发,ksox,1
态浓意远淑且真,zcyf,1
苔色连深竹,fjql,1
苔深不能扫,fczo,1
太液芙蓉未央柳,zcfv,1
太乙近天都,zsor,1
太真含笑入帘来,zfia,1
叹凤嗟身否,;s;z,1
弹剑作歌奏苦声,tikr,1
弹琴,tgar,1
弹琴复长啸,tao;,1
叹息未应闲,;lah,1
潭烟飞溶溶,c,sc,1
潭影空人心,cpnn,1
汤盘孔鼎有述作,clgk,1
唐玄宗,nyna,1
桃花尽日随流水,vfbc,1
桃花溪,vfc.,1
桃李阴阴柳絮飞,vvts,1
陶然共忘机,tmrv,1
陶然共醉菊花杯,tmrv,1
桃源行,vc.a,1
腾骧磊落三万匹,uggq,1
题大庾岭北驿,pzng,1
题金陵渡,pitc,1
剔开红焰救飞蛾,pax/,1
题破山寺后禅院,pgdt,1
啼时惊妾梦,;pnv,1
天边树若荠,abvf,1
天长地久有时尽,alrb,1
天长路远魂飞苦,alsf,1
天地为之久低昂,arhp,1
天地一沙鸥,araq,1
天地英雄气,arfo,1
田夫荷锄立,pzfy,1
天寒翠袖薄,anbf,1
天寒梦泽深,anvc,1
天假神柄专其雄,akyz,1
添酒回灯重开宴,ccpn,1
天路幽险难追攀,asdv,1
天明独去无道路,ap.s,1
天末怀李白,avnl,1
天姥连天向天横,awqv,1
天畔独潸然,ap.m,1
天气晚来秋,aopl,1
天秋月又满,aluc,1
天上人间会相见,aekj,1
天生丽质难自弃,aoay,1
天生我材必有用,aolj,1
天台四万八千丈,ax/z,1
天外三峰削不成,amaz,1
天旋地转回龙驭,ahrg,1
天涯共此时,acrp,1
天涯孤棹还,acgz,1
天涯哭此时,ac;p,1
天涯若比邻,acfi,1
天涯霜雪霁寒霄,aczz,1
天涯涕泪一身遥,acc.,1
天涯占梦数,ace,,1
天阴雨湿声啾啾,atz;,1
田园寥落干戈后,ppn.,1
天子非常赐颜色,agej,1
迢递三巴路,jkas,1
迢递嵩高下,jkda,1
迢递送斜晖,jkip,1
岧峣太华俯咸京,ddzy,1
铁骑突出刀枪鸣,ign;,1
铁衣远戍辛勤久,iyaj,1
听安万善吹筚篥歌,;naq,1
停杯投箸不能食,kvoi,1
停船暂借问,klqh,1
听董大弹胡笳声兼寄语弄房给事,;fzq,1
停舫临孤驿,kleg,1
听其音,;ryp,1
听蜀僧浚弹琴,;/ka,1
听筝,;olj,1
听钟未眠客,;ian,1
汀洲无浪复无烟,cca,,1
同从弟南斋玩月忆山阴崔少府,jkkn,1
同居长干里,jblp,1
铜炉华烛烛增辉,i,kc,1
同辇随君侍君侧,jztk,1
铜雀春深锁二乔,iczl,1
通神明,bypu,1
同时辈流多上道,jpei,1
同是长干人,jplk,1
同是宦游人,jpnk,1
同是天涯沦落人,jpak,1
同题仙游观,jpkb,1
同心与我违,jnaa,1
同穴窅冥何所望,jnny,1
童颜若可驻,ynfg,1
同殷仲文之古树,j.kv,1
童稚开荆扉,ylag,1
头上何所有,hekz,1
投诗赠汨罗,oym/,1
徒此挹清芬,.eof,1
涂改清庙生民诗,ctcy,1
徒劳恨费声,.fnr,1
徒令上将挥神笔,.iel,1
涂穷反遭俗眼白,cn.l,1
突兀压神州,naza,1
徒言树桃李,.yvv,1
蜕其皮也,/rtg,1
晚次鄂州,pa;a,1
万方多难此登临,ahme,1
晚风吹行舟,ps;l,1
万夫莫开,azfa,1
万古青蒙蒙,afrf,1
万古惟留楚客悲,afne,1
万古云霄一羽毛,afal,1
万国衣冠拜冕旒,apyh,1
万壑树参天,aeva,1
万户捣衣声,agor,1
晚家南山陲,pnft,1
晚见雁行频,pjze,1
万径人踪灭,a.ka,1
万籁百泉相与秋,alal,1
万籁此俱寂,alen,1
晚来天欲雪,paaz,1
万里悲秋常作客,apen,1
万里浮云阴且晴,apcp,1
万里归心对月明,apep,1
万里寒光生积雪,apnz,1
万里黄河绕黑山,aprd,1
万里禽兽皆遮罗,api/,1
万里送行舟,apil,1
万里眼中明,apjp,1
万里云罗一雁飞,apas,1
晚年惟好静,ponr,1
万牛回首丘山重,aopo,1
万顷江田一鹭飞,aqcs,1
万事不关心,aqzn,1
万事随转烛,aqt,,1
剜苔剔藓露节角,nfpj,1
晚有弟子传芬芳,pzkf,1
宛转蛾眉马前死,nq/a,1
王勃,arfj,1
王昌龄,apei,1
辋川闲居赠裴秀才迪,qdhp,1
望帝春心托杜鹃,yyz;,1
望洞庭湖赠张丞相,ycnv,1
王翰,arfp,1
望蓟门,yfhj,1
忘迹世所逐,yyra,1
王建,artf,1
王浚楼船下益州,acva,1
望君烟水阔,yt,h,1
往来成古今,.azi,1
王孙归不归,agee,1
王孙善保千金躯,agi.,1
王孙自可留,aglo,1
王湾,arcy,1
往往取酒还独倾,..ak,1
王维,arxk,1
望仙楼上望君王,ykva,1
望岳,ysoa,1
望月怀远,yuna,1
王之涣,ancj,1
未谙姑食性,aywn,1
未必逢矰缴,an.x,1
未成曲调先有情,azpn,1
为乘阳气行时令,hlti,1
渭川田家,cdpn,1
未辞剪伐谁能送,aaii,1
未得报恩不能归,a.oe,1
未睹斯民康,ajrn,1
未妨惆怅是清狂,awn.,1
微风吹兰杜,.s;v,1
韦讽录事宅观曹将军画马图,aytp,1
为感君王辗转思,hztp,1
危乎高哉,jlyr,1
未几拂荆扉,asog,1
危机之未安,jvnn,1
惟见长江天际流,njlc,1
唯见江心秋月白,;jcl,1
唯见林花落,;jvf,1
唯将迟暮供多病,;dbh,1
唯将旧物表深情,;ddn,1
惟将终夜长开眼,ndxj,1
未解忆长安,ajnn,1
惟觉时之枕席,nnpn,1
为君翻作琵琶行,htl.,1
惟怜一灯影,nnap,1
未免捶楚尘埃间,ajoh,1
危樯独夜舟,jv.l,1
卫青不败由天幸,jrzr,1
微霜凄凄簟色寒,.zkn,1
渭水自萦秦塞曲,cclp,1
为他人作嫁衣裳,hkkc,1
畏涂巉岩不可攀,pcdv,1
为问天戎窦车骑,hhag,1
为我度量掘臼科,hlnl,1
帷幄未改神惨伤,jjak,1
为我一挥手,hlao,1
未休关西卒,akiy,1
未央前殿月轮高,ajiy,1
微阳下楚丘,.tao,1
维扬忆旧游,xonc,1
未摇落而先衰,aofy,1
韦应物,anof,1
未有涓埃答圣朝,azcf,1
惟有饮者留其名,nzjm,1
惟有幽人自来去,nzdr,1
微雨霭芳原,.zzz,1
惟馀钟磬音,njiy,1
韦庄,aanr,1
文采风流今尚存,y.sz,1
闻蝉但益悲,h/ke,1
文成破体书在纸,yzgx,1
闻船中夜弹琵琶者,hl;r,1
问答乃未已,hlgt,1
闻道故林相识多,hifm,1
问道归凤翔,hiei,1
闻道汉家天子使,hick,1
闻道黄龙戍,hirz,1
闻道欲来相问讯,hiky,1
闻道玉门犹被遮,hian,1
闻风坐相悦,hskn,1
闻官军收河南河北,hnje,1
闻蟪蛄之流声,h//r,1
问君何所之,htkn,1
问客何为来,hnka,1
问刘十九,hhfl,1
问其人,hrk,1
温泉水滑洗凝脂,clcu,1
温庭筠,cnlr,1
文翁翻教授,yklo,1
问我来何方,hlah,1
问姓惊初见,hwnj,1
文章憎命达,yynz,1
问之不肯道姓名,hnzm,1
我辈复登临,leoe,1
我本楚狂人,lvvk,1
我持长瓢坐巴丘,lolo,1
我从去年辞帝京,lkry,1
我独不得出,l.zd,1
我歌今与君殊科,lqil,1
我歌月徘徊,lqu.,1
我行殊未已,l.at,1
卧后清宵细细长,q.cl,1
我家襄水曲,lnyp,1
我来正逢秋雨节,laaf,1
卧龙跃马终黄土,qzsr,1
我闻琵琶已叹息,lhal,1
我舞影凌乱,lopa,1
我心素已闲,lnrh,1
我亦举家清,lync,1
我欲因之梦吴越,lkpr,1
我醉君复乐,lato,1
吾爱孟夫子,a.gg,1
无边落木萧萧下,abfa,1
无才日衰老,afpr,1
吴楚东南坼,;vqr,1
武帝祠前云欲散,ayyr,1
屋底达官走避胡,bnzf,1
无复射蛟江水中,ao.;,1
五更鼓角声悲壮,aard,1
五更疏欲断,aag,,1
吾观自古贤达人,ablk,1
武侯祠屋常邻近,akyo,1
呜呼圣皇及圣相,;;bv,1
呜呼吾意其蹉跎,;;as,1
五湖烟水独忘机,ac,v,1
五花连钱旋作冰,afqk,1
五花马,afga,1
武皇开边意未已,alat,1
吴姬压酒唤客尝,;wzc,1
无家问死生,anho,1
乌江十五兄,lcf;,1
五陵北原上,atee,1
五陵佳气无时无,atka,1
五陵年少争缠头,atoh,1
五马莫留连,agfq,1
吾谋适不用,ayaj,1
吾宁爱与憎,an.n,1
悟平反之已奏,na.z,1
无人收废帐,aksj,1
无人收拾理则那,aksg,1
无人信高洁,akkc,1
无如此处学长生,aweo,1
无使蛟龙得,ak/.,1
五十年间似反掌,afoc,1
乌孙部落家乡远,lgya,1
无题,azpa,1
无题二首之二,apaa,1
无题二首之一,apaa,1
梧桐相待老,vvvr,1
无为在歧路,ahzs,1
勿谓知音稀,lyol,1
五溪衣服共云山,acyd,1
巫峡啼猿数行泪,qd;c,1
五言绝句,ayxl,1
五言乐府,ayon,1
乌衣巷,lyrk,1
乌衣巷口夕阳斜,lyri,1
五月不可触,auzj,1
五岳祭秩皆三公,aomk,1
五月西施采,aua.,1
悟悦心自足,nnn;,1
五岳寻仙不辞远,aota,1
吴中盛文史,;;z;,1
吴中张翰称达生,;;to,1
戏罢曾无理曲时,b/kp,1
夕避长蛇,mbl/,1
西鄙人,a;k,1
昔别君未婚,r;tw,1
细草微风岸,xf.d,1
细草香闲小洞幽,xfld,1
西出都门百馀里,adrp,1
夕次盱眙县,maju,1
西当太白有鸟道,aczi,1
夕殿萤飞思悄然,mbfm,1
西风生翠萝,asof,1
夕奉天书拜琐闱,mzah,1
西宫南内多秋草,anff,1
昔何勇锐今何愚,rkbp,1
溪花与禅意,cfay,1
喜见外弟又言别,rjm;,1
西郊胡正繁,ayfo,1
溪居,c.bf,1
细柳新蒲为谁绿,xvyx,1
西楼望月几回圆,avyp,1
西路蝉声唱,as/;,1
昔人已乘黄鹤去,rktr,1
昔日长城战,rple,1
昔日横波目,rpvj,1
昔日太宗拳毛騧,rpzg,1
昔日戏言身后事,rpbq,1
西塞山怀古,andf,1
西山白雪三城戍,adlz,1
西山寇盗莫相侵,adnk,1
西山鸾鹤群,adyt,1
昔时飞箭无全目,rpsj,1
西施宁久微,ahn.,1
昔时燕家重郭隗,rprt,1
西施咏,ah;h,1
洗手作羹汤,cokc,1
昔岁逢太平,rd.a,1
昔随刘氏定长安,rthn,1
喜外弟卢纶见宿,rmkn,1
昔闻洞庭水,rhcc,1
栖栖一代中,vva;,1
西下峨眉峰,aadd,1
夕阳度西岭,mtnd,1
夕阳无限好,mtaw,1
夕阳依旧垒,mtkx,1
昔有佳人公孙氏,rzko,1
惜与故人违,nafa,1
西原贼入道州,azma,1
昔者吴人张旭善草书书帖,rr;j,1
羲之俗书趁姿媚,inkw,1
犀箸餍饫久未下,blza,1
下床畏蛇食畏药,anpf,1
夏歌,alqd,1
下江陵,actr,1
下窥指高鸟,anol,1
峡里谁知有人事,dpyq,1
下马饮君酒,agjc,1
夏日南亭怀辛大,apfz,1
夏水欲满君山青,ackr,1
下有冲波逆折之回川,azkd,1
下有渌水之波澜,azcc,1
下终南山过斛斯山人宿置酒,axfc,1
闲爱孤云静爱僧,h.gk,1
闲持贝叶书,homg,1
先帝侍女八千人,oykk,1
先帝天马玉花骢,oyag,1
鲜肥属时禁,uubv,1
先拂声弦后角羽,oorb,1
献赋十年犹未遇,fmfp,1
县官急索租,unjl,1
闲窥石镜清我心,hngn,1
闲来垂钓碧溪上,haoe,1
闲鹭栖常早,hsvp,1
闲门向山路,hhls,1
先期汗漫九垓上,orce,1
先遣小姑尝,o;cc,1
仙人掌上雨初晴,kkcp,1
先时已入人肝脾,optu,1
仙台初见五城楼,kxyv,1
仙桃正发花,kvaf,1
弦弦掩抑声声思,ttop,1
咸言意气高,zyyy,1
闲依农圃邻,hkji,1
闲倚一枝藤,hkaf,1
仙乐风飘处处闻,kosh,1
纤云四卷天无河,xa/c,1
仙之人兮列如麻,knkn,1
先主武侯同閟宫,oyan,1
闲坐悲君亦自悲,hkee,1
闲坐说玄宗,hkyn,1
相悲各问年,ve.o,1
相对亦忘言,vbyy,1
相逢何必曾相识,v.ky,1
相见时难别亦难,vjpb,1
相见语依依,vjyk,1
相看白刃血纷纷,vllx,1
向来吟秀句,la;l,1
乡泪客中尽,scnb,1
相留畏晓钟,vopi,1
香炉瀑布遥相望,l,cy,1
相期邈云汉,vr.c,1
乡书不可寄,sgzn,1
乡书何处达,sgkz,1
湘水无情吊岂知,ccao,1
相思,vjpn,1
相思愁白苹,vplf,1
相送情无限,vint,1
向晚意不适,lpya,1
相望始登高,vywy,1
香雾云鬟湿,lzac,1
相携及田家,voln,1
乡心新岁切,snyq,1
香烟欲傍衮龙浮,l,kc,1
襄阳好风日,ytwp,1
香叶终经宿鸾凤,l;xs,1
相忆采芙蓉,vn.f,1
乡音无改鬓毛衰,syay,1
相迎不道远,voza,1
相与烜赫流淳熙,va,q,1
销愁斗几千,ilhl,1
晓耕翻露草,pflf,1
孝恭遵妇道,rrii,1
箫鼓哀吟感鬼神,lryy,1
小姑居处本无郎,cwbh,1
箫鼓喧喧汉将营,lr;f,1
霄汉长怀捧日心,zcln,1
晓汲清湘燃楚烛,pcc,,1
晓镜但愁云鬓改,pikt,1
效颦安可希,yen.,1
晓是舞者,ppor,1
萧疏鬓已斑,fgza,1
晓随天仗入,ptak,1
萧条异代不同时,f.tp,1
校尉羽书飞瀚海,vbbc,1
笑问客从何处来,lhna,1
小弦切切如私语,ctqy,1
萧萧班马鸣,ffa;,1
逍遥池阁凉,c.ck,1
小园花乱飞,cpfs,1
晓月过残垒,pufx,1
斜拔玉钗灯影畔,ioap,1
谢公宿处今尚在,yknz,1
谢公行处苍苔没,yk.c,1
谢公最小偏怜女,ykpw,1
斜光照墟落,icpf,1
斜倚薰笼坐到明,ikfp,1
新炊间黄粱,y,hc,1
心断新丰酒,n,yc,1
新鬼烦冤旧鬼哭,yo,;,1
新嫁娘,ywwh,1
新年作,yoko,1
心期卧亦赊,nrqm,1
心轻万事皆鸿毛,nqal,1
新人美如玉,ykia,1
心随明月到胡天,ntpa,1
心随雁飞灭,ntza,1
欣欣此生意,ooey,1
心异於曩时,nthp,1
心有灵犀一点通,nztb,1
信知生男恶,kooa,1
新知遭薄俗,yoqk,1
新妆宜面下朱楼,ydnv,1
星垂平野阔,poah,1
幸此南夷谪,refy,1
性达形迹忘,nzay,1
行到水穷处,.ac.,1
行到中庭数花朵,.a;s,1
行宫,.an;,1
行宫见月伤心色,.njj,1
星宫之君醉琼浆,pnnd,1
星河秋一雁,pclz,1
兴尽方下山,nbhd,1
行尽青溪不见人,.brk,1
行经华阴,.xkt,1
行军司马智且勇,.jgb,1
兴来美独往,nai.,1
行乐须及春,.o.z,1
星临万户动,peaa,1
行路难,.sbk,1
行路难三首之二,.sba,1
行路难三首之三,.sba,1
行路难三首之一,.sba,1
行人但云点行频,.kke,1
行人刁斗风沙暗,.kgp,1
行人弓箭各在腰,.ktu,1
兴是清秋发,npcx,1
醒时同交欢,apjb,1
兴因庐山发,npnx,1
星月掩映云朣胧,puou,1
行舟绿水前,.lxi,1
兄弟离散,;kyr,1
兄弟遭杀戮,;kqb,1
雄飞雌从绕林间,zseh,1
匈奴草黄马正肥,lwfu,1
熊咆龙吟殷岩泉,x;zl,1
羞将白发对华簪,idll,1
绣罗衣裳照暮春,x/yz,1
羞颜未尝开,inaa,1
羞逐长安社中儿,ials,1
许浑,yocj,1
须尽丘壑美,.boi,1
墟里上孤烟,rpe,,1
须如猬毛磔,.w.g,1
须行即骑访名山,..bd,1
须臾静扫众峰出,.ord,1
宣王愤起挥天戈,nana,1
宣州谢朓楼饯别校书叔云,naya,1
薛逢,fl.f,1
雪肤花貌参差是,zufp,1
血色罗裙翻酒污,lj/c,1
雪上空留马行处,zen.,1
学书初学卫夫人,ngyk,1
血污游魂归不得,lcc.,1
循环不可寻,.azt,1
寻陆鸿渐不遇,ttcp,1
寻南溪常山道人隐居,tfcb,1
寻声暗问弹者谁,trpy,1
寻西山隐者不遇,tadp,1
浔言江头夜送客,cycn,1
浔阳地僻无音乐,ctro,1
寻隐者不遇,ttrp,1
亚相勤王甘苦辛,avry,1
烟波江上使人愁,,ccl,1
燕草如碧丝,rfws,1
言迟更速皆应手,ybao,1
眼穿仍欲归,jnke,1
焉得置之贡玉堂,a./c,1
岩扉松径长寂寥,dgvn,1
燕歌行并序,rq.n,1
烟花三月下扬州,,faa,1
沿洄安得住,ccnk,1
掩泪空相向,ocnl,1
烟笼寒水月笼沙,,lnc,1
烟鸟栖初定,,lvn,1
言讫屡颔天子颐,yybq,1
宴寝凝清香,nnkl,1
言入黄花川,ykrd,1
艳色天下重,fjao,1
岩上无心云相逐,deaa,1
言师采药去,ye.r,1
燕台一去客心惊,rxan,1
烟涛微茫信难求,,c.f,1
燕尾绣蝥弧,rbxt,1
雁下芦洲白,zafl,1
烟销日出不见人,,ipk,1
演漾在窗户,cczg,1
焉知二十载,aoar,1
阳春一曲和皆难,tzab,1
羊公碑字在,ikgz,1
阳和不散穷途恨,tlzn,1
杨花雪落覆白苹,vfzf,1
杨家有女初长成,vnzz,1
仰见突兀撑青空,kjnn,1
仰聆金玉章,kaiy,1
杨柳散和风,vvrs,1
漾漾泛菱荇,cccf,1
扬扬燕新乳,oor.,1
阳月南飞雁,tufz,1
养在深闺人未识,izcy,1
遥隔楚云端,.tvy,1
遥寄海西头,.nch,1
遥见仙人彩云里,.jkp,1
遥看一处攒云树,.lav,1
遥窥正殿帘开处,.na.,1
遥怜小儿女,.ncw,1
摇落深知宋玉悲,ofce,1
邀人傅脂粉,lkk,,1
邀入赤松家,lkrn,1
窈窕丹青户牖空,nnjn,1
邀我至田家,llan,1
腰下宝玦青青珊瑚,uana,1
腰悬相印作都统,uuvx,1
杳杳钟声晚,vvip,1
遥夜泛清瑟,.yca,1
药院滋苔纹,ftcx,1
遥知兄弟登高处,.o;.,1
夜半无人私语时,yiap,1
夜半钟声到客船,yiil,1
夜榜响溪石,yv;g,1
夜泊牛渚怀古,ycof,1
夜泊秦淮近酒家,yczn,1
也曾因梦送钱财,gkpm,1
野渡无人舟自横,pcav,1
夜飞延秋门上呼,ysl;,1
业复五铢钱,coai,1
夜归鹿门山歌,yeyq,1
谒衡岳庙遂宿岳寺题门楼,y.ov,1
野火烧不尽,p,,b,1
野径入桑麻,p.kn,1
夜久侵罗袜,yjky,1
曳裾王门不称情,pyan,1
野哭千家闻战伐,p;lk,1
野旷天低树,ppav,1
夜来风雨声,yasr,1
野老念牧童,priy,1
野老与人争席罢,pra/,1
野鹿呦呦走堂下,py;a,1
野幕蔽琼筵,pffl,1
耶娘妻子走相送,awai,1
夜上受降城闻笛,ye.l,1
夜深忽梦少年事,yclq,1
夜深静卧百虫绝,ycrx,1
夜深前殿按歌声,ycir,1
野蔬充膳甘长藿,pfyf,1
夜思,ykpn,1
野寺人来少,prkc,1
夜投佛寺上高阁,yokh,1
野望,prys,1
邺县见公孙大娘舞西河剑器,cuj;,1
夜吟应觉月光寒,y;nn,1
夜雨剪春韭,yzie,1
夜雨闻铃肠断声,yzhr,1
夜月愁空山,yuld,1
野云万里无城郭,paay,1
一杯相属君当歌,avvq,1
一别音容两渺茫,a;yf,1
仪曹外郎载笔随,kqmt,1
一川碎石大如斗,adgh,1
移船相近邀相见,llvj,1
依丛适自憩,kkaa,1
一寸相思一寸灰,afvz,1
一夫当关,azci,1
役夫敢申恨,.zqn,1
夷歌数处起渔樵,zq,v,1
移官岂至尊,lndi,1
遗恨失吞吴,;no;,1
以火来照所见稀,x,al,1
移家虽带郭,ln;y,1
一剑曾当百万师,aike,1
一箭正坠双飞翼,alab,1
意匠惨淡经营中,yqn;,1
已经百日窜荆棘,txav,1
一举累十觞,anpj,1
忆君迢迢隔青天,ntja,1
意恐迟迟归,yqbe,1
一览众山小,aekc,1
倚立自移时,kylp,1
一路经行处,asx.,1
亦能画马穷殊相,yxav,1
一年明月今宵多,aopm,1
一片冰心在玉壶,adkv,1
一片降幡出石头,adth,1
意气骄奢剧季伦,yogk,1
一丘尝欲卧,aocq,1
一曲红绡不知数,apx,,1
一去紫台连朔漠,arec,1
怡然敬父执,nmfo,1
已忍伶俜十年事,tjkq,1
衣上灞陵雨,yecz,1
衣裳已施行看尽,yctb,1
一身转战三千里,a.qp,1
一生好入名山游,aowc,1
一声何满子,arkg,1
一声已动物皆静,artr,1
衣食才足甘长终,yifx,1
疑是地上霜,qprz,1
以手抚膺坐长叹,xoo;,1
一树碧无情,avan,1
驿树西连汉畤平,gvaa,1
已似长沙傅,tklk,1
一岁一枯荣,adaf,1
一弹一十有八拍,atao,1
一体君臣祭祀同,aktj,1
义往难复留,..bo,1
以为封禅玉检明堂基,xhrr,1
一为取龙城,ahar,1
以我独沉久,xl.j,1
一舞剑器动四方,aoih,1
疑误有新知,qyzo,1
忆昔初蒙博士征,nry.,1
忆昔霓旌下南苑,nrzf,1
一洗万古凡马空,acan,1
忆昔巡幸新丰宫,nrwn,1
一弦一柱思华年,atao,1
一宿行人自可愁,an.l,1
噫吁戏,;;ba,1
遗言冀可冥,;yej,1
一夜飞渡镜湖月,aysu,1
一夜乡心五处同,aysj,1
一夜絮征袍,aywy,1
一夜征人尽望乡,ay.s,1
一一生绿苔,aaof,1
意疑倚巴丘,yqko,1
邑有流亡愧俸钱,;zci,1
意欲凌风翔,ykki,1
倚杖柴门外,kvem,1
倚杖候荆扉,kvkg,1
一朝选在君王侧,afok,1
弋者何所慕,arkf,1
移舟泊烟渚,llcc,1
贻诸知己,myot,1
忆昨路绕锦亭东,npsq,1
以作时世贤,xkpe,1
引臂向鱼取酒,tblc,1
因出此门,pdeh,1
隐处唯孤云,t.;a,1
因而和焉,pala,1
阴风惨澹天王旗,tsnh,1
因风想玉珂,psva,1
引竿自刺船,tlll,1
饮高秋之坠露,jylz,1
银河倒挂三石梁,ickc,1
饮马渡秋水,jgcc,1
银瓶乍破水浆迸,iioi,1
阴气晦昧无清风,tops,1
吟乔,;ilz,1
阴晴众壑殊,tpka,1
因望月有感,pyuz,1
因为长句,phll,1
因休暇,pkpe,1
阴阳割昏晓,ttnp,1
隐隐飞桥隔野烟,tts,,1
阴阴夏木啭黄鹂,ttaa,1
隐者自怡悦,trln,1
因之传远情,pnkn,1
影动倒景摇潇湘,pakc,1
应共冤魂语,nrjy,1
应见陇头梅,njtv,1
应将性命逐轻车,ndnq,1
映阶碧草自春色,ptaj,1
应节为变,nfhy,1
英灵尽来归,ftbe,1
影落明湖青黛光,pfpc,1
应是钓秋水,npic,1
莺啼送客闻,f;ih,1
莺啼燕语报新年,f;ro,1
影徒随我身,p.t.,1
鹦鹉前头不敢言,maiy,1
英雄割据虽已矣,fznx,1
应有未招魂,nzaa,1
应知故乡事,nofq,1
莺啭皇州春色阑,f;lh,1
英姿飒爽犹酣战,faye,1
永怀愁不寐,hnln,1
永怀当此节,hncf,1
咏怀古迹五首之二,;nfa,1
咏怀古迹五首之三,;nfa,1
咏怀古迹五首之四,;nf/,1
咏怀古迹五首之五,;nfa,1
咏怀古迹五首之一,;nfa,1
拥彗折节无嫌猜,ofo.,1
永结无情游,hxac,1
永日方戚戚,hphz,1
咏神圣功书之碑,;ybg,1
永夜角声悲自语,hyjy,1
犹抱琵琶半遮面,.oaa,1
有悲往事,ze.q,1
有弟皆分散,zkqr,1
有耳莫洗颍川水,zafc,1
有古槐数株焉,zfva,1
有酒不饮奈明何,zczk,1
幽居默默如藏逃,dbps,1
幽居在空谷,dbzk,1
犹堪一战取功勋,.ra;,1
有口莫食首阳蕨,z;ff,1
由来轻七尺,paqb,1
由来征战地,pa.r,1
有目斯开,zjra,1
有切尝闻,zqch,1
幽人归独卧,dkeq,1
幽人应未眠,dknj,1
犹是孤帆一日程,.pgl,1
有时空望孤云高,zpny,1
犹似霓裳羽衣舞,.kzo,1
又送王孙去,biar,1
幼为长所育,xhly,1
又闻此语重唧唧,bhe;,1
又闻子规啼,bhg;,1
有仙都羽化之灵姿,zkra,1
又向人家啄大屋,blkb,1
幽咽泉流水下滩,d;lc,1
幽意无断绝,dyax,1
犹疑照颜色,.qpj,1
有翼自薄,zblf,1
幽音变调忽飘洒,dyyc,1
幽映每白日,dpop,1
悠悠生死别经年,kkoo,1
游子久不至,cgja,1
犹自梦渔樵,.lvv,1
游子身上衣,cg.y,1
游子吟,cg;i,1
犹自音书滞一乡,.lys,1
语罢暮天钟,y/fi,1
欲把一麾江海去,koar,1
愈拜稽首蹈且舞,illo,1
欲持一瓢酒,koac,1
予出官二年恬然自安,bdnn,1
御厨络绎送八珍,.zxa,1
玉珰缄札何由达,aaxz,1
欲得周郎顾,k.jz,1
玉殿虚无野寺中,abe;,1
欲渡黄河冰塞川,kcrd,1
与尔同消万古愁,ajjl,1
与高适薛据登慈恩寺浮图,ayap,1
渔歌入浦深,cqkc,1
余公孙大娘弟子也,ikgg,1
玉虎牵丝汲井回,aezp,1
玉花却在御榻上,afre,1
欲济无舟楫,kcav,1
欲祭疑君在,kmqz,1
欲将轻骑逐,kdqa,1
预将书报家,bdgn,1
玉阶生白露,atoz,1
玉阶仙仗拥千官,atkn,1
玉阶怨,atmg,1
於今腐草无萤火,hin,,1
余禁所禁垣西,ivga,1
于今为庶为青门,aihh,1
玉筋应啼别离后,aln.,1
玉京群帝集北斗,ayth,1
与君歌一曲,atqp,1
与君离别意,atyy,1
与君营奠复营斋,atfy,1
玉垒浮云变古今,axci,1
渔梁渡头争渡喧,ccc;,1
雨淋日炙野火燎,zcp,,1
鱼龙听梵声,uz;r,1
玉楼天半起笙歌,avaq,1
玉楼宴罢醉和春,avnz,1
玉貌锦衣,a.iy,1
玉盘珍羞值万钱,alai,1
于潜七兄,acq;,1
与亲,agyv,1
欲穷千里目,knlj,1
欲取鸣琴弹,ka;t,1
欲去问西家,krhn,1
欲取芜城作帝家,kafn,1
圉人太仆皆惆怅,pkzn,1
羽人稀少不在旁,bkly,1
玉容寂寞泪阑干,anna,1
欲上青天览明月,keru,1
余尚童稚,icyl,1
羽书昨夜过渠黎,bgpl,1
玉台体,axkv,1
欲投人处宿,kokn,1
欲往城南望城北,k.re,1
渔翁,cukx,1
渔翁夜傍西岩宿,ckyn,1
玉玺不缘归日角,ajzj,1
羽檄交驰日夕闻,bvyh,1
馀响入霜钟,j;ki,1
庾信平生最萧瑟,nkaa,1
欲行不行各尽觞,k.zj,1
雨雪纷纷连大漠,zzxc,1
欲寻芳草去,ktfr,1
渔阳鼙鼓动地来,ctra,1
余亦乘舟归鹿门,iylh,1
欲以菲薄明其衷,kxfq,1
余亦能高咏,iyx;,1
余亦谢时去,iyyr,1
欲饮琵琶马上催,kjak,1
御宇多年求不得,.nm.,1
与余问答既有以,aihx,1
御苑砧声向晚多,.fgm,1
雨中春树万人家,z;zn,1
雨中黄叶树,z;rv,1
渔舟逐水爱山春,claz,1
与诸子登岘山,aygd,1
欲妆临镜慵,kden,1
予左迁九江郡司马,bzlg,1
愿得燕弓射大将,z.rd,1
远芳侵古道,afki,1
元和十年,alfo,1
元和天子神武姿,alaa,1
缘涧还复去,xczr,1
元结,aaxr,1
愿借辩口如悬河,zkyc,1
愿接卢敖游太清,zoec,1
愿君多采撷,ztmo,1
远客思乡皆泪垂,anpo,1
远路应悲春晼晚,asnp,1
远梦归侵晓,avep,1
猿鸣天上哀,.;ay,1
猿鸣钟动不知曙,.;ip,1
猿猱欲度愁攀援,..ko,1
猿鸟犹疑畏简书,.l.g,1
怨情,mgnr,1
远山晴更多,adpm,1
远树带行客,avfn,1
愿书万本诵万过,zgaf,1
远送从此别,aik;,1
愿随春风寄燕然,ztzm,1
远隋流水香,atcl,1
猿啼洞庭树,.;cv,1
愿同尘与灰,zjcz,1
愿为持竿叟,zhoo,1
远慰风雨夕,absm,1
鸳鸯不独宿,mjzn,1
鸳鸯会双死,mjia,1
鸳鸯瓦冷霜华重,mjqo,1
元稹,aalv,1
苑中景物生颜色,f;pj,1
月傍九霄多,uklm,1
月出寒通雪山白,udnl,1
月殿影开闻夜漏,ubpc,1
月黑雁飞高,upzy,1
月既不解饮,ubzj,1
月露谁教桂叶香,uzyl,1
月落乌啼霜满天,ufla,1
月明松下房栊静,upvr,1
月明欲素愁不眠,upkj,1
越人语天姥,rkyw,1
月是故乡明,upfp,1
月下独酌,ua.a,1
月下飞天镜,uasi,1
月斜楼上五更钟,uivi,1
月夜,uyk,1
月夜忆舍弟,uynk,1
月涌大江流,uczc,1
月照城头乌半飞,uprs,1
月照一孤舟,upal,1
云边雁断胡天月,abzu,1
云鬓半偏新睡觉,azin,1
云鬓花颜金步摇,azfo,1
云此最吉馀难同,aepj,1
云峰水隔深,adcc,1
云髻罢梳还对镜,az/i,1
云开远见汉阳城,aaar,1
云来气接巫峡长,aaol,1
云里帝城双凤阙,apyh,1
运命惟所遇,ainp,1
云霓明灭或可睹,azpj,1
云青青兮欲雨,arrz,1
云山况是客中过,adkf,1
云深不知处,acz.,1
云生结海楼,aoxv,1
云霞出海曙,azdp,1
云霞生薜帷,azoj,1
云阳馆与韩绅宿别,atj;,1
运移汉祚终难复,alco,1
云雨荒台岂梦思,azfp,1
云栈萦纡登剑阁,avfh,1
云之君兮纷纷而来下,anta,1
云中君不见,a;tj,1
韵资天纵,ykax,1
杂诗,lsyr,1
在长安,zlnw,1
在地愿为连理枝,zrzv,1
在山泉水清,zdlc,1
在天愿作比翼鸟,zazl,1
在狱咏蝉并序,z.;n,1
暂伴月将影,qkup,1
暂时分手莫踌躇,qpks,1
暂游桃源里,qcvp,1
早被婵娟误,pywy,1
早服还丹无世情,puzn,1
早寒江上有怀,pncn,1
枣花未落桐叶长,vfal,1
造化钟神秀,okil,1
早秋,pflv,1
遭时徽纆,qpox,1
凿石作鼓隳嵯峨,cgkd,1
早晚下三巴,ppat,1
早雁拂银河,pzoc,1
早知潮有信,pock,1
则载酒于湖上,mrce,1
贼平后送人北归,ma.e,1
贼退示官吏并序,mtan,1
贼又攻永州,mbqa,1
贼斫不死神扶持,mgzo,1
赠孟浩然,mgcm,1
赠内人,mjk,1
赠阙下裴舍人,mhak,1
赠卫八处士,mjkr,1
乍见翻疑梦,ojlv,1
摘花不插发,ofzx,1
宅即鲁王宫,nbun,1
毡包席裹可立致,llna,1
战场白骨缠草根,erlv,1
沾襟比散丝,cyqs,1
战士军前半死生,erjo,1
长大一相逢,lza.,1
张祜,tgyh,1
张籍,tglf,1
张继,tgx,,1
张九龄,tlei,1
张乔,tglz,1
张生手持石鼓文,tooy,1
章台夜思,yxyp,1
张旭,tgls,1
长在汉家营,lzcf,1
长者虽有问,lr;h,1
朝辞白帝彩云间,falh,1
朝如青丝暮成雪,fwrz,1
赵瑟初停凤凰柱,rayv,1
诏书五道出将军,ygaj,1
昭王白骨萦蔓草,palf,1
诏谓将军拂绢素,yydr,1
朝为越溪女,fhrw,1
昭阳殿里第一人,ptbk,1
昭阳殿里恩爱绝,ptbx,1
朝朝空自归,ffne,1
朝朝马策与刀环,ffga,1
朝朝误妾期,ffyr,1
折花门前剧,ofhb,1
折戟沈沙铁未销,ofci,1
谪居卧病浔阳城,ybqr,1
砧杵夜千家,gvyn,1
贞妇贵殉夫,ew;z,1
砧声近报汉宫秋,grol,1
针线犹存未忍开,ix.a,1
真源了无取,fcga,1
整顿衣裳起敛容,vayn,1
郑国游人未及家,ipcn,1
蒸藜炊黍饷东菑,ff,f,1
征人蓟北空回首,.kfi,1
征人倚戍楼,.kkv,1
征人怨,.kmg,1
峥嵘如鬼工,ddwq,1
正是江南好风景,apcp,1
铮铮然有京都声,iimr,1
正直元因造化功,afaq,1
知波澜莫二,occa,1
直道相思了无益,fivi,1
至德二载甫自京金光门出,a.ad,1
雉雊麦苗秀,olrl,1
直挂云帆济沧海,foac,1
指挥若定失萧曹,oofq,1
至今残破胆,aiau,1
至今窥牧马,aing,1
至今犹忆李将军,ai.j,1
置酒长安道,/cli,1
志决身歼军务劳,rk.f,1
支离东北风尘际,fyqt,1
滞虑洗孤清,cecc,1
之上,nea,1
直上三十里,feap,1
只是当时已惘然,;pcm,1
只是近黄昏,;poo,1
志士幽人莫怨嗟,rrd;,1
炙手可热势绝伦,moqk,1
知音世所稀,oyrl,1
只应守寂寞,;nnn,1
只在此山中,;ze;,1
直至长风沙,falc,1
之子期宿来,ngra,1
至尊含笑催赐金,aiii,1
终罢斯结庐,x/rn,1
中朝大官老于事,;fzq,1
终古垂杨有暮鸦,xfoq,1
钟鼓馔玉不足贵,irj;,1
终见降王走传车,xjtq,1
中间小谢又清发,;hcx,1
中军置酒饮归客,;j/n,1
终南别业,xf;c,1
终南山,xfd,1
终南望馀雪,xfyz,1
终南阴岭秀,xftl,1
终日坎壈缠其身,xpr.,1
终岁不闻丝竹声,xdzr,1
中岁颇好道,;dti,1
中天月色好谁看,;aul,1
重帷深下莫愁堂,ojcc,1
中宵劳梦想,;nfv,1
中有一人字太真,;zaf,1
州边鄙而退,ab;t,1
周纲凌迟四海沸,jxkc,1
舟楫恐失坠,lvqt,1
州家申名使家抑,anpo,1
周南留滞古所惜,jfon,1
舟人夜语觉潮生,lkyo,1
舟人指点到今疑,lkoq,1
珠箔飘灯独自归,alae,1
珠箔银屏迤逦开,alia,1
主称会面难,ylib,1
诸葛大名垂宇宙,yfzn,1
诸侯剑佩鸣相磨,ykin,1
住近湓江地低湿,kocc,1
逐客无消息,anal,1
竹里馆,lpjs,1
竹怜新雨后,lny.,1
竹露滴清响,lzc;,1
驻马别孤坟,gg;r,1
驻马望千门,ggyh,1
驻马衔杯问谪居,gg.b,1
渚清沙白鸟飞回,cccp,1
朱庆馀,onjs,1
朱雀桥边野草花,ocvf,1
主人何为言少钱,ykki,1
主人忘归客不发,ykyx,1
主人下马客在船,ykal,1
主人有酒欢今夕,ykzm,1
诸生讲解得切磋,yoyg,1
诸史何为忍苦征敛,y;ki,1
竹喧归浣女,l;ew,1
珠压腰衱稳称身,azu.,1
渚云低暗渡,cakc,1
诸子环洞庭而坐,ygak,1
转教小玉报双成,qrcz,1
转徙於江湖间,q.hh,1
转於僮仆亲,qhky,1
转轴拨弦三两声,qqor,1
妆罢低声问夫婿,d/kw,1
妆成每被秋娘妒,dzow,1
妆成只是薰香坐,dz;k,1
壮其蔚跂,drfs,1
庄生晓梦迷蝴蝶,nop/,1
壮志逐年衰,dray,1
濯冠沐浴告祭酒,cjcc,1
酌饮四座以散愁,aj/l,1
酌於君山,ahtd,1
濯足洞庭望八荒,c;cf,1
自惭居处崇,lnbd,1
自此草书长进,leff,1
资从岂待周,kkdj,1
自从弃置便衰朽,lkyv,1
自从献宝朝河宗,lkfn,1
自尔为佳节,ljhf,1
紫盖连延接天柱,eiqv,1
自高头宜春梨园二伎坊内人,lyhk,1
自顾无长策,lzal,1
自河南经乱,lcfa,1
自嫁黔娄百事乖,lwpl,1
自将磨洗认前朝,ldnf,1
自觉谏书稀,lnyl,1
自觉老烟波,lnrc,1
自怜碧玉亲教舞,lnao,1
姊妹弟兄皆列士,wwkr,1
紫泉宫殿锁烟霞,elnz,1
字体不类隶与蝌,nkz/,1
紫驼之峰出翠釜,egnk,1
自谓经过旧不迷,lyx,,1
自夏口至鹦洲夕望岳阳寄源中丞,la;g,1
自小阙内训,lchy,1
子胥既弃吴江上,ggbe,1
自叙少小时欢乐事,licq,1
自言本是京城女,lyvw,1
子夜四时歌,gy/q,1
自有岁寒心,lzdn,1
自云良家子,lahg,1
自足荡心耳,l;fa,1
宗臣遗像肃清高,nq;y,1
总是玉关情,kpan,1
纵有健妇把锄犁,xzkl,1
走马川行奉送封大夫出师西征,rgd.,1
走马兰台类转蓬,rgif,1
足茧荒山转愁疾,;ffh,1
租税从何出,llkd,1
祖咏,yh;h,1
醉不成欢惨将别,azz;,1
罪从大辟皆除死,/kza,1
醉和金甲舞,alio,1
醉后各分散,a..r,1
最是楚宫俱泯灭,ppva,1
醉卧不知白日暮,aqzf,1
醉卧沙场君莫笑,aqcl,1
醉月频中圣,aueb,1
樽酒家贫只旧醅,vcna,1
樽酒慰离颜,vcbn,1
遵事迹犹遽,iqye,1
昨别今已春,p;iz,1
坐愁红颜老,klxr,1
坐法宫中朝四夷,kcnz,1
坐观垂钓者,kbor,1
坐见举国来奔波,kjnc,1
坐看红树不知远,klxa,1
坐看云起时,klap,1
昨日之日不可留,ppno,1
作燕歌行以示适,krqa,1
昨夜东风吹血腥,pyqu,1
昨夜风开露井桃,pysv,1
昨夜裙带解,pyyj,1
昨夜上皇新授箓,pyel,1
昨夜微霜初度河,py.c,1
昨夜星辰昨夜风,pyps,1
昨夜月同行,pyu.,1
昨与故人期,pafr,1
昨者州前槌大鼓,prar,1
座中泣下谁最多,n;cm,1
