<?xml version="1.0" encoding="UTF-8"?><!DOCTYPE plist PUBLIC "-//Apple//DTD PLIST 1.0//EN" "http://www.apple.com/DTDs/PropertyList-1.0.dtd"><plist version="1.0"><array><dict><key>phrase</key><string>深蓝词库转换器</string><key>shortcut</key><string>shenlancikuzhuanhuanqi</string></dict><dict><key>phrase</key><string>深蓝词库转换</string><key>shortcut</key><string>shenlancikuzhuanhuan</string></dict><dict><key>phrase</key><string>深蓝词库转</string><key>shortcut</key><string>shenlancikuzhuan</string></dict><dict><key>phrase</key><string>深蓝词库</string><key>shortcut</key><string>shenlanciku</string></dict><dict><key>phrase</key><string>深蓝词</string><key>shortcut</key><string>shenlanci</string></dict><dict><key>phrase</key><string>深蓝</string><key>shortcut</key><string>shenlan</string></dict><dict><key>phrase</key><string>深</string><key>shortcut</key><string>shen</string></dict></array></plist>