阿保之功,a bao zhi gong,1
阿保之劳,a bao zhi lao,1
阿斗太子,a dou tai zi,1
阿堵物,a du wu,1
阿匼取容,a ke qu rong,1
阿顺取容,a shun qu rong,1
阿意苟合,a yi gou he,1
阿意顺旨,a yi shun zhi,1
阿谀谄佞,a yu chan ning,1
阿谀苟合,a yu gou he,1
阿谀求容,a yu qiu rong,1
阿谀曲从,a yu qu cong,1
阿谀顺旨,a yu shun zhi,1
阿旨顺情,a zhi shun qing,1
阿尊事贵,a zun shi gui,1
矮矮胖胖,ai ai pang pang,1
矮矮实实,ai ai shi shi,1
爱才好士,ai cai hao shi,1
爱才怜弱,ai cai lian ruo,1
爱财舍命,ai cai she ming,1
爱答不理,ai da bu li,1
挨打受骂,ai da shou ma,1
挨打受气,ai da shou qi,1
挨饿受冻,ai e shou dong,1
艾发衰容,ai fa shuai rong,1
爱非其道,ai fei qi dao,1
爱国一家,ai guo yi jia,1
哀鸿满路,ai hong man lu,1
挨家按户,ai jia an hu,1
僾见忾闻,ai jian kai wen,1
哀矜惩创,ai jin cheng chuang,1
哀矜勿喜,ai jin wu xi,1
爱口识羞,ai kou shi xiu,1
爱老慈幼,ai lao ci you,1
哀乐相生,ai le xiang sheng,1
爱理不理,ai li bu li,1
碍难遵命,ai nan zun ming,1
碍上碍下,ai shang ai xia,1
爱势贪财,ai shi tan cai,1
哀死事生,ai si shi sheng,1
哀喜交并,ai xi jiao bing,1
爱贤念旧,ai xian nian jiu,1
矮小精悍,ai xiao jing han,1
爱则加诸膝恶则坠诸,ai ze jia zhu xi e ze zhui zhu,1
爱者如宝,ai zhe ru bao,1
爱之欲其生恶之欲其,ai zhi yu qi sheng e zhi yu qi,1
矮子里拔将军,ai zi li ba jiang jun,1
安安分分,an an fen fen,1
安安合适,an an he shi,1
安安静静,an an jing jing,1
安安心心,an an xin xin,1
安安逸逸,an an yi yi,1
鞍不离马背甲不离将,an bu li ma bei jia bu li jiang,1
暗藏杀机,an cang sha ji,1
暗察明访,an cha ming fang,1
安定团结,an ding tuan jie,1
案堵如故,an du ru gu,1
安分守常,an fen shou chang,1
暗礁险滩,an jiao xian tan,1
按劳分配,an lao fen pei,1
按劳取酬,an lao qu chou,1
暗里使劲,an li shi jin,1
按捺不下,an na bu xia,1
按纳不住,an na bu zhu,1
安其所习,an qi suo xi,1
按强助弱,an qiang zhu ruo,1
黯然魂销,an ran hun xiao,1
黯然无光,an ran wu guang,1
黯然无神,an ran wu shen,1
安危相易祸福相生,an wei xiang yi huo fu xiang sheng,1
安详恭敬,an xiang gong jing,1
安于磐石,an yu pan shi,1
安于所习,an yu suo xi,1
暗约私期,an yue si qi,1
暗约偷期,an yue tou qi,1
暗中盘算,an zhong pan suan,1
暗中倾轧,an zhong qing zha,1
暗中作梗,an zhong zuo geng,1
暗中作乐,an zhong zuo le,1
昂昂不动,ang ang bu dong,1
肮肮脏脏,ang ang zang zang,1
昂然而入,ang ran er ru,1
嗷嗷待食,ao ao dai shi,1
懊悔莫及,ao hui mo ji,1
傲霜枝,ao shuang zhi,1
凹凸不平,ao tu bu ping,1
聱牙诎曲,ao ya qu qu,1
八竿子打不着,ba gan zi da bu zhao,1
八砖学士,ba zhuan xue shi,1
白费口舌,bai fei kou she,1
白费蜡,bai fei la,1
白费心机,bai fei xin ji,1
败家子,bai jia zi,1
白衣天使,bai yi tian shi,1
百爪挠心,bai zhao nao xin,1
斑斑斓斓,ban ban lan lan,1
半子之谊,ban zi zhi yi,1
饱餐一顿,bao can yi dun,1
报喜不报忧,bao xi bu bao you,1
贲军之将,ben jun zhi jiang,1
笨口拙舌,ben kou zhuo she,1
笨手笨脚,ben shou ben jiao,1
比比划划,bi bi hua hua,1
比肩而事,bi jian er shi,1
闭门谢客,bi men xie ke,1
笔墨纸砚,bi mo zhi yan,1
笔枪纸弹,bi qiang zhi dan,1
必以情,bi yi qing,1
便还就孤,bian hai jiu gu,1
别无出路,bie wu chu lu,1
别无它法,bie wu ta fa,1
不曾序过,bu ceng xu guo,1
不耻相师,bu chi xiang shi,1
不雌不雄,bu ci bu xiong,1
不得命,bu de ming,1
不法之徒,bu fa zhi tu,1
不分轻重,bu fen qing zhong,1
不拘于时,bu ju yu shi,1
不念旧情,bu nian jiu qing,1
不失旧物,bu shi jiu wu,1
不吐不快,bu tu bu kuai,1
不宣而战,bu xuan er zhan,1
不知贵贱,bu zhi gui jian,1
不足为怪,bu zu wei guai,1
裁书叙心,cai shu xu xin,1
参参伍伍,can can wu wu,1
灿烂夺目,can lan duo mu,1
参武错纵,can wu cuo zong,1
参武错综,can wu cuo zong,1
操其奇赢,cao qi qi ying,1
缠绵床第,chan mian chuang di,1
谗慝之口,chan te zhi kou,1
尝出入,chang chu ru,1
唱高调,chang gao diao,1
常来常往,chang lai chang wang,1
尝在围中,chang zai wei zhong,1
超超玄着,chao chao xuan zhe,1
朝干夕愓,chao gan xi dang,1
朝干夕惕,chao gan xi ti,1
超绝非凡,chao jue fei fan,1
乘桴浮海,cheng fu fu hai,1
乘人不备,cheng ren bu bei,1
吃闭门羹,chi bi men geng,1
吃肥丢瘦,chi fei diu shou,1
吃人不吐骨头,chi ren bu tu gu tou,1
吃现成饭,chi xian cheng fan,1
丑八怪,chou ba guai,1
臭名昭着,chou ming zhao zhe,1
愁潘病沉,chou pan bing chen,1
初度之辰,chu du zhi chen,1
床头捉刀人,chuang tou zhuo dao ren,1
吹吹拍拍,chui chui pai pai,1
吹胡子瞪眼睛,chui hu zi deng yan jing,1
吹牛皮,chui niu pi,1
慈悲为怀,ci bei wei huai,1
瓷意妄为,ci yi wang wei,1
错过时机,cuo guo shi ji,1
大包大揽,da bao da lan,1
打成平手,da cheng ping shou,1
大吃大喝,da chi da he,1
大出风头,da chu feng tou,1
大祸临头,da huo lin tou,1
大酒大肉,da jiu da rou,1
打擂台,da lei tai,1
打里打外,da li da wai,1
大破大立,da po da li,1
大水淹了龙王庙,da shui yan le long wang miao,1
打野鸭子,da ye ya zi,1
打圆场,da yuan chang,1
担当不起,dan dang bu qi,1
单根独苗,dan gen du miao,1
单相思,dan xiang si,1
挡箭牌,dang jian pai,1
当面出丑,dang mian chu chou,1
当面是人背后是鬼,dang mian shi ren bei hou shi gui,1
刀笔老手,dao bi lao shou,1
到处碰壁,dao chu peng bi,1
到此为止,dao ci wei zhi,1
刀枪不入,dao qiang bu ru,1
得休便休,de xiu bian xiu,1
得一知己死可无恨,de yi zhi ji si ke wu hen,1
邓欣,deng xin,1
第一夫人,di yi fu ren,1
颠干倒坤,dian gan dao kun,1
叠岭层峦,die ling ceng luan,1
叠石为山,die shi wei shan,1
顶头上司,ding tou shang si,1
东家丘,dong jia qiu,1
动手动脚,dong shou dong jiao,1
度己失期,du ji shi qi,1
堵塞漏卮,du sai lou zhi,1
独守空房,du shou kong fang,1
睹微知着,du wei zhi zhe,1
断弦再续,duan xian zai xu,1
对天发誓,dui tian fa shi,1
多吃多占,duo chi duo zhan,1
多劳多得,duo lao duo de,1
多面手,duo mian shou,1
扼臂啮指,e bi nie zhi,1
鹅存礼废,e cun li fei,1
谔谔以昌,e e yi chang,1
恶贯祸盈,e guan huo ying,1
恶贯久盈,e guan jiu ying,1
饿鬼投胎,e gui tou tai,1
饿虎逢羊,e hu feng yang,1
饿虎见羊,e hu jian yang,1
饿虎攒羊,e hu zan yang,1
娥皇女英,e huang nv ying,1
恶龙不斗地头蛇,e long bu dou di tou she,1
蛾眉倒蹙凤眼圆睁,e mei dao cu feng yan yuan zheng,1
蛾眉曼睩,e mei man lu,1
婀娜妩媚,e na wu mei,1
恶稔贯盈,e ren guan ying,1
恶稔祸盈,e ren huo ying,1
恶人先告状,e ren xian gao zhuang,1
恶人自有恶人磨,e ren zi you e ren mo,1
恶稔罪盈,e ren zui ying,1
恶事传千里,e shi chuan qian li,1
额手加礼,e shou jia li,1
饿死事大,e si shi da,1
扼腕兴嗟,e wan xing jie,1
鹗心鹂舌,e xin li she,1
恶言恶语,e yan e yu,1
讹言谎语,e yan huang yu,1
恶言泼语,e yan po yu,1
恶衣薄食,e yi bo shi,1
恶衣粗食,e yi cu shi,1
恩爱夫妻,en ai fu qi,1
恩断意绝,en duan yi jue,1
恩恩爱爱,en en ai ai,1
恩恩怨怨,en en yuan yuan,1
恩高义厚,en gao yi hou,1
恩绝义断,en jue yi duan,1
恩人相见分外眼青,en ren xiang jian fen wai yan qing,1
恩深爱重,en shen ai zhong,1
恩深法驰,en shen fa chi,1
恩深似海,en shen si hai,1
恩同再生,en tong zai sheng,1
恩威并济,en wei bing ji,1
恩威并著,en wei bing zhu,1
恩怨了了,en yuan le le,1
恩重丘山,en zhong qiu shan,1
二八女郎,er ba nv lang,1
耳边之风,er bian zhi feng,1
耳鬓相磨,er bin xiang mo,1
耳不离腮,er bu li sai,1
耳不旁听,er bu pang ting,1
耳不忍闻,er bu ren wen,1
二次三番,er ci san fan,1
儿大不由爷,er da bu you ye,1
二道贩子,er dao fan zi,1
二帝三王,er di san wang,1
二而一,er er yi,1
二杆子,er gan zi,1
耳后风生,er hou feng sheng,1
二话没说,er hua mei shuo,1
儿皇帝,er huang di,1
珥金拖紫,er jin tuo zi,1
儿怜兽扰,er lian shou rao,1
二流子,er liu zi,1
耳聋眼黑,er long yan hei,1
耳聋眼花,er long yan hua,1
耳聋眼瞎,er long yan xia,1
二卵弃干城,er luan qi gan cheng,1
饵名钓禄,er ming diao lu,1
耳鸣目眩,er ming mu xuan,1
耳目喉舌,er mu hou she,1
耳目心腹,er mu xin fu,1
耳目之欲,er mu zhi yu,1
儿女夫妻,er nv fu qi,1
儿女情长英雄气短,er nv qing chang ying xiong qi duan,1
儿女情多,er nv qing duo,1
儿女情多风云气少,er nv qing duo feng yun qi shao,1
儿女私情,er nv si qing,1
儿女英雄,er nv ying xiong,1
儿女之债,er nv zhi zhai,1
儿女子语,er nv zi yu,1
耳染目濡,er ran mu ru,1
耳热眼花,er re yan hua,1
尔汝交,er ru jiao,1
耳濡目及,er ru mu ji,1
耳濡目击,er ru mu ji,1
二三其操,er san qi cao,1
二三其节,er san qi jie,1
二竖为灾,er shu wei zai,1
二桃三士,er tao san shi,1
耳听是虚眼见是实,er ting shi xu yan jian shi shi,1
耳听是虚眼见为实,er ting shi xu yan jian wei shi,1
儿童之见,er tong zhi jian,1
儿童走卒,er tong zou zu,1
尔为尔我为我,er wei er wo wei wo,1
耳闻不如眼见,er wen bu ru yan jian,1
耳闻目览,er wen mu lan,1
耳闻目染,er wen mu ran,1
耳闻眼睹,er wen yan du,1
耳闻眼见,er wen yan jian,1
二五耦,er wu ou,1
耳习目染,er xi mu ran,1
二仙传道,er xian chuan dao,1
二旬九食,er xun jiu shi,1
耳熏目染,er xun mu ran,1
尔雅温文,er ya wen wen,1
二意三心,er yi san xin,1
二者必取其一,er zhe bi qu qi yi,1
佴之蚕室,er zhi can shi,1
二罪俱罚,er zui ju fa,1
翻脸不认人,fan lian bu ren ren,1
反面教材,fan mian jiao cai,1
反咬一口,fan yao yi kou,1
方斌,fang bin,1
费力不讨好,fei li bu tao hao,1
废物利用,fei wu li yong,1
飞蝇垂珠,fei ying chui zhu,1
肥猪拱门,fei zhu gong men,1
疯疯癫癫,feng feng dian dian,1
封疆大吏,feng jiang da li,1
风派人物,feng pai ren wu,1
逢山开道遇水造桥,feng shan kai dao yu shui zao qiao,1
扶不起的阿斗,fu bu qi de a dou,1
负担舍舟,fu dan she zhou,1
妇道人家,fu dao ren jia,1
服服帖帖,fu fu tie tie,1
弗敢专也,fu gan zhuan ye,1
父母遗体,fu mu yi ti,1
扶辇下除,fu nian xia chu,1
福兮祸所伏祸兮福所,fu xi huo suo fu huo xi fu suo,1
概不由己,gai bu you ji,1
干瞪眼,gan deng yan,1
干干脆脆,gan gan cui cui,1
干干净净,gan gan jing jing,1
刚克消亡,gang ke xiao wang,1
各人自扫门前雪莫管他人瓦,ge ren zi sao men qian xue mo guan ta ren wa,1
更若役,geng ruo yi,1
供认不讳,gong ren bu hui,1
狗窦大开,gou dou da kai,1
勾勾搭搭,gou gou da da,1
狗腿子,gou tui zi,1
鼓刀屠者,gu dao tu zhe,1
故封识,gu feng shi,1
孤孤单单,gu gu dan dan,1
顾头不顾脚,gu tou bu gu jiao,1
官迷心窍,guan mi xin qiao,1
光杆司令,guang gan si ling,1
光棍一条,guang gun yi tiao,1
光明大道,guang ming da dao,1
规规矩矩,gui gui ju ju,1
国不堪贰,guo bu kan er,1
过时货,guo shi huo,1
海外扶余,hai wai fu yu,1
寒附火者,han fu huo zhe,1
函盖干坤,han gai gan kun,1
含含糊糊,han han hu hu,1
旱涝保收,han lao bao shou,1
毫不在乎,hao bu zai hu,1
好事成双,hao shi cheng shuang,1
合不拢嘴,he bu long zui,1
何德堪之,he de kan zhi,1
何其衰也,he qi shuai ye,1
黑白不分,hei bai bu fen,1
横眉冷对千夫指,heng mei leng dui qian fu zhi,1
横失,heng shi,1
弘此远谟,hong ci yuan mo,1
红得发紫,hong de fa zi,1
红光满面,hong guang man mian,1
红妆素裹,hong zhuang su guo,1
后院起火,hou yuan qi huo,1
糊糊涂涂,hu hu tu tu,1
虎狼之国,hu lang zhi guo,1
糊涂到顶,hu tu dao ding,1
话不在行,hua bu zai xing,1
骅骝开道,hua liu kai dao,1
坏人坏事,huai ren huai shi,1
环堵之室,huan du zhi shi,1
黄帝子孙,huang di zi sun,1
黄耳寄书,huang er ji shu,1
黄金失色,huang jin shi se,1
黄毛丫头,huang mao ya tou,1
黄牌警告,huang pai jing gao,1
黄衣使者,huang yi shi zhe,1
回禄之灾,hui lu zhi zai,1
火到猪头烂钱到公事办,huo dao zhu tou lan qian dao gong shi ban,1
激昂青云,ji ang qing yun,1
鸡肥不下蛋,ji fei bu xia dan,1
唧唧喳喳,ji ji zha zha,1
叽叽喳喳,ji ji zha zha,1
寄豭之猪,ji jia zhi zhu,1
几尽一刻,ji jin yi ke,1
及时雨,ji shi yu,1
积微成着,ji wei cheng zhe,1
积于忽微,ji yu hu wei,1
急獐拘猪,ji zhang ju zhu,1
饥者易为食渴者易为,ji zhe yi wei shi ke zhe yi wei,1
奸臣当道,jian chen dang dao,1
简而言之,jian er yan zhi,1
见缝就钻,jian feng jiu zuan,1
贱骨头,jian gu tou,1
奸人之雄,jian ren zhi xiong,1
见微知着,jian wei zhi zhe,1
降服而囚,jiang fu er qiu,1
叫化子,jiao hua zi,1
结结实实,jie jie shi shi,1
阶下囚,jie xia qiu,1
金不换,jin bu huan,1
紧要关头,jin yao guan tou,1
紧追不舍,jin zhui bu she,1
敬酒不吃吃罚酒,jing jiu bu chi chi fa jiu,1
救世主,jiu shi zhu,1
举动荆棘,ju dong jing ji,1
具食与乐,ju shi yu le,1
具自陈道,ju zi chen dao,1
聚族而居,ju zu er ju,1
卷铺盖,juan pu gai,1
绝人事,jue ren shi,1
开足马力,kai zu ma li,1
侃然正色,kan ran zheng se,1
看人说话,kan ren shuo hua,1
坑坑洼洼,keng keng wa wa,1
孔方兄,kong fang xiong,1
空空洞洞,kong kong dong dong,1
空前未有,kong qian wei you,1
空手套白狼,kong shou tao bai lang,1
空头人情,kong tou ren qing,1
叩阍无计,kou hun wu ji,1
苦肉计,ku rou ji,1
快言快语,kuai yan kuai yu,1
葵花向日,kui hua xiang ri,1
来路不明,lai lu bu ming,1
来去匆匆,lai qu cong cong,1
老虎借猪相公借书,lao hu jie zhu xiang gong jie shu,1
冷冷清清,leng leng qing qing,1
冷水烫猪,leng shui tang zhu,1
立场不稳,li chang bu wen,1
李荣均,li rong jun,1
离题太远,li ti tai yuan,1
李伟杰,li wei jie,1
连蹦带跳,lian beng dai tiao,1
敛发谨饬,lian fa jin chi,1
连滚带爬,lian gun dai pa,1
恋酒贪杯,lian jiu tan bei,1
凉了半截,liang le ban jie,1
两面讨好,liang mian tao hao,1
两情两愿,liang qing liang yuan,1
吝啬鬼,lin se gui,1
零零散散,ling ling san san,1
乱扣帽子,luan kou mao zi,1
落花时节,luo hua shi jie,1
罗缕纪存,luo lv ji cun,1
罗曼蒂克,luo man di ke,1
率性任意,lv xing ren yi,1
慢弛之阙,man chi zhi que,1
满口之乎者也,man kou zhi hu zhe ye,1
盲目崇拜,mang mu chong bai,1
盲目乐观,mang mu le guan,1
冒牌货,mao pai huo,1
貌如其心,mao ru qi xin,1
冒失鬼,mao shi gui,1
没大没小,mei da mei xiao,1
眉目不清,mei mu bu qing,1
美人计,mei ren ji,1
没上没下,mei shang mei xia,1
没事找事,mei shi zhao shi,1
没心没肺,mei xin mei fei,1
闷声不响,men sheng bu xiang,1
密不可分,mi bu ke fen,1
密密麻麻,mi mi ma ma,1
妙笔生花,miao bi sheng hua,1
螟蛉之子,ming ling zhi zi,1
磨动,mo dong,1
墨客骚人,mo ke sao ren,1
抹稀泥,mo xi ni,1
摸着石头过河,mo zhe shi tou guo he,1
磨嘴皮子,mo zui pi zi,1
幕后操纵,mu hou cao zong,1
目空四海,mu kong si hai,1
母夜叉,mu ye cha,1
男扮女妆,nan ban nv zhuang,1
男男女女,nan nan nv nv,1
男女平等,nan nv ping deng,1
能伸能缩,neng shen neng suo,1
你争我夺,ni zheng wo duo,1
女扮男装,nv ban nan zhuang,1
女流之辈,nv liu zhi bei,1
藕断丝不断,ou duan si bu duan,1
藕断丝长,ou duan si chang,1
藕断丝联,ou duan si lian,1
瓯饭瓢饮,ou fan piao yin,1
欧风墨雨,ou feng mo yu,1
殴公骂婆,ou gong ma po,1
耦俱无猜,ou ju wu cai,1
耦居无猜,ou ju wu cai,1
鸥鸟不下,ou niao bu xia,1
鸥鸟忘机,ou niao wang ji,1
欧阳君沛,ou yang jun pei,1
偶语弃市,ou yu qi shi,1
偶烛施明,ou zhu shi ming,1
爬山越岭,pa shan yue ling,1
判冤决狱,pan yuan jue yu,1
跑江湖,pao jiang hu,1
袍泽之谊,pao ze zhi yi,1
碰一鼻子灰,peng yi bi zi hui,1
皮开肉破,pi kai rou po,1
劈空扳害,pi kong ban hai,1
劈里啪啦,pi li pa la,1
批郄导窾,pi qie dao kuan,1
披缁削发,pi zi xue fa,1
拼命三郎,pin ming san lang,1
破烂货,po lan huo,1
乞儿暴富,qi er bao fu,1
七郄八手,qi qie ba shou,1
欺人眼目,qi ren yan mu,1
七十二变,qi shi er bian,1
齐天大圣,qi tian da sheng,1
奇冤极枉,qi yuan ji wang,1
弃之可惜食之无味,qi zhi ke xi shi zhi wu wei,1
千古奇冤,qian gu qi yuan,1
前脚后脚,qian jiao hou jiao,1
千金比屋,qian jin bi wu,1
牵着鼻子走,qian zhe bi zi zou,1
巧上加巧,qiao shang jia qiao,1
郄诜丹桂,qie shen dan gui,1
郄诜高第,qie shen gao di,1
亲上加亲,qin shang jia qin,1
清仓查库,qing cang cha ku,1
清清白白,qing qing bai bai,1
清清楚楚,qing qing chu chu,1
擎天柱,qing tian zhu,1
请由此亡,qing you ci wang,1
情在骏奔,qing zai jun ben,1
轻重九府,qing zhong jiu fu,1
穷亡解沮,qiong wang jie ju,1
取民愈广,qu min yu guang,1
取舍两难,qu she liang nan,1
取以来,qu yi lai,1
全局在胸,quan ju zai xiong,1
群英会,qun ying hui,1
人海战术,ren hai zhan shu,1
人老心不老,ren lao xin bu lao,1
任人摆布,ren ren bai bu,1
任人宰割,ren ren zai ge,1
人五人六,ren wu ren liu,1
日干夕惕,ri gan xi ti,1
日新月着,ri xin yue zhe,1
柔中有刚,rou zhong you gang,1
软骨头,ruan gu tou,1
润笔之资,run bi zhi zi,1
弱管轻丝,ruo guan qing si,1
撒村骂街,sa cun ma jie,1
撒酒疯儿,sa jiu feng er,1
撒开鸭子,sa kai ya zi,1
撒手锏,sa shou jian,1
撒手人寰,sa shou ren huan,1
撒丫子,sa ya zi,1
塞狗洞,sai gou dong,1
赛雪欺霜,sai xue qi shuang,1
三百六十,san bai liu shi,1
三杯和万,san bei he wan,1
三不知,san bu zhi,1
三尺童子,san chi tong zi,1
三锤两棒,san chui liang bang,1
三寸不烂,san cun bu lan,1
散发抽簪,san fa chou zan,1
三番四覆,san fan si fu,1
三分似人,san fen si ren,1
三分天下,san fen tian xia,1
三分像人,san fen xiang ren,1
三夫成市,san fu cheng shi,1
三个臭皮,san ge chou pi,1
三过家门,san guo jia men,1
三过其门,san guo qi men,1
三角恋爱,san jiao lian ai,1
三脚猫,san jiao mao,1
三绝韦编,san jue wei bian,1
散闷消愁,san men xiao chou,1
三男四女,san nan si nv,1
三年不窥,san nian bu kui,1
三千珠履,san qian zhu lv,1
三拳不敌两脚,san quan bu di liang jiao,1
三人成市,san ren cheng shi,1
三人成众,san ren cheng zhong,1
三日不弹,san ri bu dan,1
三豕渡河,san shi du he,1
三十六着,san shi liu zhe,1
三十年河东三十年河,san shi nian he dong san shi nian he,1
三思而后,san si er hou,1
三台五马,san tai wu ma,1
散摊子,san tan zi,1
三头二面,san tou er mian,1
三瓦四舍,san wa si she,1
三下五除,san xia wu chu,1
三言二语,san yan er yu,1
三言五语,san yan wu yu,1
三浴三熏,san yu san xun,1
三月不知,san yue bu zhi,1
三折股为,san zhe gu wei,1
三折其肱,san zhe qi gong,1
三折之肱,san zhe zhi gong,1
三征七辟,san zheng qi pi,1
三只手,san zhi shou,1
丧门神,sang men shen,1
搔耳捶胸,sao er chui xiong,1
扫田刮地,sao tian gua di,1
扫兴而回,sao xing er hui,1
扫帚星,sao zhou xing,1
色飞眉舞,se fei mei wu,1
色即是空,se ji shi kong,1
瑟瑟缩缩,se se suo suo,1
色衰爱寝,se shuai ai qin,1
色艺绝伦,se yi jue lun,1
色艺无双,se yi wu shuang,1
色中饿鬼,se zhong e gui,1
僧来看佛,seng lai kan fo,1
杀伐决断,sha fa jue duan,1
煞风景,sha feng jing,1
杀富济贫,sha fu ji pin,1
杀回马枪,sha hui ma qiang,1
杀鸡扯脖,sha ji che bo,1
杀鸡炊黍,sha ji chui shu,1
杀鸡焉用,sha ji yan yong,1
傻里傻气,sha li sha qi,1
傻眉楞眼,sha mei leng yan,1
杀人不用刀,sha ren bu yong dao,1
杀人偿命,sha ren chang ming,1
杀人劫财,sha ren jie cai,1
杀人如芥,sha ren ru jie,1
杀人须见,sha ren xu jian,1
杀身成名,sha shen cheng ming,1
杀身出生,sha shen chu sheng,1
杀身救国,sha shen jiu guo,1
杀生害命,sha sheng hai ming,1
杀生与夺,sha sheng yu duo,1
杀生之柄,sha sheng zhi bing,1
杀生之权,sha sheng zhi quan,1
杀手锏,sha shou jian,1
杀威棒,sha wei bang,1
歃血而盟,sha xue er meng,1
歃血为誓,sha xue wei shi,1
山包海汇,shan bao hai hui,1
山奔海立,shan ben hai li,1
山不转路转,shan bu zhuan lu zhuan,1
山吃海喝,shan chi hai he,1
山旮旯儿,shan ga la er,1
山高海深,shan gao hai shen,1
山回路转,shan hui lu zhuan,1
扇惑人心,shan huo ren xin,1
山鸡映水,shan ji ying shui,1
山鸡照影,shan ji zhao ying,1
缮甲厉兵,shan jia li bing,1
山间林下,shan jian lin xia,1
善解人意,shan jie ren yi,1
山锐则不,shan rui ze bu,1
删芜就简,shan wu jiu jian,1
芟夷大难,shan yi da nan,1
山雨欲来,shan yu yu lai,1
山珍海胥,shan zhen hai xu,1
山中无老虎猴子称霸王,shan zhong wu lao hu hou zi cheng ba wang,1
山走石泣,shan zou shi qi,1
上不得台,shang bu de tai,1
上不属天,shang bu shu tian,1
赏不遗贱,shang bu yi jian,1
上不在天,shang bu zai tian,1
上不沾天,shang bu zhan tian,1
伤财劳众,shang cai lao zhong,1
赏赐无度,shang ci wu du,1
上蹿下跳,shang cuan xia tiao,1
上当受骗,shang dang shou pian,1
赏罚不当,shang fa bu dang,1
赏罚不信,shang fa bu xin,1
赏罚黜陟,shang fa chu zhi,1
赏罚分审,shang fa fen shen,1
赏罚无章,shang fa wu zhang,1
尚方宝剑,shang fang bao jian,1
上气不接下气,shang qi bu jie xia qi,1
上求下告,shang qiu xia gao,1
上上下下,shang shang xia xia,1
尚慎旃哉,shang shen zhan zai,1
上天不负,shang tian bu fu,1
上吐下泻,shang tu xia xie,1
上推下卸,shang tui xia xie,1
上下打量,shang xia da liang,1
上下翻腾,shang xia fan teng,1
上下浮动,shang xia fu dong,1
上下天光,shang xia tian guang,1
上下为难,shang xia wei nan,1
上下相安,shang xia xiang an,1
商羊鼓舞,shang yang gu wu,1
伤夷折衄,shang yi zhe nv,1
上贼船,shang zei chuan,1
上之所好,shang zhi suo hao,1
上知天文,shang zhi tian wen,1
少安勿躁,shao an wu zao,1
稍安毋躁,shao an wu zao,1
少吃缺穿,shao chi que chuan,1
烧高香,shao gao xiang,1
稍关打节,shao guan da jie,1
韶光荏苒,shao guang ren ran,1
韶光淑气,shao guang shu qi,1
韶光似箭,shao guang si jian,1
少女嫩妇,shao nv nen fu,1
少头没尾,shao tou mei wei,1
烧香礼拜,shao xiang li bai,1
绍休圣绪,shao xiu sheng xu,1
少衣缺食,shao yi que shi,1
少壮不努,shao zhuang bu nu,1
少壮派,shao zhuang pai,1
舍安就危,she an jiu wei,1
蛇杯弓影,she bei gong ying,1
舍本从末,she ben cong mo,1
舍本事末,she ben shi mo,1
舍本问末,she ben wen mo,1
涉笔成雅,she bi cheng ya,1
舌敝唇枯,she bi chun ku,1
赦不妄下,she bu wang xia,1
舍车保帅,she che bao shuai,1
舍道用权,she dao yong quan,1
舍得一身,she de yi shen,1
舍短从长,she duan cong chang,1
舍短录长,she duan lu chang,1
舍短用长,she duan yong chang,1
舌干唇焦,she gan chun jiao,1
设彀藏阄,she gou cang jiu,1
摄官承乏,she guan cheng fa,1
设官分职,she guan fen zhi,1
蛇灰蚓线,she hui yin xian,1
舍己成人,she ji cheng ren,1
设计铺谋,she ji pu mou,1
社稷生民,she ji sheng min,1
社稷为墟,she ji wei xu,1
社稷之臣,she ji zhi chen,1
社稷之器,she ji zhi qi,1
社稷之役,she ji zhi yi,1
涉艰履危,she jian lv wei,1
舍近谋远,she jin mou yuan,1
舍经从权,she jing cong quan,1
蛇毛马角,she mao ma jiao,1
舍命不舍,she ming bu she,1
舍命不舍财,she ming bu she cai,1
舍命救人,she ming jiu ren,1
舍命陪君子,she ming pei jun zi,1
蛇盘鬼附,she pan gui fu,1
蛇蟠蚓结,she pan yin jie,1
蛇雀之报,she que zhi bao,1
蛇入鼠出,she ru shu chu,1
蛇神牛鬼,she shen niu gui,1
舍身取义,she shen qu yi,1
舍身图报,she shen tu bao,1
舍生存义,she sheng cun yi,1
舍生取谊,she sheng qu yi,1
蛇螫断腕,she shi duan wan,1
舍实求虚,she shi qiu xu,1
舍实听声,she shi ting sheng,1
涉世未深,she shi wei shen,1
蛇鼠横行,she shu heng xing,1
涉水登山,she shui deng shan,1
蛇头蝎尾,she tou xie wei,1
涉危履险,she wei lv xian,1
舍我复谁,she wo fu shui,1
蛇无头不,she wu tou bu,1
设下圈套,she xia quan tao,1
舍邪归正,she xie gui zheng,1
蛇行鳞潜,she xing lin qian,1
蛇行鼠步,she xing shu bu,1
设言托意,she yan tuo yi,1
设张举措,she zhang ju cuo,1
舍正从邪,she zheng cong xie,1
蛇珠雀环,she zhu que huan,1
神安气定,shen an qi ding,1
神不主体,shen bu zhu ti,1
神彩飞扬,shen cai fei yang,1
神采焕然,shen cai huan ran,1
神彩奕奕,shen cai yi yi,1
深藏远遁,shen cang yuan dun,1
深仇积恨,shen chou ji hen,1
神出鬼行,shen chu gui xing,1
伸大拇哥,shen da mu ge,1
申旦达夕,shen dan da xi,1
神动色飞,shen dong se fei,1
深恶痛诋,shen e tong di,1
深恶痛恨,shen e tong hen,1
慎防杜渐,shen fang du jian,1
神飞色动,shen fei se dong,1
身分不明,shen fen bu ming,1
神分志夺,shen fen zhi duo,1
深孚众望,shen fu zhong wang,1
神工妙力,shen gong miao li,1
神功巧匠,shen gong qiao jiang,1
深沟高壁,shen gou gao bi,1
深沟坚壁,shen gou jian bi,1
深沟坚垒,shen gou jian lei,1
伸钩索铁,shen gou suo tie,1
身后识方,shen hou shi fang,1
神会心契,shen hui xin qi,1
神魂荡扬,shen hun dang yang,1
神魂撩乱,shen hun liao luan,1
神魂失据,shen hun shi ju,1
神昏意乱,shen hun yi luan,1
深稽博考,shen ji bo kao,1
神骥出枥,shen ji chu li,1
神机妙策,shen ji miao ce,1
神机妙术,shen ji miao shu,1
神机妙用,shen ji miao yong,1
神机莫测,shen ji mo ce,1
身价倍增,shen jia bei zeng,1
身将就木,shen jiang jiu mu,1
神交已久,shen jiao yi jiu,1
神惊鬼怕,shen jing gui pa,1
神籁自韵,shen lai zi yun,1
神劳形瘁,shen lao xing cui,1
神龙失势,shen long shi shi,1
蜃楼山市,shen lou shan shi,1
深虑远议,shen lv yuan yi,1
伸眉吐气,shen mei tu qi,1
神谋妙策,shen mou miao ce,1
神谋妙算,shen mou miao suan,1
深谋远猷,shen mou yuan you,1
神目如电,shen mu ru dian,1
神怒鬼怨,shen nu gui yuan,1
神怒民痛,shen nu min tong,1
神怒民怨,shen nu min yuan,1
神怒人弃,shen nu ren qi,1
神怒天诛,shen nu tian zhu,1
神女生涯,shen nv sheng ya,1
身贫如洗,shen pin ru xi,1
神气自若,shen qi zi ruo,1
神枪手,shen qiang shou,1
神清气全,shen qing qi quan,1
神清气正,shen qing qi zheng,1
身轻体健,shen qing ti jian,1
神人共悦,shen ren gong yue,1
神人鉴知,shen ren jian zhi,1
身入其境,shen ru qi jing,1
深入细致,shen ru xi zhi,1
神色不挠,shen se bu nao,1
神色怡然,shen se yi ran,1
神色自得,shen se zi de,1
神色自如,shen se zi ru,1
深山大泽,shen shan da ze,1
审慎从事,shen shen cong shi,1
审慎行事,shen shen xing shi,1
莘莘学子,shen shen xue zi,1
审时定势,shen shi ding shi,1
深识远虑,shen shi yuan lv,1
伸手不见,shen shou bu jian,1
身首分离,shen shou fen li,1
神术妙策,shen shu miao ce,1
神术妙法,shen shu miao fa,1
深思极虑,shen si ji lv,1
身死名辱,shen si ming ru,1
神算妙计,shen suan miao ji,1
神态自若,shen tai zi ruo,1
神荼郁垒,shen tu yu lei,1
深图远虑,shen tu yuan lv,1
神完守固,shen wan shou gu,1
神往心醉,shen wang xin zui,1
深文奥义,shen wen ao yi,1
深文罗织,shen wen luo zhi,1
深文巧劾,shen wen qiao he,1
神仙中人不易得,shen xian zhong ren bu yi de,1
身心健康,shen xin jian kang,1
慎言慎行,shen yan shen xing,1
神摇魂荡,shen yao hun dang,1
神摇目眩,shen yao mu xuan,1
神怡心醉,shen yi xin zui,1
什一之利,shen yi zhi li,1
深渊薄冰,shen yuan bo bing,1
身在林泉,shen zai lin quan,1
神憎鬼厌,shen zeng gui yan,1
神智不清,shen zhi bu qing,1
神志不清,shen zhi bu qing,1
慎终如初,shen zhong ru chu,1
慎终若始,shen zhong ruo shi,1
慎终思远,shen zhong si yuan,1
神州华胄,shen zhou hua zhou,1
深自砥砺,shen zi di li,1
身自为之,shen zi wei zhi,1
胜败乃兵,sheng bai nai bing,1
生别死离,sheng bie si li,1
生不逢场,sheng bu feng chang,1
生不如死,sheng bu ru si,1
盛不忘衰,sheng bu wang shuai,1
生炒热卖,sheng chao re mai,1
升沉荣辱,sheng chen rong ru,1
省吃节用,sheng chi jie yong,1
声驰千里,sheng chi qian li,1
省吃细用,sheng chi xi yong,1
生旦净丑,sheng dan jing chou,1
盛德不泯,sheng de bu min,1
盛德遗范,sheng de yi fan,1
升斗小民,sheng dou xiao min,1
胜读十年,sheng du shi nian,1
生夺硬抢,sheng duo ying qiang,1
生儿育女,sheng er yu nv,1
生非作歹,sheng fei zuo dai,1
生佛万家,sheng fo wan jia,1
胜负兵家,sheng fu bing jia,1
升高自下,sheng gao zi xia,1
生功止过,sheng gong zhi guo,1
生花妙语,sheng hua miao yu,1
声华行实,sheng hua xing shi,1
生机盎然,sheng ji ang ran,1
生聚教养,sheng ju jiao yang,1
绳捆索绑,sheng kun suo bang,1
生拉活扯,sheng la huo che,1
生拉硬拽,sheng la ying zhuai,1
生来死去,sheng lai si qu,1
声泪俱发,sheng lei ju fa,1
生力军,sheng li jun,1
生离死绝,sheng li si jue,1
生龙活现,sheng long huo xian,1
声名大噪,sheng ming da zao,1
声名赫奕,sheng ming he yi,1
声名烜赫,sheng ming hui he,1
声名藉甚,sheng ming jie shen,1
声名鹊起,sheng ming que qi,1
生男育女,sheng nan yu nv,1
生拼硬凑,sheng pin ying cou,1
盛气临人,sheng qi lin ren,1
省愆寡过,sheng qian gua guo,1
绳愆纠违,sheng qian jiu wei,1
升迁荣辱,sheng qian rong ru,1
生擒活拿,sheng qin huo na,1
生擒活捉,sheng qin huo zhuo,1
生情见景,sheng qing jian jing,1
生人涂炭,sheng ren tu tan,1
圣人忘情,sheng ren wang qing,1
胜人一筹,sheng ren yi chou,1
生荣没哀,sheng rong mei ai,1
生荣亡哀,sheng rong wang ai,1
生肉枯骨,sheng rou ku gu,1
声入心通,sheng ru xin tong,1
剩蕊残葩,sheng rui can pa,1
生桑之梦,sheng sang zhi meng,1
声色并厉,sheng se bing li,1
声色不动,sheng se bu dong,1
生杀之权,sheng sha zhi quan,1
生上起下,sheng shang qi xia,1
声生势长,sheng sheng shi chang,1
声势赫奕,sheng shi he yi,1
声势烜赫,sheng shi hui he,1
省事宁人,sheng shi ning ren,1
生事扰民,sheng shi rao min,1
生事微渺,sheng shi wei miao,1
声势汹汹,sheng shi xiong xiong,1
声势熏灼,sheng shi xun zhuo,1
生手生脚,sheng shou sheng jiao,1
盛暑祁寒,sheng shu qi han,1
绳枢之士,sheng shu zhi shi,1
绳枢之子,sheng shu zhi zi,1
盛衰利害,sheng shuai li hai,1
盛衰相乘,sheng shuai xiang cheng,1
生死不易,sheng si bu yi,1
生死长夜,sheng si chang ye,1
生死骨肉,sheng si gu rou,1
生死苦海,sheng si ku hai,1
生死轮回,sheng si lun hui,1
生死荣辱,sheng si rong ru,1
生死无贰,sheng si wu er,1
生死永别,sheng si yong bie,1
生死有命,sheng si you ming,1
生死醉梦,sheng si zui meng,1
剩汤腊水,sheng tang la shui,1
升天入地,sheng tian ru di,1
生吞活夺,sheng tun huo duo,1
声吞气忍,sheng tun qi ren,1
声闻过实,sheng wen guo shi,1
生我劬劳,sheng wo qu lao,1
生息蕃庶,sheng xi fan shu,1
绳先启后,sheng xian qi hou,1
声销迹灭,sheng xiao ji mie,1
省刑薄敛,sheng xing bo lian,1
盛筵易散,sheng yan yi san,1
生妖作怪,sheng yao zuo guai,1
生意盎然,sheng yi ang ran,1
省役薄赋,sheng yi bo fu,1
绳一戒百,sheng yi jie bai,1
省衣节食,sheng yi jie shi,1
省用足财,sheng yong zu cai,1
省油灯,sheng you deng,1
声誉大振,sheng yu da zhen,1
省欲去奢,sheng yu qu she,1
声誉十倍,sheng yu shi bei,1
生于忧患,sheng yu you huan,1
声张势厉,sheng zhang shi li,1
生知安行,sheng zhi an xing,1
生拽活拖,sheng zhuai huo tuo,1
生子当如,sheng zi dang ru,1
视白成黑,shi bai cheng hei,1
失败乃成功之母,shi bai nai cheng gong zhi mu,1
使绊子,shi ban zi,1
实报实销,shi bao shi xiao,1
蚀本生意,shi ben sheng yi,1
士别三日当刮目相看,shi bie san ri dang gua mu xiang kan,1
誓不罢休,shi bu ba xiu,1
势不并立,shi bu bing li,1
室不崇坛,shi bu chong tan,1
食不糊口,shi bu hu kou,1
十步九回,shi bu jiu hui,1
时不可逢,shi bu ke feng,1
势不可为,shi bu ke wei,1
势不两全,shi bu liang quan,1
食不念饱,shi bu nian bao,1
食不求饱,shi bu qiu bao,1
势不容缓,shi bu rong huan,1
施不望报,shi bu wang bao,1
十步之内必有芳草,shi bu zhi nei bi you fang cao,1
恃才放旷,shi cai fang kuang,1
恃才矜己,shi cai jin ji,1
试才录用,shi cai lu yong,1
恃才扬己,shi cai yang ji,1
史策丹心,shi ce dan xin,1
释车下走,shi che xia zou,1
石崇斗奢,shi chong dou she,1
事出不意,shi chu bu yi,1
事出意外,shi chu yi wai,1
诗词歌赋,shi ci ge fu,1
饰词矫情,shi ci jiao qing,1
实打实,shi da shi,1
识大体,shi da ti,1
世代簪缨,shi dai zan ying,1
施丹傅粉,shi dan fu fen,1
食淡衣粗,shi dan yi cu,1
十荡十决,shi dang shi jue,1
世道浇漓,shi dao jiao li,1
舐犊之念,shi du zhi nian,1
舐犊之私,shi du zhi si,1
时断时续,shi duan shi xu,1
识多才广,shi duo cai guang,1
施恩布德,shi en bu de,1
市恩嫁怨,shi en jia yuan,1
施恩望报,shi en wang bao,1
十二道金牌,shi er dao jin pai,1
失而复得,shi er fu de,1
视而弗见,shi er fu jian,1
豕而负涂,shi er fu tu,1
识二五而,shi er wu er,1
是非不分,shi fei bu fen,1
是非混淆,shi fei hun xiao,1
是非轻重,shi fei qing zhong,1
是非人我,shi fei ren wo,1
饰非掩丑,shi fei yan chou,1
是非之地,shi fei zhi di,1
使功不如,shi gong bu ru,1
食骨在喉,shi gu zai hou,1
事关重大,shi guan zhong da,1
时光似箭,shi guang si jian,1
狮虎当道,shi hu dang dao,1
实话实说,shi hua shi shuo,1
事急无君,shi ji wu jun,1
十家锅灶,shi jia guo zao,1
矢尽兵穷,shi jin bing qiong,1
识荆恨晚,shi jing hen wan,1
使酒仗气,shi jiu zhang qi,1
尸鸠之仁,shi jiu zhi ren,1
矢口猖言,shi kou chang yan,1
石枯松老,shi ku song lao,1
师老民困,shi lao min kun,1
诗礼发冢,shi li fa zhong,1
尸利素餐,shi li su can,1
矢力同心,shi li tong xin,1
十里无真,shi li wu zhen,1
势利眼,shi li yan,1
势力之交,shi li zhi jiao,1
始料所及,shi liao suo ji,1
失林之鸟,shi lin zhi niao,1
尸禄害政,shi lu hai zheng,1
世路荣枯,shi lu rong ku,1
尸禄素食,shi lu su shi,1
失马亡羊,shi ma wang yang,1
识昧高卑,shi mei gao bei,1
使民以时,shi min yi shi,1
十磨九难,shi mo jiu nan,1
施谋设计,shi mou she ji,1
施谋用计,shi mou yong ji,1
施谋用智,shi mou yong zhi,1
拭目而观,shi mu er guan,1
拭目倾耳,shi mu qing er,1
拭目以观,shi mu yi guan,1
十拿十稳,shi na shi wen,1
仕女班头,shi nv ban tou,1
屎盆子,shi pen zi,1
诗朋酒侪,shi peng jiu chai,1
使枪弄棒,shi qiang nong bang,1
恃强欺弱,shi qiang qi ruo,1
恃强倚宠,shi qiang yi chong,1
恃强争霸,shi qiang zheng ba,1
十清九浊,shi qing jiu zhuo,1
世情如纸,shi qing ru zhi,1
势穷力尽,shi qiong li jin,1
十全大补,shi quan da bu,1
施仁布恩,shi ren bu en,1
施仁布泽,shi ren bu ze,1
世人皆知,shi ren jie zhi,1
视人犹芥,shi ren you jie,1
视如拱璧,shi ru gong bi,1
矢如雨集,shi ru yu ji,1
矢如雨下,shi ru yu xia,1
士绅名流,shi shen ming liu,1
失神丧魄,shi shen sang po,1
世世代代,shi shi dai dai,1
世事纷扰,shi shi fen rao,1
时时刻刻,shi shi ke ke,1
世世生生,shi shi sheng sheng,1
事实胜于,shi shi sheng yu,1
识时务者,shi shi wu zhe,1
实实在在,shi shi zai zai,1
时势造英,shi shi zao ying,1
矢石之间,shi shi zhi jian,1
十室之邑,shi shi zhi yi,1
诗书礼乐,shi shu li yue,1
十鼠争穴,shi shu zheng xue,1
誓死不从,shi si bu cong,1
矢死不二,shi si bu er,1
矢死无贰,shi si wu er,1
时谈物议,shi tan wu yi,1
时通运泰,shi tong yun tai,1
石投大海,shi tou da hai,1
十万八千,shi wan ba qian,1
尸位病民,shi wei bing min,1
视为等闲,shi wei deng xian,1
视为寇仇,shi wei kou chou,1
狮威胜虎,shi wei sheng hu,1
视微知着,shi wei zhi zhe,1
识微知着,shi wei zhi zhe,1
事无不可,shi wu bu ke,1
誓无二心,shi wu er xin,1
誓无二志,shi wu er zhi,1
十五个吊桶七上八下,shi wu ge diao tong qi shang ba xia,1
食无求饱,shi wu qiu bao,1
矢无虚发,shi wu xu fa,1
矢下如雨,shi xia ru yu,1
矢心不二,shi xin bu er,1
实心眼,shi xin yan,1
诗以道志,shi yi dao zhi,1
时隐时现,shi yin shi xian,1
视有如无,shi you ru wu,1
视有若无,shi you ruo wu,1
史鱼秉直,shi yu bing zhi,1
史鱼历节,shi yu li jie,1
势欲熏心,shi yu xun xin,1
市怨结祸,shi yuan jie huo,1
十月怀胎,shi yue huai tai,1
矢在弦上不得不发,shi zai xian shang bu de bu fa,1
矢志不屈,shi zhi bu qu,1
矢志不摇,shi zhi bu yao,1
侍执巾栉,shi zhi jin zhi,1
矢志捐躯,shi zhi juan qu,1
噬指弃薪,shi zhi qi xin,1
食之无味,shi zhi wu wei,1
十指有长,shi zhi you chang,1
食指众多,shi zhi zhong duo,1
始终一贯,shi zhong yi guan,1
施朱傅粉,shi zhu fu fen,1
十字打开,shi zi da kai,1
失足落水,shi zu luo shui,1
收兵回营,shou bing hui ying,1
手不辍卷,shou bu chuo juan,1
首唱义兵,shou chang yi bing,1
首倡义举,shou chang yi ju,1
首唱义举,shou chang yi ju,1
守法奉公,shou fa feng gong,1
瘦骨棱棱,shou gu leng leng,1
瘦骨穷骸,shou gu qiong hai,1
收合余烬,shou he yu jin,1
手滑心慈,shou hua xin ci,1
手慌脚乱,shou huang jiao luan,1
手慌脚忙,shou huang jiao mang,1
受夹板气,shou jia ban qi,1
受夹板罪,shou jia ban zui,1
守节不回,shou jie bu hui,1
守经据古,shou jing ju gu,1
寿陵匍匐,shou ling pu fu,1
收买人心,shou mai ren xin,1
受怕担惊,shou pa dan jing,1
手帕姊妹,shou pa zi mei,1
手起刀落,shou qi dao luo,1
首丘夙愿,shou qiu su yuan,1
首丘之念,shou qiu zhi nian,1
首丘之思,shou qiu zhi si,1
首丘之望,shou qiu zhi wang,1
首如飞蓬,shou ru fei peng,1
守身若玉,shou shen ruo yu,1
收视返听,shou shi fan ting,1
授手援溺,shou shou yuan ni,1
首鼠模棱,shou shu mo leng,1
守死善道,shou si shan dao,1
瘦童羸马,shou tong lei ma,1
手头不便,shou tou bu bian,1
首尾不顾,shou wei bu gu,1
首尾乖互,shou wei guai hu,1
首尾贯通,shou wei guan tong,1
首尾夹攻,shou wei jia gong,1
首尾狼狈,shou wei lang bei,1
首尾受敌,shou wei shou di,1
首尾相赴,shou wei xiang fu,1
首尾相救,shou wei xiang jiu,1
手无缚鸡,shou wu fu ji,1
守约施博,shou yue shi bo,1
首战告捷,shou zhan gao jie,1
守着鼻子,shou zhe bi zi,1
守正不移,shou zheng bu yi,1
手指脚划,shou zhi jiao hua,1
授职惟贤,shou zhi wei xian,1
受之无愧,shou zhi wu kui,1
受之有愧,shou zhi you kui,1
售胝足之,shou zhi zu zhi,1
守株缘木,shou zhu yuan mu,1
蜀鄙二僧,shu bi er seng,1
束帛加璧,shu bo jia bi,1
恕不奉陪,shu bu feng pei,1
疏不谋亲,shu bu mou qin,1
疏财尚气,shu cai shang qi,1
鼠撺狼奔,shu cuan lang ben,1
书呆子,shu dai zi,1
疏宕不拘,shu dang bu ju,1
蜀得其龙,shu de qi long,1
熟读精思,shu du jing si,1
殊方异类,shu fang yi lei,1
书富五车,shu fu wu che,1
书符咒水,shu fu zhou shui,1
树高千丈,shu gao qian zhang,1
殊功劲节,shu gong jin jie,1
树功立业,shu gong li ye,1
输攻墨守,shu gong mo shou,1
树功扬名,shu gong yang ming,1
裋褐不完,shu he bu wan,1
曙后孤星,shu hou gu xing,1
疏忽大意,shu hu da yi,1
疏忽职守,shu hu zhi shou,1
鼠技虎名,shu ji hu ming,1
恕己及人,shu ji ji ren,1
恕己及物,shu ji ji wu,1
书记翩翩,shu ji pian pian,1
蜀贾卖药,shu jia mai yao,1
书剑飘零,shu jian piao ling,1
舒筋活络,shu jin huo luo,1
数九寒天,shu jiu han tian,1
倏来忽往,shu lai hu wang,1
黍离之悲,shu li zhi bei,1
疏谋少略,shu mou shao lue,1
数奇不偶,shu qi bu ou,1
数奇命蹇,shu qi ming jian,1
疏亲慢友,shu qin man you,1
书缺简脱,shu que jian tuo,1
熟人熟事,shu ren shu shi,1
束身修行,shu shen xiu xing,1
熟视不睹,shu shi bu du,1
蔬食布衣,shu shi bu yi,1
疏食饮水,shu shi yin shui,1
束手就死,shu shou jiu si,1
束手受戮,shu shou shou lu,1
舒舒服服,shu shu fu fu,1
疏疏朗朗,shu shu lang lang,1
舒舒坦坦,shu shu tan tan,1
疏水箪瓢,shu shui dan piao,1
菽水之欢,shu shui zhi huan,1
殊途同会,shu tu tong hui,1
殊途同致,shu tu tong zhi,1
殊途一致,shu tu yi zhi,1
恕我冒昧,shu wo mao mei,1
书香铜臭,shu xiang tong chou,1
鉥心刳形,shu xin ku xing,1
殊形怪状,shu xing guai zhuang,1
殊形诡色,shu xing gui se,1
殊形诡制,shu xing gui zhi,1
殊勋茂绩,shu xun mao ji,1
熟羊胛,shu yang jia,1
疏慵愚钝,shu yong yu dun,1
树犹如此,shu you ru ci,1
淑质贞亮,shu zhi zhen liang,1
摅忠报国,shu zhong bao guo,1
蜀中无大,shu zhong wu da,1
竖子不足,shu zi bu zu,1
殊滋异味,shu zi yi wei,1
数罪并罚,shu zui bing fa,1
耍笔杆子,shua bi gan zi,1
耍花枪,shua hua qiang,1
耍滑头,shua hua tou,1
耍两面派,shua liang mian pai,1
耍贫嘴,shua pin zui,1
耍手腕,shua shou wan,1
耍心眼儿,shua xin yan er,1
衰季之风,shuai ji zhi feng,1
双豆塞耳,shuang dou sai er,1
双斧伐孤,shuang fu fa gu,1
霜露之疾,shuang lu zhi ji,1
双拳不敌,shuang quan bu di,1
爽爽快快,shuang shuang kuai kuai,1
水波不兴,shui bo bu xing,1
睡长梦多,shui chang meng duo,1
水大鱼多,shui da yu duo,1
水覆难收,shui fu nan shou,1
水光接天,shui guang jie tian,1
水火不相,shui huo bu xiang,1
水火相济,shui huo xiang ji,1
水浆不入,shui jiang bu ru,1
水陆俱备,shui lu ju bei,1
水绿山青,shui lv shan qing,1
水满则溢,shui man ze yi,1
水能载舟亦能覆舟,shui neng zai zhou yi neng fu zhou,1
水牛过河,shui niu guo he,1
水泼不进,shui po bu jin,1
水乳之契,shui ru zhi qi,1
睡生梦死,shui sheng meng si,1
水送山迎,shui song shan ying,1
水性随邪,shui xing sui xie,1
睡眼朦胧,shui yan meng long,1
睡意朦胧,shui yi meng long,1
水月镜像,shui yue jing xiang,1
水则载舟,shui ze zai zhou,1
水中着盐,shui zhong zhe yan,1
顺从其美,shun cong qi mei,1
顺德者吉,shun de zhe ji,1
顺风扯旗,shun feng che qi,1
顺口溜,shun kou liu,1
顺口谈天,shun kou tan tian,1
顺人者昌,shun ren zhe chang,1
顺时施宜,shun shi shi yi,1
顺顺当当,shun shun dang dang,1
顺天恤民,shun tian xu min,1
顺天应命,shun tian ying ming,1
瞬息千变,shun xi qian bian,1
瞬息万状,shun xi wan zhuang,1
吮痈噬痔,shun yong shi zhi,1
说不过去,shuo bu guo qu,1
说大话,shuo da hua,1
说到做到,shuo dao zuo dao,1
说得轻巧,shuo de qing qiao,1
说东忘西,shuo dong wang xi,1
说风说水,shuo feng shuo shui,1
说谎调皮,shuo huang diao pi,1
说家克计,shuo jia ke ji,1
说来道去,shuo lai dao qu,1
说七说八,shuo qi shuo ba,1
搠枪使棒,shuo qiang shi bang,1
说说而已,shuo shuo er yi,1
说说笑笑,shuo shuo xiao xiao,1
说死说活,shuo si shuo huo,1
说条念款,shuo tiao nian kuan,1
说咸道淡,shuo xian dao dan,1
硕彦名儒,shuo yan ming ru,1
说雨谈云,shuo yu tan yun,1
说嘴打嘴,shuo zui da zui,1
说嘴说舌,shuo zui shuo she,1
死搬硬套,si ban ying tao,1
死病无良,si bing wu liang,1
死不闭目,si bu bi mu,1
死不甘心,si bu gan xin,1
死不回头,si bu hui tou,1
死不开口,si bu kai kou,1
死不死活不活,si bu si huo bu huo,1
四不像,si bu xiang,1
死不要脸,si bu yao lian,1
死缠硬磨,si chan ying mo,1
私仇不及,si chou bu ji,1
死到临头,si dao lin tou,1
四德三从,si de san cong,1
死地求生,si di qiu sheng,1
死对头,si dui tou,1
私恩小惠,si en xiao hui,1
死而不悔,si er bu hui,1
死而复苏,si er fu su,1
死而后止,si er hou zhi,1
似非而是,si fei er shi,1
丝分缕解,si fen lv jie,1
丝分缕析,si fen lv xi,1
丝纷栉比,si fen zhi bi,1
思过半矣,si guo ban yi,1
四海承平,si hai cheng ping,1
丝毫不爽,si hao bu shuang,1
死胡同,si hu tong,1
死灰复燎,si hui fu liao,1
肆奸植党,si jian zhi dang,1
厮敬厮爱,si jing si ai,1
司空眼惯,si kong yan guan,1
死了张屠夫不吃混毛猪,si le zhang tu fu bu chi hun mao zhu,1
四邻八舍,si lin ba she,1
死路一条,si lu yi tiao,1
似梦初觉,si meng chu jue,1
四面碰壁,si mian peng bi,1
死脑瓜骨,si nao gua gu,1
死脑筋,si nao jin,1
思前虑后,si qian lv hou,1
思前算后,si qian suan hou,1
死轻鸿毛,si qing hong mao,1
私情密语,si qing mi yu,1
死日生年,si ri sheng nian,1
思若泉涌,si ruo quan yong,1
思若涌泉,si ruo yong quan,1
死伤相藉,si shang xiang jie,1
死伤相枕,si shang xiang zhen,1
死伤枕藉,si shang zhen jie,1
死生契阔,si sheng qi kuo,1
死生未卜,si sheng wei bo,1
四时气备,si shi qi bei,1
死说活说,si shuo huo shuo,1
死死平平,si si ping ping,1
斯文委地,si wen wei di,1
死无所名,si wu suo ming,1
死无葬身,si wu zang shen,1
丝析发解,si xi fa jie,1
四乡八镇,si xiang ba zhen,1
死相枕藉,si xiang zhen jie,1
私谐欢好,si xie huan hao,1
私心妄念,si xin wang nian,1
死心眼,si xin yan,1
死心眼儿,si xin yan er,1
私心自用,si xin zi yong,1
斯须之报,si xu zhi bao,1
私言切语,si yan qie yu,1
肆言如狂,si yan ru kuang,1
私盐私醋,si yan si cu,1
肆言无惮,si yan wu dan,1
肆言无忌,si yan wu ji,1
死要面子,si yao mian zi,1
死要面子活受罪,si yao mian zi huo shou zui,1
死也瞑目,si ye ming mu,1
死亦瞑目,si yi ming mu,1
肆意妄行,si yi wang xing,1
似玉如花,si yu ru hua,1
死者相枕,si zhe xiang zhen,1
私智小慧,si zhi xiao hui,1
丝竹八音,si zhu ba yin,1
丝竹之音,si zhu zhi yin,1
宋爱元,song ai yuan,1
耸动听闻,song dong ting wen,1
松风水月,song feng shui yue,1
送货上门,song huo shang men,1
送君千里,song jun qian li,1
竦然起敬,song ran qi jing,1
松松垮垮,song song kua kua,1
搜根问底,sou gen wen di,1
搜奇访古,sou qi fang gu,1
搜奇选妙,sou qi xuan miao,1
搜扬仄陋,sou yang ze lou,1
俗不堪耐,su bu kan nai,1
素绠银瓶,su geng yin ping,1
宿将旧卒,su jiang jiu zu,1
溯流从源,su liu cong yuan,1
素门凡流,su men fan liu,1
素面朝天,su mian chao tian,1
宿世冤家,su shi yuan jia,1
苏武牧羊,su wu mu yang,1
夙心往志,su xin wang zhi,1
夙夜不懈,su ye bu xie,1
夙夜梦寐,su ye meng mei,1
夙夜为谋,su ye wei mou,1
素衣化缁,su yi hua zi,1
算尽锱铢,suan jin zi zhu,1
酸眉醋眼,suan mei cu yan,1
算沙抟空,suan sha tuan kong,1
随波漂流,sui bo piao liu,1
随大流,sui da liu,1
岁寒知松,sui han zhi song,1
随侯之珠,sui hou zhi zhu,1
随机而变,sui ji er bian,1
岁朘月耗,sui juan yue hao,1
随口胡诌,sui kou hu zhou,1
随口乱说,sui kou luan shuo,1
随声逐响,sui sheng zhu xiang,1
随时度势,sui shi du shi,1
虽死犹荣,sui si you rong,1
随俗为变,sui su wei bian,1
随随便便,sui sui bian bian,1
虽休勿休,sui xiu wu xiu,1
随意一瞥,sui yi yi pie,1
岁月不待,sui yue bu dai,1
随者唱喁,sui zhe chang yong,1
损己利物,sun ji li wu,1
损人安己,sun ren an ji,1
缩成一团,suo cheng yi tuan,1
所到之处,suo dao zhi chu,1
索尽枯肠,suo jin ku chang,1
缩手旁观,suo shou pang guan,1
琐琐碎碎,suo suo sui sui,1
琐琐屑屑,suo suo xie xie,1
缩头缩脚,suo tou suo jiao,1
所图不轨,suo tu bu gui,1
缩屋称贞,suo wu cheng zhen,1
所向风靡,suo xiang feng mi,1
踏步不前,ta bu bu qian,1
踏破铁鞋无觅处得来全不费,ta po tie xie wu mi chu de lai quan bu fei,1
太上皇,tai shang huang,1
胎死腹中,tai si fu zhong,1
腾讯出品,teng xun chu pin,1
天下本无事庸人自扰,tian xia ben wu shi yong ren zi rao,1
天子门生,tian zi men sheng,1
挑挑拣拣,tiao tiao jian jian,1
挑挑剔剔,tiao tiao ti ti,1
挑字眼儿,tiao zi yan er,1
铁杵磨针,tie chu mo zhen,1
铁公鸡,tie gong ji,1
铁面鎗牙,tie mian cheng ya,1
铁腕人物,tie wan ren wu,1
痛可言邪,tong ke yan xie,1
童男童女,tong nan tong nv,1
同是天涯沦落人,tong shi tian ya lun luo ren,1
统一口径,tong yi kou jing,1
头上着头,tou shang zhe tou,1
土包子,tu bao zi,1
土里土气,tu li tu qi,1
土头土脑,tu tou tu nao,1
讬凤攀龙,tuo feng pan long,1
讬公报私,tuo gong bao si,1
讬公行私,tuo gong xing si,1
讬骥之蝇,tuo ji zhi ying,1
拖拖拉拉,tuo tuo la la,1
拖拖沓沓,tuo tuo ta ta,1
讬物陈喻,tuo wu chen yu,1
讬物感怀,tuo wu gan huai,1
讬物连类,tuo wu lian lei,1
讬物引类,tuo wu yin lei,1
讬物寓感,tuo wu yu gan,1
讬物寓兴,tuo wu yu xing,1
讬于空言,tuo yu kong yan,1
讬之空言,tuo zhi kong yan,1
讬诸空言,tuo zhu kong yan,1
挖墙脚,wa qiang jiao,1
玩弄词藻,wan nong ci zao,1
万事如意,wan shi ru yi,1
弯弯曲曲,wan wan qu qu,1
王松旭,wang song xu,1
尾巴难藏,wei ba nan cang,1
为时过早,wei shi guo zao,1
为万安计,wei wan an ji,1
微为繁富,wei wei fan fu,1
未与人接,wei yu ren jie,1
稳稳当当,wen wen dang dang,1
窝窝囊囊,wo wo nang nang,1
喔咿儒儿,wo yi ru er,1
喔咿儒睨,wo yi ru ni,1
无本生意,wu ben sheng yi,1
五彩斑斓,wu cai ban lan,1
无耻下流,wu chi xia liu,1
无底洞,wu di dong,1
无恒安息,wu heng an xi,1
无疾而终,wu ji er zhong,1
无使滋蔓,wu shi zi man,1
细高挑儿,xi gao tiao er,1
细嚼慢咽,xi jiao man yan,1
夕惕朝干,xi ti chao gan,1
嘻嘻哈哈,xi xi ha ha,1
稀稀拉拉,xi xi la la,1
遐迩着闻,xia er zhe wen,1
下临无地,xia lin wu di,1
先代所美,xian dai suo mei,1
先苦后甜,xian ku hou tian,1
小打小闹,xiao da xiao nao,1
笑骂从汝,xiao ma cong ru,1
小心眼儿,xiao xin yan er,1
心里有底,xin li you di,1
形势之途,xing shi zhi tu,1
秀外惠中,xiu wai hui zhong,1
羞羞答答,xiu xiu da da,1
虚构无端,xu gou wu duan,1
虚惊一场,xu jing yi chang,1
须髯若神,xu ran ruo shen,1
悬壶于市,xuan hu yu shi,1
玄香太守,xuan xiang tai shou,1
玄衣督邮,xuan yi du you,1
削发为僧,xue fa wei seng,1
雪中高士,xue zhong gao shi,1
寻短见,xun duan jian,1
熏腐之余,xun fu zhi yu,1
旬月之间,xun yue zhi jian,1
压寨夫人,ya zhai fu ren,1
眼观六路耳听八方,yan guan liu lu er ting ba fang,1
验明正身,yan ming zheng shen,1
言信行直,yan xin xing zhi,1
仰而赋诗,yang er fu shi,1
痒磨树者,yang mo shu zhe,1
洋相百出,yang xiang bai chu,1
杨晓璐,yang xiao lu,1
摇摆不定,yao bai bu ding,1
妖里妖气,yao li yao qi,1
夜长梦短,ye chang meng duan,1
夜光之璧,ye guang zhi bi,1
一把手,yi ba shou,1
一鞭先着,yi bian xian zhe,1
以长攻短,yi chang gong duan,1
以大欺小,yi da qi xiao,1
一肚子坏水,yi du zi huai shui,1
一饭三遗矢,yi fan san yi shi,1
遗风馀习,yi feng yu xi,1
一家之主,yi jia zhi zhu,1
以尽吾齿,yi jin wu chi,1
以利相倾,yi li xiang qing,1
一年一回,yi nian yi hui,1
以势压人,yi shi ya ren,1
一团糟,yi tuan zao,1
意外之财,yi wai zhi cai,1
一望无涯,yi wang wu ya,1
意望已过,yi wang yi guo,1
一无牵挂,yi wu qian gua,1
一线希望,yi xian xi wang,1
一心为公,yi xin wei gong,1
意兴阑珊,yi xing lan shan,1
以正视听,yi zheng shi ting,1
一掷干坤,yi zhi gan kun,1
一字不识,yi zi bu shi,1
引决自裁,yin jue zi cai,1
因其固然,yin qi gu ran,1
有翅难飞,you chi nan fei,1
有功之臣,you gong zhi chen,1
有口难开,you kou nan kai,1
有奶便是娘,you nai bian shi niang,1
有去无回,you qu wu hui,1
有影无踪,you ying wu zong,1
犹豫不定,you yu bu ding,1
迂夫子,yu fu zi,1
御驾亲征,yu jia qin zheng,1
愚民安知,yu min an zhi,1
舆人之诵,yu ren zhi song,1
远来的和尚好念经,yuan lai de he shang hao nian jing,1
占山为王,zhan shan wei wang,1
张会鹏,zhang hui peng,1
张家长李家短,zhang jia chang li jia duan,1
张靖,zhang jing,1
照单全收,zhao dan quan shou,1
召父杜母,zhao fu du mu,1
赵笑凤,zhao xiao feng,1
折本买卖,zhe ben mai mai,1
折臂三公,zhe bi san gong,1
遮风挡雨,zhe feng dang yu,1
着述等身,zhe shu deng shen,1
遮羞布,zhe xiu bu,1
着于竹帛,zhe yu zhu bo,1
着作等身,zhe zuo deng shen,1
针插不进水泼不进,zhen cha bu jin shui po bu jin,1
睁只眼闭只眼,zheng zhi yan bi zhi yan,1
纸笔喉舌,zhi bi hou she,1
执法犯法,zhi fa fan fa,1
直来直去,zhi lai zhi qu,1
重此抑彼,zhong ci yi bi,1
中看不中吃,zhong kan bu zhong chi,1
重增其放,zhong zeng qi fang,1
周瑜打黄盖,zhou yu da huang gai,1
猪八戒吃人参果全不知滋味,zhu ba jie chi ren can guo quan bu zhi zi wei,1
猪狗不如,zhu gou bu ru,1
助画方略,zhu hua fang lue,1
装门面,zhuang men mian,1
装穷叫苦,zhuang qiong jiao ku,1
装死卖活,zhuang si mai huo,1
缀辞之士,zhui ci zhi shi,1
捉鬼放鬼,zhuo gui fang gui,1
自产自销,zi chan zi xiao,1
自负盈亏,zi fu ying kui,1
自我欣赏,zi wo xin shang,1
自找麻烦,zi zhao ma fan,1
走回头路,zou hui tou lu,1
走漏风声,zou lou feng sheng,1
走着瞧,zou zhe qiao,1
罪恶昭着,zui e zhao zhe,1
嘴尖皮厚腹中空,zui jian pi hou fu zhong kong,1
最可觞客,zui ke shang ke,1
嘴上功夫,zui shang gong fu,1
罪上加罪,zui shang jia zui,1
嘴硬心软,zui ying xin ruan,1
葄枕图史,zuo zhen tu shi,1
