啊比,a bi,1
阿扁,a bian,1
啊不充实,a bu chong shi,1
啊不好办,a bu hao ban,1
啊不靠谱,a bu kao pu,1
啊不容易,a bu rong yi,1
啊不是,a bu shi,1
啊不应该,a bu ying gai,1
啊才,a cai,1
啊差不多,a cha bu duo,1
啊充电,a chong dian,1
啊春困,a chun kun,1
阿黛尔,a dai er,1
啊蛋糕,a dan gao,1
啊的,a de,1
啊动力,a dong li,1
啊恩,a en,1
阿尔卡特,a er ka te,1
阿凡,a fan,1
阿凡达,a fan da,1
阿凡达北京,a fan da bei jing,1
阿凡达的,a fan da de,1
阿凡达还要,a fan da hai yao,1
阿凡达很值得,a fan da hen zhi de,1
阿凡达加长版,a fan da jia chang ban,1
阿凡达就是,a fan da jiu shi,1
阿凡达看,a fan da kan,1
阿凡达看没有,a fan da kan mei you,1
阿凡达也,a fan da ye,1
热闹啊,re nao a,1
热闹呢,re nao ne,1
惹你,re ni,1
热牛奶,re niu nai,1
热牛奶比,re niu nai bi,1
热哦,re o,1
热盘,re pan,1
热盘使用,re pan shi yong,1
热起来,re qi lai,1
热起来了,re qi lai le,1
热情,re qing,1
热情才是,re qing cai shi,1
热情指导,re qing zhi dao,1
热情指点,re qing zhi dian,1
惹燃,re ran,1
热水,re shui,1
热水啊,re shui a,1
热水池,re shui chi,1
热水池泡,re shui chi pao,1
热水袋,re shui dai,1
热水还是,re shui hai shi,1
热水泡,re shui pao,1
热水泡一泡,re shui pao yi pao,1
热水器,re shui qi,1
热水挺好,re shui ting hao,1
热水澡,re shui zao,1
热水澡的,re shui zao de,1
热死,re si,1
热死了,re si le,1
热死我,re si wo,1
