你好,ni hao,100
世界,shi jie,95
中国,zhong guo,90
代码,dai ma,85
程序,cheng xu,80
开发,kai fa,75
测试,ce shi,70
部署,bu shu,65
运行,yun xing,60
调试,tiao shi,55
学习,xue xi,50
进步,jin bu,45
创造,chuang zao,40
创新,chuang xin,35
突破,po po,30
成长,cheng zhang,25
成功,cheng gong,20
失败,shi bai,15
挑战,tiao zhan,10
人工智能,ren gong zhi neng,8
